<!doctype html public "-//w3c//dtd html 4.0 transitional//en">
<html><head>
<title>Static Call Graph - [.\Objects\RA8D1_UDS.axf]</title></head>
<body><HR>
<H1>Static Call Graph for image .\Objects\RA8D1_UDS.axf</H1><HR>
<BR><P>#&#060CALLGRAPH&#062# ARM Linker, 6220000: Last Updated: Sun Oct 26 18:53:28 2025
<BR><P>
<H3>Maximum Stack Usage =        256 bytes + Unknown(Cycles, Untraceable Function Pointers)</H3><H3>
Call chain for Maximum Stack Depth:</H3>
SID_SA_SUBID_SK_Callback &rArr; AES_CBC_CMAC_EncryptData &rArr; AES_CMAC &rArr; aes_enc_dec
<P>
<H3>
Mutually Recursive functions
</H3> <LI><a href="#[7e]">bsp_prv_software_delay_loop</a>&nbsp;&nbsp;&nbsp;&rArr;&nbsp;&nbsp;&nbsp;<a href="#[7e]">bsp_prv_software_delay_loop</a><BR>
</UL>
<P>
<H3>
Function Pointers
</H3><UL>
 <LI><a href="#[4]">BusFault_Handler</a> from startup.o(.text.Default_Handler) referenced from startup.o(.fixed_vectors)
 <LI><a href="#[14]">DETFUN_BattVolHi</a> from detfun.o(.text.DETFUN_BattVolHi) referenced 7 times from dtc_mat.o(.rodata.OBD_DtcConfigTbl)
 <LI><a href="#[8]">DebugMon_Handler</a> from startup.o(.text.Default_Handler) referenced from startup.o(.fixed_vectors)
 <LI><a href="#[2]">HardFault_Handler</a> from startup.o(.text.Default_Handler) referenced from startup.o(.fixed_vectors)
 <LI><a href="#[3]">MemManage_Handler</a> from startup.o(.text.Default_Handler) referenced from startup.o(.fixed_vectors)
 <LI><a href="#[1]">NMI_Handler</a> from bsp_group_irq.o(.text.NMI_Handler) referenced from startup.o(.fixed_vectors)
 <LI><a href="#[9]">PendSV_Handler</a> from startup.o(.text.Default_Handler) referenced from startup.o(.fixed_vectors)
 <LI><a href="#[0]">Reset_Handler</a> from startup.o(.text.Reset_Handler) referenced from startup.o(.fixed_vectors)
 <LI><a href="#[20]">SID_CC_Analysis</a> from sid28_communicationcontrol.o(.text.SID_CC_Analysis) referenced from dcm_drvcfg.o(.rodata.Uds_Cfg_Info)
 <LI><a href="#[25]">SID_CC_SUBID_DRXETX_Callback</a> from sid28_communicationcontrolcfg.o(.text.SID_CC_SUBID_DRXETX_Callback) referenced 2 times from sid28_communicationcontrolcfg.o(.rodata.Uds_SID_CC)
 <LI><a href="#[26]">SID_CC_SUBID_DRXTX_Callback</a> from sid28_communicationcontrolcfg.o(.text.SID_CC_SUBID_DRXTX_Callback) referenced 2 times from sid28_communicationcontrolcfg.o(.rodata.Uds_SID_CC)
 <LI><a href="#[24]">SID_CC_SUBID_ERXDTX_Callback</a> from sid28_communicationcontrolcfg.o(.text.SID_CC_SUBID_ERXDTX_Callback) referenced 2 times from sid28_communicationcontrolcfg.o(.rodata.Uds_SID_CC)
 <LI><a href="#[23]">SID_CC_SUBID_ERXTX_Callback</a> from sid28_communicationcontrolcfg.o(.text.SID_CC_SUBID_ERXTX_Callback) referenced 2 times from sid28_communicationcontrolcfg.o(.rodata.Uds_SID_CC)
 <LI><a href="#[21]">SID_CDTCI_Analysis</a> from sid14_cleardiagnosticinformation.o(.text.SID_CDTCI_Analysis) referenced from dcm_drvcfg.o(.rodata.Uds_Cfg_Info)
 <LI><a href="#[27]">SID_CDTCI_GODTC_AG_Callback</a> from sid14_cleardiagnosticinformationcfg.o(.text.SID_CDTCI_GODTC_AG_Callback) referenced from sid14_cleardiagnosticinformationcfg.o(.rodata.Uds_SID_CDTCI)
 <LI><a href="#[1f]">SID_CDTCS_Analysis</a> from sid85_controldtcsetting.o(.text.SID_CDTCS_Analysis) referenced from dcm_drvcfg.o(.rodata.Uds_Cfg_Info)
 <LI><a href="#[29]">SID_CDTCS_SUBID_OFF_Callback</a> from sid85_controldtcsettingcfg.o(.text.SID_CDTCS_SUBID_OFF_Callback) referenced 2 times from sid85_controldtcsettingcfg.o(.rodata.Uds_SID_CDTCS)
 <LI><a href="#[28]">SID_CDTCS_SUBID_ON_Callback</a> from sid85_controldtcsettingcfg.o(.text.SID_CDTCS_SUBID_ON_Callback) referenced 2 times from sid85_controldtcsettingcfg.o(.rodata.Uds_SID_CDTCS)
 <LI><a href="#[15]">SID_DSC_Analysis</a> from sid10_diagnosticsessioncontrol.o(.text.SID_DSC_Analysis) referenced from dcm_drvcfg.o(.rodata.Uds_Cfg_Info)
 <LI><a href="#[2a]">SID_DSC_SUBID_DS_Callback</a> from sid10_diagnosticsessioncontrolcfg.o(.text.SID_DSC_SUBID_DS_Callback) referenced 2 times from sid10_diagnosticsessioncontrolcfg.o(.rodata.Uds_SID_DSC)
 <LI><a href="#[2c]">SID_DSC_SUBID_EXTDS_Callback</a> from sid10_diagnosticsessioncontrolcfg.o(.text.SID_DSC_SUBID_EXTDS_Callback) referenced 2 times from sid10_diagnosticsessioncontrolcfg.o(.rodata.Uds_SID_DSC)
 <LI><a href="#[2b]">SID_DSC_SUBID_PRGS_Callback</a> from sid10_diagnosticsessioncontrolcfg.o(.text.SID_DSC_SUBID_PRGS_Callback) referenced from sid10_diagnosticsessioncontrolcfg.o(.rodata.Uds_SID_DSC)
 <LI><a href="#[53]">SID_ECU_DID_4000_Callback</a> from sid22_readdatabyldentifiercfg.o(.text.SID_ECU_DID_4000_Callback) referenced from sid22_readdatabyldentifiercfg.o(.rodata.Uds_SID_RDBI)
 <LI><a href="#[54]">SID_ECU_DID_4100_Callback</a> from sid22_readdatabyldentifiercfg.o(.text.SID_ECU_DID_4100_Callback) referenced from sid22_readdatabyldentifiercfg.o(.rodata.Uds_SID_RDBI)
 <LI><a href="#[55]">SID_ECU_DID_5600_Callback</a> from sid22_readdatabyldentifiercfg.o(.text.SID_ECU_DID_5600_Callback) referenced from sid22_readdatabyldentifiercfg.o(.rodata.Uds_SID_RDBI)
 <LI><a href="#[56]">SID_ECU_DID_5601_Callback</a> from sid22_readdatabyldentifiercfg.o(.text.SID_ECU_DID_5601_Callback) referenced from sid22_readdatabyldentifiercfg.o(.rodata.Uds_SID_RDBI)
 <LI><a href="#[57]">SID_ECU_DID_5602_Callback</a> from sid22_readdatabyldentifiercfg.o(.text.SID_ECU_DID_5602_Callback) referenced from sid22_readdatabyldentifiercfg.o(.rodata.Uds_SID_RDBI)
 <LI><a href="#[58]">SID_ECU_DID_5604_Callback</a> from sid22_readdatabyldentifiercfg.o(.text.SID_ECU_DID_5604_Callback) referenced from sid22_readdatabyldentifiercfg.o(.rodata.Uds_SID_RDBI)
 <LI><a href="#[59]">SID_ECU_DID_560B_Callback</a> from sid22_readdatabyldentifiercfg.o(.text.SID_ECU_DID_560B_Callback) referenced from sid22_readdatabyldentifiercfg.o(.rodata.Uds_SID_RDBI)
 <LI><a href="#[5a]">SID_ECU_DID_560C_Callback</a> from sid22_readdatabyldentifiercfg.o(.text.SID_ECU_DID_560C_Callback) referenced from sid22_readdatabyldentifiercfg.o(.rodata.Uds_SID_RDBI)
 <LI><a href="#[5b]">SID_ECU_DID_560D_Callback</a> from sid22_readdatabyldentifiercfg.o(.text.SID_ECU_DID_560D_Callback) referenced from sid22_readdatabyldentifiercfg.o(.rodata.Uds_SID_RDBI)
 <LI><a href="#[5c]">SID_ECU_DID_560E_Callback</a> from sid22_readdatabyldentifiercfg.o(.text.SID_ECU_DID_560E_Callback) referenced from sid22_readdatabyldentifiercfg.o(.rodata.Uds_SID_RDBI)
 <LI><a href="#[5d]">SID_ECU_DID_560F_Callback</a> from sid22_readdatabyldentifiercfg.o(.text.SID_ECU_DID_560F_Callback) referenced from sid22_readdatabyldentifiercfg.o(.rodata.Uds_SID_RDBI)
 <LI><a href="#[16]">SID_ER_Analysis</a> from sid11_ecureset.o(.text.SID_ER_Analysis) referenced from dcm_drvcfg.o(.rodata.Uds_Cfg_Info)
 <LI><a href="#[2d]">SID_ER_SUBID_HR_Callback</a> from sid11_ecuresetcfg.o(.text.SID_ER_SUBID_HR_Callback) referenced from sid11_ecuresetcfg.o(.rodata.Uds_SID_ER)
 <LI><a href="#[2e]">SID_ER_SUBID_KeyR_Callback</a> from sid11_ecuresetcfg.o(.text.SID_ER_SUBID_KeyR_Callback) referenced from sid11_ecuresetcfg.o(.rodata.Uds_SID_ER)
 <LI><a href="#[2f]">SID_ER_SUBID_SR_Callback</a> from sid11_ecuresetcfg.o(.text.SID_ER_SUBID_SR_Callback) referenced from sid11_ecuresetcfg.o(.rodata.Uds_SID_ER)
 <LI><a href="#[1b]">SID_RC_Analysis</a> from sid31_routinecontrol.o(.text.SID_RC_Analysis) referenced from dcm_drvcfg.o(.rodata.Uds_Cfg_Info)
 <LI><a href="#[32]">SID_RC_SUBID_RRR_Callback</a> from sid31_routinecontrolcfg.o(.text.SID_RC_SUBID_RRR_Callback) referenced from sid31_routinecontrolcfg.o(.rodata.Uds_SID_RC)
 <LI><a href="#[31]">SID_RC_SUBID_STPR_Callback</a> from sid31_routinecontrolcfg.o(.text.SID_RC_SUBID_STPR_Callback) referenced from sid31_routinecontrolcfg.o(.rodata.Uds_SID_RC)
 <LI><a href="#[30]">SID_RC_SUBID_STR_Callback</a> from sid31_routinecontrolcfg.o(.text.SID_RC_SUBID_STR_Callback) referenced from sid31_routinecontrolcfg.o(.rodata.Uds_SID_RC)
 <LI><a href="#[19]">SID_RDBI_Analysis</a> from sid22_readdatabyldentifier.o(.text.SID_RDBI_Analysis) referenced from dcm_drvcfg.o(.rodata.Uds_Cfg_Info)
 <LI><a href="#[50]">SID_RDBI_DID_D008_Callback</a> from sid22_readdatabyldentifiercfg.o(.text.SID_RDBI_DID_D008_Callback) referenced from sid22_readdatabyldentifiercfg.o(.rodata.Uds_SID_RDBI)
 <LI><a href="#[42]">SID_RDBI_DID_F011_Callback</a> from sid22_readdatabyldentifiercfg.o(.text.SID_RDBI_DID_F011_Callback) referenced from sid22_readdatabyldentifiercfg.o(.rodata.Uds_SID_RDBI)
 <LI><a href="#[3b]">SID_RDBI_DID_F013_Callback</a> from sid22_readdatabyldentifiercfg.o(.text.SID_RDBI_DID_F013_Callback) referenced from sid22_readdatabyldentifiercfg.o(.rodata.Uds_SID_RDBI)
 <LI><a href="#[35]">SID_RDBI_DID_F031_Callback</a> from sid22_readdatabyldentifiercfg.o(.text.SID_RDBI_DID_F031_Callback) referenced from sid22_readdatabyldentifiercfg.o(.rodata.Uds_SID_RDBI)
 <LI><a href="#[33]">SID_RDBI_DID_F032_Callback</a> from sid22_readdatabyldentifiercfg.o(.text.SID_RDBI_DID_F032_Callback) referenced from sid22_readdatabyldentifiercfg.o(.rodata.Uds_SID_RDBI)
 <LI><a href="#[3a]">SID_RDBI_DID_F089_Callback</a> from sid22_readdatabyldentifiercfg.o(.text.SID_RDBI_DID_F089_Callback) referenced from sid22_readdatabyldentifiercfg.o(.rodata.Uds_SID_RDBI)
 <LI><a href="#[3c]">SID_RDBI_DID_F090_Callback</a> from sid22_readdatabyldentifiercfg.o(.text.SID_RDBI_DID_F090_Callback) referenced from sid22_readdatabyldentifiercfg.o(.rodata.Uds_SID_RDBI)
 <LI><a href="#[48]">SID_RDBI_DID_F091_Callback</a> from sid22_readdatabyldentifiercfg.o(.text.SID_RDBI_DID_F091_Callback) referenced from sid22_readdatabyldentifiercfg.o(.rodata.Uds_SID_RDBI)
 <LI><a href="#[43]">SID_RDBI_DID_F0F0_Callback</a> from sid22_readdatabyldentifiercfg.o(.text.SID_RDBI_DID_F0F0_Callback) referenced from sid22_readdatabyldentifiercfg.o(.rodata.Uds_SID_RDBI)
 <LI><a href="#[45]">SID_RDBI_DID_F0F1_Callback</a> from sid22_readdatabyldentifiercfg.o(.text.SID_RDBI_DID_F0F1_Callback) referenced from sid22_readdatabyldentifiercfg.o(.rodata.Uds_SID_RDBI)
 <LI><a href="#[44]">SID_RDBI_DID_F0F2_Callback</a> from sid22_readdatabyldentifiercfg.o(.text.SID_RDBI_DID_F0F2_Callback) referenced from sid22_readdatabyldentifiercfg.o(.rodata.Uds_SID_RDBI)
 <LI><a href="#[46]">SID_RDBI_DID_F0F3_Callback</a> from sid22_readdatabyldentifiercfg.o(.text.SID_RDBI_DID_F0F3_Callback) referenced from sid22_readdatabyldentifiercfg.o(.rodata.Uds_SID_RDBI)
 <LI><a href="#[4d]">SID_RDBI_DID_F0FE_Callback</a> from sid22_readdatabyldentifiercfg.o(.text.SID_RDBI_DID_F0FE_Callback) referenced from sid22_readdatabyldentifiercfg.o(.rodata.Uds_SID_RDBI)
 <LI><a href="#[49]">SID_RDBI_DID_F150_Callback</a> from sid22_readdatabyldentifiercfg.o(.text.SID_RDBI_DID_F150_Callback) referenced from sid22_readdatabyldentifiercfg.o(.rodata.Uds_SID_RDBI)
 <LI><a href="#[4a]">SID_RDBI_DID_F151_Callback</a> from sid22_readdatabyldentifiercfg.o(.text.SID_RDBI_DID_F151_Callback) referenced from sid22_readdatabyldentifiercfg.o(.rodata.Uds_SID_RDBI)
 <LI><a href="#[4b]">SID_RDBI_DID_F152_Callback</a> from sid22_readdatabyldentifiercfg.o(.text.SID_RDBI_DID_F152_Callback) referenced from sid22_readdatabyldentifiercfg.o(.rodata.Uds_SID_RDBI)
 <LI><a href="#[4c]">SID_RDBI_DID_F15b_Callback</a> from sid22_readdatabyldentifiercfg.o(.text.SID_RDBI_DID_F15b_Callback) referenced from sid22_readdatabyldentifiercfg.o(.rodata.Uds_SID_RDBI)
 <LI><a href="#[4e]">SID_RDBI_DID_F160_Callback</a> from sid22_readdatabyldentifiercfg.o(.text.SID_RDBI_DID_F160_Callback) referenced from sid22_readdatabyldentifiercfg.o(.rodata.Uds_SID_RDBI)
 <LI><a href="#[4f]">SID_RDBI_DID_F161_Callback</a> from sid22_readdatabyldentifiercfg.o(.text.SID_RDBI_DID_F161_Callback) referenced from sid22_readdatabyldentifiercfg.o(.rodata.Uds_SID_RDBI)
 <LI><a href="#[51]">SID_RDBI_DID_F162_Callback</a> from sid22_readdatabyldentifiercfg.o(.text.SID_RDBI_DID_F162_Callback) referenced from sid22_readdatabyldentifiercfg.o(.rodata.Uds_SID_RDBI)
 <LI><a href="#[52]">SID_RDBI_DID_F163_Callback</a> from sid22_readdatabyldentifiercfg.o(.text.SID_RDBI_DID_F163_Callback) referenced from sid22_readdatabyldentifiercfg.o(.rodata.Uds_SID_RDBI)
 <LI><a href="#[36]">SID_RDBI_DID_F180_Callback</a> from sid22_readdatabyldentifiercfg.o(.text.SID_RDBI_DID_F180_Callback) referenced from sid22_readdatabyldentifiercfg.o(.rodata.Uds_SID_RDBI)
 <LI><a href="#[34]">SID_RDBI_DID_F183_Callback</a> from sid22_readdatabyldentifiercfg.o(.text.SID_RDBI_DID_F183_Callback) referenced from sid22_readdatabyldentifiercfg.o(.rodata.Uds_SID_RDBI)
 <LI><a href="#[37]">SID_RDBI_DID_F184_Callback</a> from sid22_readdatabyldentifiercfg.o(.text.SID_RDBI_DID_F184_Callback) referenced from sid22_readdatabyldentifiercfg.o(.rodata.Uds_SID_RDBI)
 <LI><a href="#[47]">SID_RDBI_DID_F186_Callback</a> from sid22_readdatabyldentifiercfg.o(.text.SID_RDBI_DID_F186_Callback) referenced from sid22_readdatabyldentifiercfg.o(.rodata.Uds_SID_RDBI)
 <LI><a href="#[38]">SID_RDBI_DID_F187_Callback</a> from sid22_readdatabyldentifiercfg.o(.text.SID_RDBI_DID_F187_Callback) referenced from sid22_readdatabyldentifiercfg.o(.rodata.Uds_SID_RDBI)
 <LI><a href="#[39]">SID_RDBI_DID_F189_Callback</a> from sid22_readdatabyldentifiercfg.o(.text.SID_RDBI_DID_F189_Callback) referenced from sid22_readdatabyldentifiercfg.o(.rodata.Uds_SID_RDBI)
 <LI><a href="#[3d]">SID_RDBI_DID_F18A_Callback</a> from sid22_readdatabyldentifiercfg.o(.text.SID_RDBI_DID_F18A_Callback) referenced from sid22_readdatabyldentifiercfg.o(.rodata.Uds_SID_RDBI)
 <LI><a href="#[3e]">SID_RDBI_DID_F18B_Callback</a> from sid22_readdatabyldentifiercfg.o(.text.SID_RDBI_DID_F18B_Callback) referenced from sid22_readdatabyldentifiercfg.o(.rodata.Uds_SID_RDBI)
 <LI><a href="#[3f]">SID_RDBI_DID_F18C_Callback</a> from sid22_readdatabyldentifiercfg.o(.text.SID_RDBI_DID_F18C_Callback) referenced from sid22_readdatabyldentifiercfg.o(.rodata.Uds_SID_RDBI)
 <LI><a href="#[40]">SID_RDBI_DID_F190_Callback</a> from sid22_readdatabyldentifiercfg.o(.text.SID_RDBI_DID_F190_Callback) referenced from sid22_readdatabyldentifiercfg.o(.rodata.Uds_SID_RDBI)
 <LI><a href="#[41]">SID_RDBI_DID_F197_Callback</a> from sid22_readdatabyldentifiercfg.o(.text.SID_RDBI_DID_F197_Callback) referenced from sid22_readdatabyldentifiercfg.o(.rodata.Uds_SID_RDBI)
 <LI><a href="#[22]">SID_RDTCI_Analysis</a> from sid19_readdtcinformation.o(.text.SID_RDTCI_Analysis) referenced from dcm_drvcfg.o(.rodata.Uds_Cfg_Info)
 <LI><a href="#[5f]">SID_RDTCI_reportDTCByStatusMask_Callback</a> from sid19_readdtcinformationcfg.o(.text.SID_RDTCI_reportDTCByStatusMask_Callback) referenced from sid19_readdtcinformationcfg.o(.rodata.Uds_SID_RDTCI)
 <LI><a href="#[61]">SID_RDTCI_reportDTCExtDataRecordByDTCNumber_Callback</a> from sid19_readdtcinformationcfg.o(.text.SID_RDTCI_reportDTCExtDataRecordByDTCNumber_Callback) referenced from sid19_readdtcinformationcfg.o(.rodata.Uds_SID_RDTCI)
 <LI><a href="#[60]">SID_RDTCI_reportDTCSnapshotRecordByDTCNumber_Callback</a> from sid19_readdtcinformationcfg.o(.text.SID_RDTCI_reportDTCSnapshotRecordByDTCNumber_Callback) referenced from sid19_readdtcinformationcfg.o(.rodata.Uds_SID_RDTCI)
 <LI><a href="#[5e]">SID_RDTCI_reportNumberOfDTCByStatusMask_Callback</a> from sid19_readdtcinformationcfg.o(.text.SID_RDTCI_reportNumberOfDTCByStatusMask_Callback) referenced from sid19_readdtcinformationcfg.o(.rodata.Uds_SID_RDTCI)
 <LI><a href="#[62]">SID_RDTCI_reportSupportedDTC_Callback</a> from sid19_readdtcinformationcfg.o(.text.SID_RDTCI_reportSupportedDTC_Callback) referenced from sid19_readdtcinformationcfg.o(.rodata.Uds_SID_RDTCI)
 <LI><a href="#[1c]">SID_RD_Analysis</a> from sid34_requestdownload.o(.text.SID_RD_Analysis) referenced from dcm_drvcfg.o(.rodata.Uds_Cfg_Info)
 <LI><a href="#[1e]">SID_RTE_Analysis</a> from sid37_requesttransferexit.o(.text.SID_RTE_Analysis) referenced from dcm_drvcfg.o(.rodata.Uds_Cfg_Info)
 <LI><a href="#[17]">SID_SA_Analysis</a> from sid27_securityaccess.o(.text.SID_SA_Analysis) referenced from dcm_drvcfg.o(.rodata.Uds_Cfg_Info)
 <LI><a href="#[63]">SID_SA_SUBID_RSD_Callback</a> from sid27_securityaccesscfg.o(.text.SID_SA_SUBID_RSD_Callback) referenced 3 times from sid27_securityaccesscfg.o(.rodata.Uds_SID_SA)
 <LI><a href="#[64]">SID_SA_SUBID_SK_Callback</a> from sid27_securityaccesscfg.o(.text.SID_SA_SUBID_SK_Callback) referenced 3 times from sid27_securityaccesscfg.o(.rodata.Uds_SID_SA)
 <LI><a href="#[1d]">SID_TD_Analysis</a> from sid36_transferdata.o(.text.SID_TD_Analysis) referenced from dcm_drvcfg.o(.rodata.Uds_Cfg_Info)
 <LI><a href="#[18]">SID_TP_Analysis</a> from sid3e_testerprsent.o(.text.SID_TP_Analysis) referenced from dcm_drvcfg.o(.rodata.Uds_Cfg_Info)
 <LI><a href="#[65]">SID_TP_SUBID_ZSUBF_Callback</a> from sid3e_testerprsentcfg.o(.text.SID_TP_SUBID_ZSUBF_Callback) referenced from sid3e_testerprsentcfg.o(.rodata.Uds_SID_TP)
 <LI><a href="#[1a]">SID_WDBI_Analysis</a> from sid2e_writedatabyldentifier.o(.text.SID_WDBI_Analysis) referenced from dcm_drvcfg.o(.rodata.Uds_Cfg_Info)
 <LI><a href="#[66]">SID_WDBI_DID_F198_Callback</a> from sid2e_writedatabyldentifiercfg.o(.text.SID_WDBI_DID_F198_Callback) referenced from sid2e_writedatabyldentifiercfg.o(.rodata.Uds_SID_WDBI)
 <LI><a href="#[7]">SVC_Handler</a> from startup.o(.text.Default_Handler) referenced from startup.o(.fixed_vectors)
 <LI><a href="#[6]">SecureFault_Handler</a> from startup.o(.text.Default_Handler) referenced from startup.o(.fixed_vectors)
 <LI><a href="#[a]">SysTick_Handler</a> from systick.o(.text.SysTick_Handler) referenced from startup.o(.fixed_vectors)
 <LI><a href="#[5]">UsageFault_Handler</a> from startup.o(.text.Default_Handler) referenced from startup.o(.fixed_vectors)
 <LI><a href="#[67]">canfd1_callback</a> from bsp_canfd1.o(.text.canfd1_callback) referenced from hal_data.o(.rodata.g_canfd1_cfg)
 <LI><a href="#[10]">canfd_channel_tx_isr</a> from r_canfd.o(.text.canfd_channel_tx_isr) referenced 2 times from vector_data.o(.application_vectors)
 <LI><a href="#[11]">canfd_common_fifo_rx_isr</a> from r_canfd.o(.text.canfd_common_fifo_rx_isr) referenced 2 times from vector_data.o(.application_vectors)
 <LI><a href="#[f]">canfd_error_isr</a> from r_canfd.o(.text.canfd_error_isr) referenced 3 times from vector_data.o(.application_vectors)
 <LI><a href="#[12]">canfd_rx_fifo_isr</a> from r_canfd.o(.text.canfd_rx_fifo_isr) referenced from vector_data.o(.application_vectors)
 <LI><a href="#[68]">debug_uart9_callback</a> from bsp_debug_uart.o(.text.debug_uart9_callback) referenced from hal_data.o(.rodata.g_uart9_cfg)
 <LI><a href="#[13]">fputc</a> from bsp_debug_uart.o(.text.fputc) referenced from printf8.o(i.__0printf$8)
 <LI><a href="#[e]">sci_b_uart_eri_isr</a> from r_sci_b_uart.o(.text.sci_b_uart_eri_isr) referenced from vector_data.o(.application_vectors)
 <LI><a href="#[b]">sci_b_uart_rxi_isr</a> from r_sci_b_uart.o(.text.sci_b_uart_rxi_isr) referenced from vector_data.o(.application_vectors)
 <LI><a href="#[d]">sci_b_uart_tei_isr</a> from r_sci_b_uart.o(.text.sci_b_uart_tei_isr) referenced from vector_data.o(.application_vectors)
 <LI><a href="#[c]">sci_b_uart_txi_isr</a> from r_sci_b_uart.o(.text.sci_b_uart_txi_isr) referenced from vector_data.o(.application_vectors)
</UL>
<P>
<H3>
Global Symbols
</H3>
<P><STRONG><a name="[71]"></a>__aeabi_memcpy</STRONG> (Thumb, 36 bytes, Stack size 0 bytes, memcpya.o(.text))
<BR><BR>[Called By]<UL><LI><a href="#[98]">&gt;&gt;</a>&nbsp;&nbsp;&nbsp;TpFunc_Recv_Handle
<LI><a href="#[b]">&gt;&gt;</a>&nbsp;&nbsp;&nbsp;sci_b_uart_rxi_isr
<LI><a href="#[70]">&gt;&gt;</a>&nbsp;&nbsp;&nbsp;AES_CMAC
</UL>

<P><STRONG><a name="[8e]"></a>__aeabi_memcpy4</STRONG> (Thumb, 0 bytes, Stack size 0 bytes, memcpya.o(.text))
<BR><BR>[Called By]<UL><LI><a href="#[67]">&gt;&gt;</a>&nbsp;&nbsp;&nbsp;canfd1_callback
<LI><a href="#[11]">&gt;&gt;</a>&nbsp;&nbsp;&nbsp;canfd_common_fifo_rx_isr
<LI><a href="#[10]">&gt;&gt;</a>&nbsp;&nbsp;&nbsp;canfd_channel_tx_isr
<LI><a href="#[12]">&gt;&gt;</a>&nbsp;&nbsp;&nbsp;canfd_rx_fifo_isr
<LI><a href="#[f]">&gt;&gt;</a>&nbsp;&nbsp;&nbsp;canfd_error_isr
<LI><a href="#[83]">&gt;&gt;</a>&nbsp;&nbsp;&nbsp;SystemInit
</UL>

<P><STRONG><a name="[bc]"></a>__aeabi_memcpy8</STRONG> (Thumb, 0 bytes, Stack size 0 bytes, memcpya.o(.text), UNUSED)

<P><STRONG><a name="[6a]"></a>__aeabi_memset</STRONG> (Thumb, 14 bytes, Stack size 0 bytes, memseta.o(.text))
<BR><BR>[Called By]<UL><LI><a href="#[42]">&gt;&gt;</a>&nbsp;&nbsp;&nbsp;SID_RDBI_DID_F011_Callback
<LI><a href="#[3f]">&gt;&gt;</a>&nbsp;&nbsp;&nbsp;SID_RDBI_DID_F18C_Callback
<LI><a href="#[3c]">&gt;&gt;</a>&nbsp;&nbsp;&nbsp;SID_RDBI_DID_F090_Callback
<LI><a href="#[3a]">&gt;&gt;</a>&nbsp;&nbsp;&nbsp;SID_RDBI_DID_F089_Callback
<LI><a href="#[39]">&gt;&gt;</a>&nbsp;&nbsp;&nbsp;SID_RDBI_DID_F189_Callback
<LI><a href="#[37]">&gt;&gt;</a>&nbsp;&nbsp;&nbsp;SID_RDBI_DID_F184_Callback
<LI><a href="#[36]">&gt;&gt;</a>&nbsp;&nbsp;&nbsp;SID_RDBI_DID_F180_Callback
<LI><a href="#[33]">&gt;&gt;</a>&nbsp;&nbsp;&nbsp;SID_RDBI_DID_F032_Callback
<LI><a href="#[6b]">&gt;&gt;</a>&nbsp;&nbsp;&nbsp;_memset$wrapper
<LI><a href="#[69]">&gt;&gt;</a>&nbsp;&nbsp;&nbsp;__aeabi_memclr
</UL>

<P><STRONG><a name="[bd]"></a>__aeabi_memset4</STRONG> (Thumb, 0 bytes, Stack size 0 bytes, memseta.o(.text), UNUSED)

<P><STRONG><a name="[be]"></a>__aeabi_memset8</STRONG> (Thumb, 0 bytes, Stack size 0 bytes, memseta.o(.text), UNUSED)

<P><STRONG><a name="[69]"></a>__aeabi_memclr</STRONG> (Thumb, 4 bytes, Stack size 0 bytes, memseta.o(.text))
<BR><BR>[Calls]<UL><LI><a href="#[6a]">&gt;&gt;</a>&nbsp;&nbsp;&nbsp;__aeabi_memset
</UL>
<BR>[Called By]<UL><LI><a href="#[93]">&gt;&gt;</a>&nbsp;&nbsp;&nbsp;TpFunc_Sender_Task
</UL>

<P><STRONG><a name="[8a]"></a>__aeabi_memclr4</STRONG> (Thumb, 0 bytes, Stack size 0 bytes, memseta.o(.text))
<BR><BR>[Called By]<UL><LI><a href="#[19]">&gt;&gt;</a>&nbsp;&nbsp;&nbsp;SID_RDBI_Analysis
<LI><a href="#[f]">&gt;&gt;</a>&nbsp;&nbsp;&nbsp;canfd_error_isr
<LI><a href="#[83]">&gt;&gt;</a>&nbsp;&nbsp;&nbsp;SystemInit
</UL>

<P><STRONG><a name="[bf]"></a>__aeabi_memclr8</STRONG> (Thumb, 0 bytes, Stack size 0 bytes, memseta.o(.text), UNUSED)

<P><STRONG><a name="[6b]"></a>_memset$wrapper</STRONG> (Thumb, 18 bytes, Stack size 8 bytes, memseta.o(.text), UNUSED)
<BR><BR>[Calls]<UL><LI><a href="#[6a]">&gt;&gt;</a>&nbsp;&nbsp;&nbsp;__aeabi_memset
</UL>

<P><STRONG><a name="[6c]"></a>__aeabi_uldivmod</STRONG> (Thumb, 98 bytes, Stack size 40 bytes, uldiv.o(.text), UNUSED)
<BR><BR>[Calls]<UL><LI><a href="#[6d]">&gt;&gt;</a>&nbsp;&nbsp;&nbsp;__aeabi_llsr
<LI><a href="#[6e]">&gt;&gt;</a>&nbsp;&nbsp;&nbsp;__aeabi_llsl
</UL>
<BR>[Called By]<UL><LI><a href="#[b9]">&gt;&gt;</a>&nbsp;&nbsp;&nbsp;_printf_core
</UL>

<P><STRONG><a name="[6e]"></a>__aeabi_llsl</STRONG> (Thumb, 30 bytes, Stack size 0 bytes, llshl.o(.text), UNUSED)
<BR><BR>[Called By]<UL><LI><a href="#[6c]">&gt;&gt;</a>&nbsp;&nbsp;&nbsp;__aeabi_uldivmod
</UL>

<P><STRONG><a name="[c0]"></a>_ll_shift_l</STRONG> (Thumb, 0 bytes, Stack size 0 bytes, llshl.o(.text), UNUSED)

<P><STRONG><a name="[6d]"></a>__aeabi_llsr</STRONG> (Thumb, 32 bytes, Stack size 0 bytes, llushr.o(.text), UNUSED)
<BR><BR>[Called By]<UL><LI><a href="#[6c]">&gt;&gt;</a>&nbsp;&nbsp;&nbsp;__aeabi_uldivmod
</UL>

<P><STRONG><a name="[c1]"></a>_ll_ushift_r</STRONG> (Thumb, 0 bytes, Stack size 0 bytes, llushr.o(.text), UNUSED)

<P><STRONG><a name="[6f]"></a>AES_CBC_CMAC_EncryptData</STRONG> (Thumb, 16 bytes, Stack size 0 bytes, aes_cbc_cmac.o(.text.AES_CBC_CMAC_EncryptData))
<BR><BR>[Stack]<UL><LI>Max Depth = 216<LI>Call Chain = AES_CBC_CMAC_EncryptData &rArr; AES_CMAC &rArr; aes_enc_dec
</UL>
<BR>[Calls]<UL><LI><a href="#[70]">&gt;&gt;</a>&nbsp;&nbsp;&nbsp;AES_CMAC
</UL>
<BR>[Called By]<UL><LI><a href="#[64]">&gt;&gt;</a>&nbsp;&nbsp;&nbsp;SID_SA_SUBID_SK_Callback
</UL>

<P><STRONG><a name="[8c]"></a>AES_CBC_CMAC_GetRandom</STRONG> (Thumb, 36 bytes, Stack size 8 bytes, aes_cbc_cmac.o(.text.AES_CBC_CMAC_GetRandom))
<BR><BR>[Stack]<UL><LI>Max Depth = 8<LI>Call Chain = AES_CBC_CMAC_GetRandom
</UL>
<BR>[Called By]<UL><LI><a href="#[63]">&gt;&gt;</a>&nbsp;&nbsp;&nbsp;SID_SA_SUBID_RSD_Callback
</UL>

<P><STRONG><a name="[70]"></a>AES_CMAC</STRONG> (Thumb, 512 bytes, Stack size 136 bytes, aes_cbc_cmac.o(.text.AES_CMAC))
<BR><BR>[Stack]<UL><LI>Max Depth = 216<LI>Call Chain = AES_CMAC &rArr; aes_enc_dec
</UL>
<BR>[Calls]<UL><LI><a href="#[71]">&gt;&gt;</a>&nbsp;&nbsp;&nbsp;__aeabi_memcpy
<LI><a href="#[72]">&gt;&gt;</a>&nbsp;&nbsp;&nbsp;aes_enc_dec
</UL>
<BR>[Called By]<UL><LI><a href="#[6f]">&gt;&gt;</a>&nbsp;&nbsp;&nbsp;AES_CBC_CMAC_EncryptData
</UL>

<P><STRONG><a name="[73]"></a>CANFD1_Init</STRONG> (Thumb, 48 bytes, Stack size 8 bytes, bsp_canfd1.o(.text.CANFD1_Init))
<BR><BR>[Stack]<UL><LI>Max Depth = 56<LI>Call Chain = CANFD1_Init &rArr; R_CANFD_Open &rArr; r_canfd_mode_transition
</UL>
<BR>[Calls]<UL><LI><a href="#[74]">&gt;&gt;</a>&nbsp;&nbsp;&nbsp;R_CANFD_Open
<LI><a href="#[75]">&gt;&gt;</a>&nbsp;&nbsp;&nbsp;__aeabi_assert
</UL>
<BR>[Called By]<UL><LI><a href="#[b5]">&gt;&gt;</a>&nbsp;&nbsp;&nbsp;hal_entry
</UL>

<P><STRONG><a name="[87]"></a>CalculateAndCheckFirmwareChecksum</STRONG> (Thumb, 42 bytes, Stack size 8 bytes, ab_swap.o(.text.CalculateAndCheckFirmwareChecksum))
<BR><BR>[Stack]<UL><LI>Max Depth = 8<LI>Call Chain = CalculateAndCheckFirmwareChecksum
</UL>
<BR>[Called By]<UL><LI><a href="#[30]">&gt;&gt;</a>&nbsp;&nbsp;&nbsp;SID_RC_SUBID_STR_Callback
</UL>

<P><STRONG><a name="[85]"></a>ChangeSession_Init</STRONG> (Thumb, 26 bytes, Stack size 0 bytes, sid10_diagnosticsessioncontrol.o(.text.ChangeSession_Init))
<BR><BR>[Called By]<UL><LI><a href="#[2c]">&gt;&gt;</a>&nbsp;&nbsp;&nbsp;SID_DSC_SUBID_EXTDS_Callback
<LI><a href="#[2b]">&gt;&gt;</a>&nbsp;&nbsp;&nbsp;SID_DSC_SUBID_PRGS_Callback
<LI><a href="#[2a]">&gt;&gt;</a>&nbsp;&nbsp;&nbsp;SID_DSC_SUBID_DS_Callback
<LI><a href="#[a0]">&gt;&gt;</a>&nbsp;&nbsp;&nbsp;UdsFunc_PDU_Analysis
</UL>

<P><STRONG><a name="[14]"></a>DETFUN_BattVolHi</STRONG> (Thumb, 4 bytes, Stack size 0 bytes, detfun.o(.text.DETFUN_BattVolHi))
<BR>[Address Reference Count : 1]<UL><LI> dtc_mat.o(.rodata.OBD_DtcConfigTbl)
</UL>
<P><STRONG><a name="[76]"></a>Debug_UART9_Init</STRONG> (Thumb, 36 bytes, Stack size 8 bytes, bsp_debug_uart.o(.text.Debug_UART9_Init))
<BR><BR>[Stack]<UL><LI>Max Depth = 48<LI>Call Chain = Debug_UART9_Init &rArr; R_SCI_B_UART_Open
</UL>
<BR>[Calls]<UL><LI><a href="#[75]">&gt;&gt;</a>&nbsp;&nbsp;&nbsp;__aeabi_assert
<LI><a href="#[77]">&gt;&gt;</a>&nbsp;&nbsp;&nbsp;R_SCI_B_UART_Open
</UL>
<BR>[Called By]<UL><LI><a href="#[b5]">&gt;&gt;</a>&nbsp;&nbsp;&nbsp;hal_entry
</UL>

<P><STRONG><a name="[4]"></a>BusFault_Handler</STRONG> (Thumb, 4 bytes, Stack size 0 bytes, startup.o(.text.Default_Handler))
<BR>[Address Reference Count : 1]<UL><LI> startup.o(.fixed_vectors)
</UL>
<P><STRONG><a name="[8]"></a>DebugMon_Handler</STRONG> (Thumb, 4 bytes, Stack size 0 bytes, startup.o(.text.Default_Handler))
<BR>[Address Reference Count : 1]<UL><LI> startup.o(.fixed_vectors)
</UL>
<P><STRONG><a name="[c2]"></a>Default_Handler</STRONG> (Thumb, 4 bytes, Stack size 0 bytes, startup.o(.text.Default_Handler), UNUSED)

<P><STRONG><a name="[2]"></a>HardFault_Handler</STRONG> (Thumb, 4 bytes, Stack size 0 bytes, startup.o(.text.Default_Handler))
<BR>[Address Reference Count : 1]<UL><LI> startup.o(.fixed_vectors)
</UL>
<P><STRONG><a name="[3]"></a>MemManage_Handler</STRONG> (Thumb, 4 bytes, Stack size 0 bytes, startup.o(.text.Default_Handler))
<BR>[Address Reference Count : 1]<UL><LI> startup.o(.fixed_vectors)
</UL>
<P><STRONG><a name="[9]"></a>PendSV_Handler</STRONG> (Thumb, 4 bytes, Stack size 0 bytes, startup.o(.text.Default_Handler))
<BR>[Address Reference Count : 1]<UL><LI> startup.o(.fixed_vectors)
</UL>
<P><STRONG><a name="[7]"></a>SVC_Handler</STRONG> (Thumb, 4 bytes, Stack size 0 bytes, startup.o(.text.Default_Handler))
<BR>[Address Reference Count : 1]<UL><LI> startup.o(.fixed_vectors)
</UL>
<P><STRONG><a name="[6]"></a>SecureFault_Handler</STRONG> (Thumb, 4 bytes, Stack size 0 bytes, startup.o(.text.Default_Handler))
<BR>[Address Reference Count : 1]<UL><LI> startup.o(.fixed_vectors)
</UL>
<P><STRONG><a name="[5]"></a>UsageFault_Handler</STRONG> (Thumb, 4 bytes, Stack size 0 bytes, startup.o(.text.Default_Handler))
<BR>[Address Reference Count : 1]<UL><LI> startup.o(.fixed_vectors)
</UL>
<P><STRONG><a name="[78]"></a>HLI_CanFD_Write</STRONG> (Thumb, 130 bytes, Stack size 8 bytes, bsp_canfd1.o(.text.HLI_CanFD_Write))
<BR><BR>[Stack]<UL><LI>Max Depth = 24<LI>Call Chain = HLI_CanFD_Write &rArr; R_CANFD_Write
</UL>
<BR>[Calls]<UL><LI><a href="#[79]">&gt;&gt;</a>&nbsp;&nbsp;&nbsp;R_CANFD_Write
<LI><a href="#[75]">&gt;&gt;</a>&nbsp;&nbsp;&nbsp;__aeabi_assert
</UL>
<BR>[Called By]<UL><LI><a href="#[99]">&gt;&gt;</a>&nbsp;&nbsp;&nbsp;TpFunc_Send_Handle
<LI><a href="#[98]">&gt;&gt;</a>&nbsp;&nbsp;&nbsp;TpFunc_Recv_Handle
</UL>

<P><STRONG><a name="[1]"></a>NMI_Handler</STRONG> (Thumb, 70 bytes, Stack size 24 bytes, bsp_group_irq.o(.text.NMI_Handler))
<BR><BR>[Stack]<UL><LI>Max Depth = 24<LI>Call Chain = NMI_Handler
</UL>
<BR>[Address Reference Count : 1]<UL><LI> startup.o(.fixed_vectors)
</UL>
<P><STRONG><a name="[7a]"></a>R_BSP_Init_RTC</STRONG> (Thumb, 126 bytes, Stack size 16 bytes, bsp_clocks.o(.text.R_BSP_Init_RTC))
<BR><BR>[Stack]<UL><LI>Max Depth = 24<LI>Call Chain = R_BSP_Init_RTC &rArr; R_BSP_RegisterProtectDisable
</UL>
<BR>[Calls]<UL><LI><a href="#[7b]">&gt;&gt;</a>&nbsp;&nbsp;&nbsp;R_BSP_SoftwareDelay
<LI><a href="#[7d]">&gt;&gt;</a>&nbsp;&nbsp;&nbsp;R_BSP_RegisterProtectEnable
<LI><a href="#[7c]">&gt;&gt;</a>&nbsp;&nbsp;&nbsp;R_BSP_RegisterProtectDisable
</UL>
<BR>[Called By]<UL><LI><a href="#[83]">&gt;&gt;</a>&nbsp;&nbsp;&nbsp;SystemInit
</UL>

<P><STRONG><a name="[7c]"></a>R_BSP_RegisterProtectDisable</STRONG> (Thumb, 76 bytes, Stack size 8 bytes, bsp_register_protection.o(.text.R_BSP_RegisterProtectDisable))
<BR><BR>[Stack]<UL><LI>Max Depth = 8<LI>Call Chain = R_BSP_RegisterProtectDisable
</UL>
<BR>[Called By]<UL><LI><a href="#[b2]">&gt;&gt;</a>&nbsp;&nbsp;&nbsp;bsp_vbatt_init
<LI><a href="#[7a]">&gt;&gt;</a>&nbsp;&nbsp;&nbsp;R_BSP_Init_RTC
<LI><a href="#[83]">&gt;&gt;</a>&nbsp;&nbsp;&nbsp;SystemInit
</UL>

<P><STRONG><a name="[7d]"></a>R_BSP_RegisterProtectEnable</STRONG> (Thumb, 78 bytes, Stack size 0 bytes, bsp_register_protection.o(.text.R_BSP_RegisterProtectEnable))
<BR><BR>[Called By]<UL><LI><a href="#[b2]">&gt;&gt;</a>&nbsp;&nbsp;&nbsp;bsp_vbatt_init
<LI><a href="#[7a]">&gt;&gt;</a>&nbsp;&nbsp;&nbsp;R_BSP_Init_RTC
<LI><a href="#[83]">&gt;&gt;</a>&nbsp;&nbsp;&nbsp;SystemInit
</UL>

<P><STRONG><a name="[7b]"></a>R_BSP_SoftwareDelay</STRONG> (Thumb, 78 bytes, Stack size 0 bytes, bsp_delay.o(.text.R_BSP_SoftwareDelay))
<BR><BR>[Calls]<UL><LI><a href="#[7e]">&gt;&gt;</a>&nbsp;&nbsp;&nbsp;bsp_prv_software_delay_loop
</UL>
<BR>[Called By]<UL><LI><a href="#[74]">&gt;&gt;</a>&nbsp;&nbsp;&nbsp;R_CANFD_Open
<LI><a href="#[77]">&gt;&gt;</a>&nbsp;&nbsp;&nbsp;R_SCI_B_UART_Open
<LI><a href="#[b2]">&gt;&gt;</a>&nbsp;&nbsp;&nbsp;bsp_vbatt_init
<LI><a href="#[7a]">&gt;&gt;</a>&nbsp;&nbsp;&nbsp;R_BSP_Init_RTC
<LI><a href="#[8d]">&gt;&gt;</a>&nbsp;&nbsp;&nbsp;bsp_clock_init
</UL>

<P><STRONG><a name="[b1]"></a>R_BSP_SubClockStabilizeWaitAfterReset</STRONG> (Thumb, 2 bytes, Stack size 0 bytes, bsp_clocks.o(.text.R_BSP_SubClockStabilizeWaitAfterReset))
<BR><BR>[Called By]<UL><LI><a href="#[8d]">&gt;&gt;</a>&nbsp;&nbsp;&nbsp;bsp_clock_init
</UL>

<P><STRONG><a name="[7f]"></a>R_BSP_WarmStart</STRONG> (Thumb, 26 bytes, Stack size 0 bytes, hal_entry.o(.text.R_BSP_WarmStart))
<BR><BR>[Stack]<UL><LI>Max Depth = 72<LI>Call Chain = R_BSP_WarmStart &rArr; R_IOPORT_Open &rArr; r_ioport_pins_config &rArr; bsp_vbatt_init &rArr; R_BSP_RegisterProtectDisable
</UL>
<BR>[Calls]<UL><LI><a href="#[80]">&gt;&gt;</a>&nbsp;&nbsp;&nbsp;R_IOPORT_Open
</UL>
<BR>[Called By]<UL><LI><a href="#[83]">&gt;&gt;</a>&nbsp;&nbsp;&nbsp;SystemInit
</UL>

<P><STRONG><a name="[74]"></a>R_CANFD_Open</STRONG> (Thumb, 762 bytes, Stack size 40 bytes, r_canfd.o(.text.R_CANFD_Open))
<BR><BR>[Stack]<UL><LI>Max Depth = 48<LI>Call Chain = R_CANFD_Open &rArr; r_canfd_mode_transition
</UL>
<BR>[Calls]<UL><LI><a href="#[81]">&gt;&gt;</a>&nbsp;&nbsp;&nbsp;r_canfd_mode_transition
<LI><a href="#[7b]">&gt;&gt;</a>&nbsp;&nbsp;&nbsp;R_BSP_SoftwareDelay
</UL>
<BR>[Called By]<UL><LI><a href="#[73]">&gt;&gt;</a>&nbsp;&nbsp;&nbsp;CANFD1_Init
</UL>

<P><STRONG><a name="[79]"></a>R_CANFD_Write</STRONG> (Thumb, 256 bytes, Stack size 16 bytes, r_canfd.o(.text.R_CANFD_Write))
<BR><BR>[Stack]<UL><LI>Max Depth = 16<LI>Call Chain = R_CANFD_Write
</UL>
<BR>[Called By]<UL><LI><a href="#[78]">&gt;&gt;</a>&nbsp;&nbsp;&nbsp;HLI_CanFD_Write
</UL>

<P><STRONG><a name="[80]"></a>R_IOPORT_Open</STRONG> (Thumb, 22 bytes, Stack size 8 bytes, r_ioport.o(.text.R_IOPORT_Open))
<BR><BR>[Stack]<UL><LI>Max Depth = 72<LI>Call Chain = R_IOPORT_Open &rArr; r_ioport_pins_config &rArr; bsp_vbatt_init &rArr; R_BSP_RegisterProtectDisable
</UL>
<BR>[Calls]<UL><LI><a href="#[82]">&gt;&gt;</a>&nbsp;&nbsp;&nbsp;r_ioport_pins_config
</UL>
<BR>[Called By]<UL><LI><a href="#[7f]">&gt;&gt;</a>&nbsp;&nbsp;&nbsp;R_BSP_WarmStart
</UL>

<P><STRONG><a name="[77]"></a>R_SCI_B_UART_Open</STRONG> (Thumb, 876 bytes, Stack size 40 bytes, r_sci_b_uart.o(.text.R_SCI_B_UART_Open))
<BR><BR>[Stack]<UL><LI>Max Depth = 40<LI>Call Chain = R_SCI_B_UART_Open
</UL>
<BR>[Calls]<UL><LI><a href="#[7b]">&gt;&gt;</a>&nbsp;&nbsp;&nbsp;R_BSP_SoftwareDelay
</UL>
<BR>[Called By]<UL><LI><a href="#[76]">&gt;&gt;</a>&nbsp;&nbsp;&nbsp;Debug_UART9_Init
</UL>

<P><STRONG><a name="[b4]"></a>R_SCI_B_UART_Write</STRONG> (Thumb, 72 bytes, Stack size 0 bytes, r_sci_b_uart.o(.text.R_SCI_B_UART_Write))
<BR><BR>[Called By]<UL><LI><a href="#[13]">&gt;&gt;</a>&nbsp;&nbsp;&nbsp;fputc
<LI><a href="#[68]">&gt;&gt;</a>&nbsp;&nbsp;&nbsp;debug_uart9_callback
</UL>

<P><STRONG><a name="[0]"></a>Reset_Handler</STRONG> (Thumb, 10 bytes, Stack size 0 bytes, startup.o(.text.Reset_Handler))
<BR><BR>[Stack]<UL><LI>Max Depth = 96<LI>Call Chain = Reset_Handler &rArr; SystemInit &rArr; R_BSP_WarmStart &rArr; R_IOPORT_Open &rArr; r_ioport_pins_config &rArr; bsp_vbatt_init &rArr; R_BSP_RegisterProtectDisable
</UL>
<BR>[Calls]<UL><LI><a href="#[84]">&gt;&gt;</a>&nbsp;&nbsp;&nbsp;main
<LI><a href="#[83]">&gt;&gt;</a>&nbsp;&nbsp;&nbsp;SystemInit
</UL>
<BR>[Address Reference Count : 1]<UL><LI> startup.o(.fixed_vectors)
</UL>
<P><STRONG><a name="[20]"></a>SID_CC_Analysis</STRONG> (Thumb, 56 bytes, Stack size 0 bytes, sid28_communicationcontrol.o(.text.SID_CC_Analysis))
<BR>[Address Reference Count : 1]<UL><LI> dcm_drvcfg.o(.rodata.Uds_Cfg_Info)
</UL>
<P><STRONG><a name="[a5]"></a>SID_CC_Appl_Deal</STRONG> (Thumb, 120 bytes, Stack size 16 bytes, sid28_communicationcontrol.o(.text.SID_CC_Appl_Deal))
<BR><BR>[Stack]<UL><LI>Max Depth = 16<LI>Call Chain = SID_CC_Appl_Deal
</UL>
<BR>[Called By]<UL><LI><a href="#[a1]">&gt;&gt;</a>&nbsp;&nbsp;&nbsp;UdsFunc_Receiver_Appl_Deal
</UL>

<P><STRONG><a name="[25]"></a>SID_CC_SUBID_DRXETX_Callback</STRONG> (Thumb, 44 bytes, Stack size 0 bytes, sid28_communicationcontrolcfg.o(.text.SID_CC_SUBID_DRXETX_Callback))
<BR>[Address Reference Count : 1]<UL><LI> sid28_communicationcontrolcfg.o(.rodata.Uds_SID_CC)
</UL>
<P><STRONG><a name="[26]"></a>SID_CC_SUBID_DRXTX_Callback</STRONG> (Thumb, 40 bytes, Stack size 0 bytes, sid28_communicationcontrolcfg.o(.text.SID_CC_SUBID_DRXTX_Callback))
<BR>[Address Reference Count : 1]<UL><LI> sid28_communicationcontrolcfg.o(.rodata.Uds_SID_CC)
</UL>
<P><STRONG><a name="[24]"></a>SID_CC_SUBID_ERXDTX_Callback</STRONG> (Thumb, 44 bytes, Stack size 0 bytes, sid28_communicationcontrolcfg.o(.text.SID_CC_SUBID_ERXDTX_Callback))
<BR>[Address Reference Count : 1]<UL><LI> sid28_communicationcontrolcfg.o(.rodata.Uds_SID_CC)
</UL>
<P><STRONG><a name="[23]"></a>SID_CC_SUBID_ERXTX_Callback</STRONG> (Thumb, 44 bytes, Stack size 0 bytes, sid28_communicationcontrolcfg.o(.text.SID_CC_SUBID_ERXTX_Callback))
<BR>[Address Reference Count : 1]<UL><LI> sid28_communicationcontrolcfg.o(.rodata.Uds_SID_CC)
</UL>
<P><STRONG><a name="[21]"></a>SID_CDTCI_Analysis</STRONG> (Thumb, 74 bytes, Stack size 0 bytes, sid14_cleardiagnosticinformation.o(.text.SID_CDTCI_Analysis))
<BR>[Address Reference Count : 1]<UL><LI> dcm_drvcfg.o(.rodata.Uds_Cfg_Info)
</UL>
<P><STRONG><a name="[ac]"></a>SID_CDTCI_Appl_Deal</STRONG> (Thumb, 80 bytes, Stack size 0 bytes, sid14_cleardiagnosticinformation.o(.text.SID_CDTCI_Appl_Deal))
<BR><BR>[Called By]<UL><LI><a href="#[a1]">&gt;&gt;</a>&nbsp;&nbsp;&nbsp;UdsFunc_Receiver_Appl_Deal
</UL>

<P><STRONG><a name="[27]"></a>SID_CDTCI_GODTC_AG_Callback</STRONG> (Thumb, 4 bytes, Stack size 0 bytes, sid14_cleardiagnosticinformationcfg.o(.text.SID_CDTCI_GODTC_AG_Callback))
<BR>[Address Reference Count : 1]<UL><LI> sid14_cleardiagnosticinformationcfg.o(.rodata.Uds_SID_CDTCI)
</UL>
<P><STRONG><a name="[1f]"></a>SID_CDTCS_Analysis</STRONG> (Thumb, 56 bytes, Stack size 0 bytes, sid85_controldtcsetting.o(.text.SID_CDTCS_Analysis))
<BR>[Address Reference Count : 1]<UL><LI> dcm_drvcfg.o(.rodata.Uds_Cfg_Info)
</UL>
<P><STRONG><a name="[a6]"></a>SID_CDTCS_Appl_Deal</STRONG> (Thumb, 118 bytes, Stack size 16 bytes, sid85_controldtcsetting.o(.text.SID_CDTCS_Appl_Deal))
<BR><BR>[Stack]<UL><LI>Max Depth = 16<LI>Call Chain = SID_CDTCS_Appl_Deal
</UL>
<BR>[Called By]<UL><LI><a href="#[a1]">&gt;&gt;</a>&nbsp;&nbsp;&nbsp;UdsFunc_Receiver_Appl_Deal
</UL>

<P><STRONG><a name="[29]"></a>SID_CDTCS_SUBID_OFF_Callback</STRONG> (Thumb, 30 bytes, Stack size 0 bytes, sid85_controldtcsettingcfg.o(.text.SID_CDTCS_SUBID_OFF_Callback))
<BR>[Address Reference Count : 1]<UL><LI> sid85_controldtcsettingcfg.o(.rodata.Uds_SID_CDTCS)
</UL>
<P><STRONG><a name="[28]"></a>SID_CDTCS_SUBID_ON_Callback</STRONG> (Thumb, 30 bytes, Stack size 0 bytes, sid85_controldtcsettingcfg.o(.text.SID_CDTCS_SUBID_ON_Callback))
<BR>[Address Reference Count : 1]<UL><LI> sid85_controldtcsettingcfg.o(.rodata.Uds_SID_CDTCS)
</UL>
<P><STRONG><a name="[15]"></a>SID_DSC_Analysis</STRONG> (Thumb, 56 bytes, Stack size 0 bytes, sid10_diagnosticsessioncontrol.o(.text.SID_DSC_Analysis))
<BR>[Address Reference Count : 1]<UL><LI> dcm_drvcfg.o(.rodata.Uds_Cfg_Info)
</UL>
<P><STRONG><a name="[a2]"></a>SID_DSC_Appl_Deal</STRONG> (Thumb, 118 bytes, Stack size 16 bytes, sid10_diagnosticsessioncontrol.o(.text.SID_DSC_Appl_Deal))
<BR><BR>[Stack]<UL><LI>Max Depth = 16<LI>Call Chain = SID_DSC_Appl_Deal
</UL>
<BR>[Called By]<UL><LI><a href="#[a1]">&gt;&gt;</a>&nbsp;&nbsp;&nbsp;UdsFunc_Receiver_Appl_Deal
</UL>

<P><STRONG><a name="[2a]"></a>SID_DSC_SUBID_DS_Callback</STRONG> (Thumb, 64 bytes, Stack size 16 bytes, sid10_diagnosticsessioncontrolcfg.o(.text.SID_DSC_SUBID_DS_Callback))
<BR><BR>[Stack]<UL><LI>Max Depth = 16<LI>Call Chain = SID_DSC_SUBID_DS_Callback
</UL>
<BR>[Calls]<UL><LI><a href="#[85]">&gt;&gt;</a>&nbsp;&nbsp;&nbsp;ChangeSession_Init
</UL>
<BR>[Address Reference Count : 1]<UL><LI> sid10_diagnosticsessioncontrolcfg.o(.rodata.Uds_SID_DSC)
</UL>
<P><STRONG><a name="[2c]"></a>SID_DSC_SUBID_EXTDS_Callback</STRONG> (Thumb, 64 bytes, Stack size 16 bytes, sid10_diagnosticsessioncontrolcfg.o(.text.SID_DSC_SUBID_EXTDS_Callback))
<BR><BR>[Stack]<UL><LI>Max Depth = 16<LI>Call Chain = SID_DSC_SUBID_EXTDS_Callback
</UL>
<BR>[Calls]<UL><LI><a href="#[85]">&gt;&gt;</a>&nbsp;&nbsp;&nbsp;ChangeSession_Init
</UL>
<BR>[Address Reference Count : 1]<UL><LI> sid10_diagnosticsessioncontrolcfg.o(.rodata.Uds_SID_DSC)
</UL>
<P><STRONG><a name="[2b]"></a>SID_DSC_SUBID_PRGS_Callback</STRONG> (Thumb, 88 bytes, Stack size 16 bytes, sid10_diagnosticsessioncontrolcfg.o(.text.SID_DSC_SUBID_PRGS_Callback))
<BR><BR>[Stack]<UL><LI>Max Depth = 16<LI>Call Chain = SID_DSC_SUBID_PRGS_Callback
</UL>
<BR>[Calls]<UL><LI><a href="#[85]">&gt;&gt;</a>&nbsp;&nbsp;&nbsp;ChangeSession_Init
</UL>
<BR>[Address Reference Count : 1]<UL><LI> sid10_diagnosticsessioncontrolcfg.o(.rodata.Uds_SID_DSC)
</UL>
<P><STRONG><a name="[53]"></a>SID_ECU_DID_4000_Callback</STRONG> (Thumb, 22 bytes, Stack size 0 bytes, sid22_readdatabyldentifiercfg.o(.text.SID_ECU_DID_4000_Callback))
<BR>[Address Reference Count : 1]<UL><LI> sid22_readdatabyldentifiercfg.o(.rodata.Uds_SID_RDBI)
</UL>
<P><STRONG><a name="[54]"></a>SID_ECU_DID_4100_Callback</STRONG> (Thumb, 32 bytes, Stack size 0 bytes, sid22_readdatabyldentifiercfg.o(.text.SID_ECU_DID_4100_Callback))
<BR>[Address Reference Count : 1]<UL><LI> sid22_readdatabyldentifiercfg.o(.rodata.Uds_SID_RDBI)
</UL>
<P><STRONG><a name="[55]"></a>SID_ECU_DID_5600_Callback</STRONG> (Thumb, 26 bytes, Stack size 0 bytes, sid22_readdatabyldentifiercfg.o(.text.SID_ECU_DID_5600_Callback))
<BR>[Address Reference Count : 1]<UL><LI> sid22_readdatabyldentifiercfg.o(.rodata.Uds_SID_RDBI)
</UL>
<P><STRONG><a name="[56]"></a>SID_ECU_DID_5601_Callback</STRONG> (Thumb, 22 bytes, Stack size 0 bytes, sid22_readdatabyldentifiercfg.o(.text.SID_ECU_DID_5601_Callback))
<BR>[Address Reference Count : 1]<UL><LI> sid22_readdatabyldentifiercfg.o(.rodata.Uds_SID_RDBI)
</UL>
<P><STRONG><a name="[57]"></a>SID_ECU_DID_5602_Callback</STRONG> (Thumb, 32 bytes, Stack size 0 bytes, sid22_readdatabyldentifiercfg.o(.text.SID_ECU_DID_5602_Callback))
<BR>[Address Reference Count : 1]<UL><LI> sid22_readdatabyldentifiercfg.o(.rodata.Uds_SID_RDBI)
</UL>
<P><STRONG><a name="[58]"></a>SID_ECU_DID_5604_Callback</STRONG> (Thumb, 26 bytes, Stack size 0 bytes, sid22_readdatabyldentifiercfg.o(.text.SID_ECU_DID_5604_Callback))
<BR>[Address Reference Count : 1]<UL><LI> sid22_readdatabyldentifiercfg.o(.rodata.Uds_SID_RDBI)
</UL>
<P><STRONG><a name="[59]"></a>SID_ECU_DID_560B_Callback</STRONG> (Thumb, 26 bytes, Stack size 0 bytes, sid22_readdatabyldentifiercfg.o(.text.SID_ECU_DID_560B_Callback))
<BR>[Address Reference Count : 1]<UL><LI> sid22_readdatabyldentifiercfg.o(.rodata.Uds_SID_RDBI)
</UL>
<P><STRONG><a name="[5a]"></a>SID_ECU_DID_560C_Callback</STRONG> (Thumb, 26 bytes, Stack size 0 bytes, sid22_readdatabyldentifiercfg.o(.text.SID_ECU_DID_560C_Callback))
<BR>[Address Reference Count : 1]<UL><LI> sid22_readdatabyldentifiercfg.o(.rodata.Uds_SID_RDBI)
</UL>
<P><STRONG><a name="[5b]"></a>SID_ECU_DID_560D_Callback</STRONG> (Thumb, 26 bytes, Stack size 0 bytes, sid22_readdatabyldentifiercfg.o(.text.SID_ECU_DID_560D_Callback))
<BR>[Address Reference Count : 1]<UL><LI> sid22_readdatabyldentifiercfg.o(.rodata.Uds_SID_RDBI)
</UL>
<P><STRONG><a name="[5c]"></a>SID_ECU_DID_560E_Callback</STRONG> (Thumb, 26 bytes, Stack size 0 bytes, sid22_readdatabyldentifiercfg.o(.text.SID_ECU_DID_560E_Callback))
<BR>[Address Reference Count : 1]<UL><LI> sid22_readdatabyldentifiercfg.o(.rodata.Uds_SID_RDBI)
</UL>
<P><STRONG><a name="[5d]"></a>SID_ECU_DID_560F_Callback</STRONG> (Thumb, 26 bytes, Stack size 0 bytes, sid22_readdatabyldentifiercfg.o(.text.SID_ECU_DID_560F_Callback))
<BR>[Address Reference Count : 1]<UL><LI> sid22_readdatabyldentifiercfg.o(.rodata.Uds_SID_RDBI)
</UL>
<P><STRONG><a name="[16]"></a>SID_ER_Analysis</STRONG> (Thumb, 56 bytes, Stack size 0 bytes, sid11_ecureset.o(.text.SID_ER_Analysis))
<BR>[Address Reference Count : 1]<UL><LI> dcm_drvcfg.o(.rodata.Uds_Cfg_Info)
</UL>
<P><STRONG><a name="[a8]"></a>SID_ER_Appl_Deal</STRONG> (Thumb, 118 bytes, Stack size 16 bytes, sid11_ecureset.o(.text.SID_ER_Appl_Deal))
<BR><BR>[Stack]<UL><LI>Max Depth = 16<LI>Call Chain = SID_ER_Appl_Deal
</UL>
<BR>[Called By]<UL><LI><a href="#[a1]">&gt;&gt;</a>&nbsp;&nbsp;&nbsp;UdsFunc_Receiver_Appl_Deal
</UL>

<P><STRONG><a name="[2d]"></a>SID_ER_SUBID_HR_Callback</STRONG> (Thumb, 28 bytes, Stack size 0 bytes, sid11_ecuresetcfg.o(.text.SID_ER_SUBID_HR_Callback))
<BR>[Address Reference Count : 1]<UL><LI> sid11_ecuresetcfg.o(.rodata.Uds_SID_ER)
</UL>
<P><STRONG><a name="[2e]"></a>SID_ER_SUBID_KeyR_Callback</STRONG> (Thumb, 16 bytes, Stack size 0 bytes, sid11_ecuresetcfg.o(.text.SID_ER_SUBID_KeyR_Callback))
<BR>[Address Reference Count : 1]<UL><LI> sid11_ecuresetcfg.o(.rodata.Uds_SID_ER)
</UL>
<P><STRONG><a name="[2f]"></a>SID_ER_SUBID_SR_Callback</STRONG> (Thumb, 28 bytes, Stack size 0 bytes, sid11_ecuresetcfg.o(.text.SID_ER_SUBID_SR_Callback))
<BR>[Address Reference Count : 1]<UL><LI> sid11_ecuresetcfg.o(.rodata.Uds_SID_ER)
</UL>
<P><STRONG><a name="[1b]"></a>SID_RC_Analysis</STRONG> (Thumb, 56 bytes, Stack size 0 bytes, sid31_routinecontrol.o(.text.SID_RC_Analysis))
<BR>[Address Reference Count : 1]<UL><LI> dcm_drvcfg.o(.rodata.Uds_Cfg_Info)
</UL>
<P><STRONG><a name="[af]"></a>SID_RC_Appl_Deal</STRONG> (Thumb, 120 bytes, Stack size 16 bytes, sid31_routinecontrol.o(.text.SID_RC_Appl_Deal))
<BR><BR>[Stack]<UL><LI>Max Depth = 16<LI>Call Chain = SID_RC_Appl_Deal
</UL>
<BR>[Called By]<UL><LI><a href="#[a1]">&gt;&gt;</a>&nbsp;&nbsp;&nbsp;UdsFunc_Receiver_Appl_Deal
</UL>

<P><STRONG><a name="[32]"></a>SID_RC_SUBID_RRR_Callback</STRONG> (Thumb, 4 bytes, Stack size 0 bytes, sid31_routinecontrolcfg.o(.text.SID_RC_SUBID_RRR_Callback))
<BR>[Address Reference Count : 1]<UL><LI> sid31_routinecontrolcfg.o(.rodata.Uds_SID_RC)
</UL>
<P><STRONG><a name="[31]"></a>SID_RC_SUBID_STPR_Callback</STRONG> (Thumb, 4 bytes, Stack size 0 bytes, sid31_routinecontrolcfg.o(.text.SID_RC_SUBID_STPR_Callback))
<BR>[Address Reference Count : 1]<UL><LI> sid31_routinecontrolcfg.o(.rodata.Uds_SID_RC)
</UL>
<P><STRONG><a name="[30]"></a>SID_RC_SUBID_STR_Callback</STRONG> (Thumb, 444 bytes, Stack size 16 bytes, sid31_routinecontrolcfg.o(.text.SID_RC_SUBID_STR_Callback))
<BR><BR>[Stack]<UL><LI>Max Depth = 40<LI>Call Chain = SID_RC_SUBID_STR_Callback &rArr; puts &rArr; fputc
</UL>
<BR>[Calls]<UL><LI><a href="#[88]">&gt;&gt;</a>&nbsp;&nbsp;&nbsp;puts
<LI><a href="#[89]">&gt;&gt;</a>&nbsp;&nbsp;&nbsp;SyncDFlash
<LI><a href="#[87]">&gt;&gt;</a>&nbsp;&nbsp;&nbsp;CalculateAndCheckFirmwareChecksum
<LI><a href="#[86]">&gt;&gt;</a>&nbsp;&nbsp;&nbsp;__2printf
</UL>
<BR>[Address Reference Count : 1]<UL><LI> sid31_routinecontrolcfg.o(.rodata.Uds_SID_RC)
</UL>
<P><STRONG><a name="[19]"></a>SID_RDBI_Analysis</STRONG> (Thumb, 142 bytes, Stack size 24 bytes, sid22_readdatabyldentifier.o(.text.SID_RDBI_Analysis))
<BR><BR>[Stack]<UL><LI>Max Depth = 24<LI>Call Chain = SID_RDBI_Analysis
</UL>
<BR>[Calls]<UL><LI><a href="#[8a]">&gt;&gt;</a>&nbsp;&nbsp;&nbsp;__aeabi_memclr4
</UL>
<BR>[Address Reference Count : 1]<UL><LI> dcm_drvcfg.o(.rodata.Uds_Cfg_Info)
</UL>
<P><STRONG><a name="[ad]"></a>SID_RDBI_Appl_Deal</STRONG> (Thumb, 148 bytes, Stack size 48 bytes, sid22_readdatabyldentifier.o(.text.SID_RDBI_Appl_Deal))
<BR><BR>[Stack]<UL><LI>Max Depth = 48<LI>Call Chain = SID_RDBI_Appl_Deal
</UL>
<BR>[Called By]<UL><LI><a href="#[a1]">&gt;&gt;</a>&nbsp;&nbsp;&nbsp;UdsFunc_Receiver_Appl_Deal
</UL>

<P><STRONG><a name="[50]"></a>SID_RDBI_DID_D008_Callback</STRONG> (Thumb, 32 bytes, Stack size 0 bytes, sid22_readdatabyldentifiercfg.o(.text.SID_RDBI_DID_D008_Callback))
<BR>[Address Reference Count : 1]<UL><LI> sid22_readdatabyldentifiercfg.o(.rodata.Uds_SID_RDBI)
</UL>
<P><STRONG><a name="[42]"></a>SID_RDBI_DID_F011_Callback</STRONG> (Thumb, 44 bytes, Stack size 8 bytes, sid22_readdatabyldentifiercfg.o(.text.SID_RDBI_DID_F011_Callback))
<BR><BR>[Stack]<UL><LI>Max Depth = 8<LI>Call Chain = SID_RDBI_DID_F011_Callback
</UL>
<BR>[Calls]<UL><LI><a href="#[6a]">&gt;&gt;</a>&nbsp;&nbsp;&nbsp;__aeabi_memset
</UL>
<BR>[Address Reference Count : 1]<UL><LI> sid22_readdatabyldentifiercfg.o(.rodata.Uds_SID_RDBI)
</UL>
<P><STRONG><a name="[3b]"></a>SID_RDBI_DID_F013_Callback</STRONG> (Thumb, 40 bytes, Stack size 0 bytes, sid22_readdatabyldentifiercfg.o(.text.SID_RDBI_DID_F013_Callback))
<BR>[Address Reference Count : 1]<UL><LI> sid22_readdatabyldentifiercfg.o(.rodata.Uds_SID_RDBI)
</UL>
<P><STRONG><a name="[35]"></a>SID_RDBI_DID_F031_Callback</STRONG> (Thumb, 40 bytes, Stack size 0 bytes, sid22_readdatabyldentifiercfg.o(.text.SID_RDBI_DID_F031_Callback))
<BR>[Address Reference Count : 1]<UL><LI> sid22_readdatabyldentifiercfg.o(.rodata.Uds_SID_RDBI)
</UL>
<P><STRONG><a name="[33]"></a>SID_RDBI_DID_F032_Callback</STRONG> (Thumb, 38 bytes, Stack size 8 bytes, sid22_readdatabyldentifiercfg.o(.text.SID_RDBI_DID_F032_Callback))
<BR><BR>[Stack]<UL><LI>Max Depth = 8<LI>Call Chain = SID_RDBI_DID_F032_Callback
</UL>
<BR>[Calls]<UL><LI><a href="#[6a]">&gt;&gt;</a>&nbsp;&nbsp;&nbsp;__aeabi_memset
</UL>
<BR>[Address Reference Count : 1]<UL><LI> sid22_readdatabyldentifiercfg.o(.rodata.Uds_SID_RDBI)
</UL>
<P><STRONG><a name="[3a]"></a>SID_RDBI_DID_F089_Callback</STRONG> (Thumb, 72 bytes, Stack size 8 bytes, sid22_readdatabyldentifiercfg.o(.text.SID_RDBI_DID_F089_Callback))
<BR><BR>[Stack]<UL><LI>Max Depth = 8<LI>Call Chain = SID_RDBI_DID_F089_Callback
</UL>
<BR>[Calls]<UL><LI><a href="#[6a]">&gt;&gt;</a>&nbsp;&nbsp;&nbsp;__aeabi_memset
</UL>
<BR>[Address Reference Count : 1]<UL><LI> sid22_readdatabyldentifiercfg.o(.rodata.Uds_SID_RDBI)
</UL>
<P><STRONG><a name="[3c]"></a>SID_RDBI_DID_F090_Callback</STRONG> (Thumb, 38 bytes, Stack size 8 bytes, sid22_readdatabyldentifiercfg.o(.text.SID_RDBI_DID_F090_Callback))
<BR><BR>[Stack]<UL><LI>Max Depth = 8<LI>Call Chain = SID_RDBI_DID_F090_Callback
</UL>
<BR>[Calls]<UL><LI><a href="#[6a]">&gt;&gt;</a>&nbsp;&nbsp;&nbsp;__aeabi_memset
</UL>
<BR>[Address Reference Count : 1]<UL><LI> sid22_readdatabyldentifiercfg.o(.rodata.Uds_SID_RDBI)
</UL>
<P><STRONG><a name="[48]"></a>SID_RDBI_DID_F091_Callback</STRONG> (Thumb, 32 bytes, Stack size 0 bytes, sid22_readdatabyldentifiercfg.o(.text.SID_RDBI_DID_F091_Callback))
<BR>[Address Reference Count : 1]<UL><LI> sid22_readdatabyldentifiercfg.o(.rodata.Uds_SID_RDBI)
</UL>
<P><STRONG><a name="[43]"></a>SID_RDBI_DID_F0F0_Callback</STRONG> (Thumb, 22 bytes, Stack size 0 bytes, sid22_readdatabyldentifiercfg.o(.text.SID_RDBI_DID_F0F0_Callback))
<BR>[Address Reference Count : 1]<UL><LI> sid22_readdatabyldentifiercfg.o(.rodata.Uds_SID_RDBI)
</UL>
<P><STRONG><a name="[45]"></a>SID_RDBI_DID_F0F1_Callback</STRONG> (Thumb, 32 bytes, Stack size 0 bytes, sid22_readdatabyldentifiercfg.o(.text.SID_RDBI_DID_F0F1_Callback))
<BR>[Address Reference Count : 1]<UL><LI> sid22_readdatabyldentifiercfg.o(.rodata.Uds_SID_RDBI)
</UL>
<P><STRONG><a name="[44]"></a>SID_RDBI_DID_F0F2_Callback</STRONG> (Thumb, 26 bytes, Stack size 0 bytes, sid22_readdatabyldentifiercfg.o(.text.SID_RDBI_DID_F0F2_Callback))
<BR>[Address Reference Count : 1]<UL><LI> sid22_readdatabyldentifiercfg.o(.rodata.Uds_SID_RDBI)
</UL>
<P><STRONG><a name="[46]"></a>SID_RDBI_DID_F0F3_Callback</STRONG> (Thumb, 32 bytes, Stack size 0 bytes, sid22_readdatabyldentifiercfg.o(.text.SID_RDBI_DID_F0F3_Callback))
<BR>[Address Reference Count : 1]<UL><LI> sid22_readdatabyldentifiercfg.o(.rodata.Uds_SID_RDBI)
</UL>
<P><STRONG><a name="[4d]"></a>SID_RDBI_DID_F0FE_Callback</STRONG> (Thumb, 42 bytes, Stack size 0 bytes, sid22_readdatabyldentifiercfg.o(.text.SID_RDBI_DID_F0FE_Callback))
<BR>[Address Reference Count : 1]<UL><LI> sid22_readdatabyldentifiercfg.o(.rodata.Uds_SID_RDBI)
</UL>
<P><STRONG><a name="[49]"></a>SID_RDBI_DID_F150_Callback</STRONG> (Thumb, 22 bytes, Stack size 0 bytes, sid22_readdatabyldentifiercfg.o(.text.SID_RDBI_DID_F150_Callback))
<BR>[Address Reference Count : 1]<UL><LI> sid22_readdatabyldentifiercfg.o(.rodata.Uds_SID_RDBI)
</UL>
<P><STRONG><a name="[4a]"></a>SID_RDBI_DID_F151_Callback</STRONG> (Thumb, 22 bytes, Stack size 0 bytes, sid22_readdatabyldentifiercfg.o(.text.SID_RDBI_DID_F151_Callback))
<BR>[Address Reference Count : 1]<UL><LI> sid22_readdatabyldentifiercfg.o(.rodata.Uds_SID_RDBI)
</UL>
<P><STRONG><a name="[4b]"></a>SID_RDBI_DID_F152_Callback</STRONG> (Thumb, 22 bytes, Stack size 0 bytes, sid22_readdatabyldentifiercfg.o(.text.SID_RDBI_DID_F152_Callback))
<BR>[Address Reference Count : 1]<UL><LI> sid22_readdatabyldentifiercfg.o(.rodata.Uds_SID_RDBI)
</UL>
<P><STRONG><a name="[4c]"></a>SID_RDBI_DID_F15b_Callback</STRONG> (Thumb, 22 bytes, Stack size 0 bytes, sid22_readdatabyldentifiercfg.o(.text.SID_RDBI_DID_F15b_Callback))
<BR>[Address Reference Count : 1]<UL><LI> sid22_readdatabyldentifiercfg.o(.rodata.Uds_SID_RDBI)
</UL>
<P><STRONG><a name="[4e]"></a>SID_RDBI_DID_F160_Callback</STRONG> (Thumb, 22 bytes, Stack size 0 bytes, sid22_readdatabyldentifiercfg.o(.text.SID_RDBI_DID_F160_Callback))
<BR>[Address Reference Count : 1]<UL><LI> sid22_readdatabyldentifiercfg.o(.rodata.Uds_SID_RDBI)
</UL>
<P><STRONG><a name="[4f]"></a>SID_RDBI_DID_F161_Callback</STRONG> (Thumb, 22 bytes, Stack size 0 bytes, sid22_readdatabyldentifiercfg.o(.text.SID_RDBI_DID_F161_Callback))
<BR>[Address Reference Count : 1]<UL><LI> sid22_readdatabyldentifiercfg.o(.rodata.Uds_SID_RDBI)
</UL>
<P><STRONG><a name="[51]"></a>SID_RDBI_DID_F162_Callback</STRONG> (Thumb, 22 bytes, Stack size 0 bytes, sid22_readdatabyldentifiercfg.o(.text.SID_RDBI_DID_F162_Callback))
<BR>[Address Reference Count : 1]<UL><LI> sid22_readdatabyldentifiercfg.o(.rodata.Uds_SID_RDBI)
</UL>
<P><STRONG><a name="[52]"></a>SID_RDBI_DID_F163_Callback</STRONG> (Thumb, 22 bytes, Stack size 0 bytes, sid22_readdatabyldentifiercfg.o(.text.SID_RDBI_DID_F163_Callback))
<BR>[Address Reference Count : 1]<UL><LI> sid22_readdatabyldentifiercfg.o(.rodata.Uds_SID_RDBI)
</UL>
<P><STRONG><a name="[36]"></a>SID_RDBI_DID_F180_Callback</STRONG> (Thumb, 38 bytes, Stack size 8 bytes, sid22_readdatabyldentifiercfg.o(.text.SID_RDBI_DID_F180_Callback))
<BR><BR>[Stack]<UL><LI>Max Depth = 8<LI>Call Chain = SID_RDBI_DID_F180_Callback
</UL>
<BR>[Calls]<UL><LI><a href="#[6a]">&gt;&gt;</a>&nbsp;&nbsp;&nbsp;__aeabi_memset
</UL>
<BR>[Address Reference Count : 1]<UL><LI> sid22_readdatabyldentifiercfg.o(.rodata.Uds_SID_RDBI)
</UL>
<P><STRONG><a name="[34]"></a>SID_RDBI_DID_F183_Callback</STRONG> (Thumb, 30 bytes, Stack size 0 bytes, sid22_readdatabyldentifiercfg.o(.text.SID_RDBI_DID_F183_Callback))
<BR>[Address Reference Count : 1]<UL><LI> sid22_readdatabyldentifiercfg.o(.rodata.Uds_SID_RDBI)
</UL>
<P><STRONG><a name="[37]"></a>SID_RDBI_DID_F184_Callback</STRONG> (Thumb, 38 bytes, Stack size 8 bytes, sid22_readdatabyldentifiercfg.o(.text.SID_RDBI_DID_F184_Callback))
<BR><BR>[Stack]<UL><LI>Max Depth = 8<LI>Call Chain = SID_RDBI_DID_F184_Callback
</UL>
<BR>[Calls]<UL><LI><a href="#[6a]">&gt;&gt;</a>&nbsp;&nbsp;&nbsp;__aeabi_memset
</UL>
<BR>[Address Reference Count : 1]<UL><LI> sid22_readdatabyldentifiercfg.o(.rodata.Uds_SID_RDBI)
</UL>
<P><STRONG><a name="[47]"></a>SID_RDBI_DID_F186_Callback</STRONG> (Thumb, 22 bytes, Stack size 0 bytes, sid22_readdatabyldentifiercfg.o(.text.SID_RDBI_DID_F186_Callback))
<BR>[Address Reference Count : 1]<UL><LI> sid22_readdatabyldentifiercfg.o(.rodata.Uds_SID_RDBI)
</UL>
<P><STRONG><a name="[38]"></a>SID_RDBI_DID_F187_Callback</STRONG> (Thumb, 40 bytes, Stack size 0 bytes, sid22_readdatabyldentifiercfg.o(.text.SID_RDBI_DID_F187_Callback))
<BR>[Address Reference Count : 1]<UL><LI> sid22_readdatabyldentifiercfg.o(.rodata.Uds_SID_RDBI)
</UL>
<P><STRONG><a name="[39]"></a>SID_RDBI_DID_F189_Callback</STRONG> (Thumb, 38 bytes, Stack size 8 bytes, sid22_readdatabyldentifiercfg.o(.text.SID_RDBI_DID_F189_Callback))
<BR><BR>[Stack]<UL><LI>Max Depth = 8<LI>Call Chain = SID_RDBI_DID_F189_Callback
</UL>
<BR>[Calls]<UL><LI><a href="#[6a]">&gt;&gt;</a>&nbsp;&nbsp;&nbsp;__aeabi_memset
</UL>
<BR>[Address Reference Count : 1]<UL><LI> sid22_readdatabyldentifiercfg.o(.rodata.Uds_SID_RDBI)
</UL>
<P><STRONG><a name="[3d]"></a>SID_RDBI_DID_F18A_Callback</STRONG> (Thumb, 32 bytes, Stack size 0 bytes, sid22_readdatabyldentifiercfg.o(.text.SID_RDBI_DID_F18A_Callback))
<BR>[Address Reference Count : 1]<UL><LI> sid22_readdatabyldentifiercfg.o(.rodata.Uds_SID_RDBI)
</UL>
<P><STRONG><a name="[3e]"></a>SID_RDBI_DID_F18B_Callback</STRONG> (Thumb, 32 bytes, Stack size 0 bytes, sid22_readdatabyldentifiercfg.o(.text.SID_RDBI_DID_F18B_Callback))
<BR>[Address Reference Count : 1]<UL><LI> sid22_readdatabyldentifiercfg.o(.rodata.Uds_SID_RDBI)
</UL>
<P><STRONG><a name="[3f]"></a>SID_RDBI_DID_F18C_Callback</STRONG> (Thumb, 56 bytes, Stack size 8 bytes, sid22_readdatabyldentifiercfg.o(.text.SID_RDBI_DID_F18C_Callback))
<BR><BR>[Stack]<UL><LI>Max Depth = 8<LI>Call Chain = SID_RDBI_DID_F18C_Callback
</UL>
<BR>[Calls]<UL><LI><a href="#[6a]">&gt;&gt;</a>&nbsp;&nbsp;&nbsp;__aeabi_memset
</UL>
<BR>[Address Reference Count : 1]<UL><LI> sid22_readdatabyldentifiercfg.o(.rodata.Uds_SID_RDBI)
</UL>
<P><STRONG><a name="[40]"></a>SID_RDBI_DID_F190_Callback</STRONG> (Thumb, 38 bytes, Stack size 0 bytes, sid22_readdatabyldentifiercfg.o(.text.SID_RDBI_DID_F190_Callback))
<BR>[Address Reference Count : 1]<UL><LI> sid22_readdatabyldentifiercfg.o(.rodata.Uds_SID_RDBI)
</UL>
<P><STRONG><a name="[41]"></a>SID_RDBI_DID_F197_Callback</STRONG> (Thumb, 34 bytes, Stack size 0 bytes, sid22_readdatabyldentifiercfg.o(.text.SID_RDBI_DID_F197_Callback))
<BR>[Address Reference Count : 1]<UL><LI> sid22_readdatabyldentifiercfg.o(.rodata.Uds_SID_RDBI)
</UL>
<P><STRONG><a name="[22]"></a>SID_RDTCI_Analysis</STRONG> (Thumb, 56 bytes, Stack size 0 bytes, sid19_readdtcinformation.o(.text.SID_RDTCI_Analysis))
<BR>[Address Reference Count : 1]<UL><LI> dcm_drvcfg.o(.rodata.Uds_Cfg_Info)
</UL>
<P><STRONG><a name="[a3]"></a>SID_RDTCI_Appl_Deal</STRONG> (Thumb, 120 bytes, Stack size 16 bytes, sid19_readdtcinformation.o(.text.SID_RDTCI_Appl_Deal))
<BR><BR>[Stack]<UL><LI>Max Depth = 16<LI>Call Chain = SID_RDTCI_Appl_Deal
</UL>
<BR>[Called By]<UL><LI><a href="#[a1]">&gt;&gt;</a>&nbsp;&nbsp;&nbsp;UdsFunc_Receiver_Appl_Deal
</UL>

<P><STRONG><a name="[5f]"></a>SID_RDTCI_reportDTCByStatusMask_Callback</STRONG> (Thumb, 108 bytes, Stack size 28 bytes, sid19_readdtcinformationcfg.o(.text.SID_RDTCI_reportDTCByStatusMask_Callback))
<BR><BR>[Stack]<UL><LI>Max Depth = 28<LI>Call Chain = SID_RDTCI_reportDTCByStatusMask_Callback
</UL>
<BR>[Address Reference Count : 1]<UL><LI> sid19_readdtcinformationcfg.o(.rodata.Uds_SID_RDTCI)
</UL>
<P><STRONG><a name="[61]"></a>SID_RDTCI_reportDTCExtDataRecordByDTCNumber_Callback</STRONG> (Thumb, 138 bytes, Stack size 24 bytes, sid19_readdtcinformationcfg.o(.text.SID_RDTCI_reportDTCExtDataRecordByDTCNumber_Callback))
<BR><BR>[Stack]<UL><LI>Max Depth = 24<LI>Call Chain = SID_RDTCI_reportDTCExtDataRecordByDTCNumber_Callback
</UL>
<BR>[Address Reference Count : 1]<UL><LI> sid19_readdtcinformationcfg.o(.rodata.Uds_SID_RDTCI)
</UL>
<P><STRONG><a name="[60]"></a>SID_RDTCI_reportDTCSnapshotRecordByDTCNumber_Callback</STRONG> (Thumb, 154 bytes, Stack size 28 bytes, sid19_readdtcinformationcfg.o(.text.SID_RDTCI_reportDTCSnapshotRecordByDTCNumber_Callback))
<BR><BR>[Stack]<UL><LI>Max Depth = 28<LI>Call Chain = SID_RDTCI_reportDTCSnapshotRecordByDTCNumber_Callback
</UL>
<BR>[Address Reference Count : 1]<UL><LI> sid19_readdtcinformationcfg.o(.rodata.Uds_SID_RDTCI)
</UL>
<P><STRONG><a name="[5e]"></a>SID_RDTCI_reportNumberOfDTCByStatusMask_Callback</STRONG> (Thumb, 76 bytes, Stack size 16 bytes, sid19_readdtcinformationcfg.o(.text.SID_RDTCI_reportNumberOfDTCByStatusMask_Callback))
<BR><BR>[Stack]<UL><LI>Max Depth = 16<LI>Call Chain = SID_RDTCI_reportNumberOfDTCByStatusMask_Callback
</UL>
<BR>[Address Reference Count : 1]<UL><LI> sid19_readdtcinformationcfg.o(.rodata.Uds_SID_RDTCI)
</UL>
<P><STRONG><a name="[62]"></a>SID_RDTCI_reportSupportedDTC_Callback</STRONG> (Thumb, 94 bytes, Stack size 20 bytes, sid19_readdtcinformationcfg.o(.text.SID_RDTCI_reportSupportedDTC_Callback))
<BR><BR>[Stack]<UL><LI>Max Depth = 20<LI>Call Chain = SID_RDTCI_reportSupportedDTC_Callback
</UL>
<BR>[Address Reference Count : 1]<UL><LI> sid19_readdtcinformationcfg.o(.rodata.Uds_SID_RDTCI)
</UL>
<P><STRONG><a name="[1c]"></a>SID_RD_Analysis</STRONG> (Thumb, 14 bytes, Stack size 0 bytes, sid34_requestdownload.o(.text.SID_RD_Analysis))
<BR>[Address Reference Count : 1]<UL><LI> dcm_drvcfg.o(.rodata.Uds_Cfg_Info)
</UL>
<P><STRONG><a name="[a7]"></a>SID_RD_Appl_Deal</STRONG> (Thumb, 4 bytes, Stack size 0 bytes, sid34_requestdownload.o(.text.SID_RD_Appl_Deal))
<BR><BR>[Called By]<UL><LI><a href="#[a1]">&gt;&gt;</a>&nbsp;&nbsp;&nbsp;UdsFunc_Receiver_Appl_Deal
</UL>

<P><STRONG><a name="[8b]"></a>SID_RD_Callback</STRONG> (Thumb, 280 bytes, Stack size 24 bytes, sid34_requestdownloadcfg.o(.text.SID_RD_Callback), UNUSED)
<BR><BR>[Calls]<UL><LI><a href="#[88]">&gt;&gt;</a>&nbsp;&nbsp;&nbsp;puts
<LI><a href="#[86]">&gt;&gt;</a>&nbsp;&nbsp;&nbsp;__2printf
</UL>

<P><STRONG><a name="[1e]"></a>SID_RTE_Analysis</STRONG> (Thumb, 14 bytes, Stack size 0 bytes, sid37_requesttransferexit.o(.text.SID_RTE_Analysis))
<BR>[Address Reference Count : 1]<UL><LI> dcm_drvcfg.o(.rodata.Uds_Cfg_Info)
</UL>
<P><STRONG><a name="[a4]"></a>SID_RTE_Appl_Deal</STRONG> (Thumb, 4 bytes, Stack size 0 bytes, sid37_requesttransferexit.o(.text.SID_RTE_Appl_Deal))
<BR><BR>[Called By]<UL><LI><a href="#[a1]">&gt;&gt;</a>&nbsp;&nbsp;&nbsp;UdsFunc_Receiver_Appl_Deal
</UL>

<P><STRONG><a name="[c3]"></a>SID_RTE_Callback</STRONG> (Thumb, 46 bytes, Stack size 0 bytes, sid37_requesttransferexitcfg.o(.text.SID_RTE_Callback), UNUSED)

<P><STRONG><a name="[17]"></a>SID_SA_Analysis</STRONG> (Thumb, 56 bytes, Stack size 0 bytes, sid27_securityaccess.o(.text.SID_SA_Analysis))
<BR>[Address Reference Count : 1]<UL><LI> dcm_drvcfg.o(.rodata.Uds_Cfg_Info)
</UL>
<P><STRONG><a name="[a9]"></a>SID_SA_Appl_Deal</STRONG> (Thumb, 120 bytes, Stack size 16 bytes, sid27_securityaccess.o(.text.SID_SA_Appl_Deal))
<BR><BR>[Stack]<UL><LI>Max Depth = 16<LI>Call Chain = SID_SA_Appl_Deal
</UL>
<BR>[Called By]<UL><LI><a href="#[a1]">&gt;&gt;</a>&nbsp;&nbsp;&nbsp;UdsFunc_Receiver_Appl_Deal
</UL>

<P><STRONG><a name="[63]"></a>SID_SA_SUBID_RSD_Callback</STRONG> (Thumb, 116 bytes, Stack size 16 bytes, sid27_securityaccesscfg.o(.text.SID_SA_SUBID_RSD_Callback))
<BR><BR>[Stack]<UL><LI>Max Depth = 24<LI>Call Chain = SID_SA_SUBID_RSD_Callback &rArr; AES_CBC_CMAC_GetRandom
</UL>
<BR>[Calls]<UL><LI><a href="#[8c]">&gt;&gt;</a>&nbsp;&nbsp;&nbsp;AES_CBC_CMAC_GetRandom
</UL>
<BR>[Address Reference Count : 1]<UL><LI> sid27_securityaccesscfg.o(.rodata.Uds_SID_SA)
</UL>
<P><STRONG><a name="[64]"></a>SID_SA_SUBID_SK_Callback</STRONG> (Thumb, 124 bytes, Stack size 40 bytes, sid27_securityaccesscfg.o(.text.SID_SA_SUBID_SK_Callback))
<BR><BR>[Stack]<UL><LI>Max Depth = 256<LI>Call Chain = SID_SA_SUBID_SK_Callback &rArr; AES_CBC_CMAC_EncryptData &rArr; AES_CMAC &rArr; aes_enc_dec
</UL>
<BR>[Calls]<UL><LI><a href="#[6f]">&gt;&gt;</a>&nbsp;&nbsp;&nbsp;AES_CBC_CMAC_EncryptData
</UL>
<BR>[Address Reference Count : 1]<UL><LI> sid27_securityaccesscfg.o(.rodata.Uds_SID_SA)
</UL>
<P><STRONG><a name="[1d]"></a>SID_TD_Analysis</STRONG> (Thumb, 14 bytes, Stack size 0 bytes, sid36_transferdata.o(.text.SID_TD_Analysis))
<BR>[Address Reference Count : 1]<UL><LI> dcm_drvcfg.o(.rodata.Uds_Cfg_Info)
</UL>
<P><STRONG><a name="[ae]"></a>SID_TD_Appl_Deal</STRONG> (Thumb, 4 bytes, Stack size 0 bytes, sid36_transferdata.o(.text.SID_TD_Appl_Deal))
<BR><BR>[Called By]<UL><LI><a href="#[a1]">&gt;&gt;</a>&nbsp;&nbsp;&nbsp;UdsFunc_Receiver_Appl_Deal
</UL>

<P><STRONG><a name="[c4]"></a>SID_TD_Callback</STRONG> (Thumb, 4 bytes, Stack size 0 bytes, sid36_transferdatacfg.o(.text.SID_TD_Callback), UNUSED)

<P><STRONG><a name="[18]"></a>SID_TP_Analysis</STRONG> (Thumb, 48 bytes, Stack size 0 bytes, sid3e_testerprsent.o(.text.SID_TP_Analysis))
<BR>[Address Reference Count : 1]<UL><LI> dcm_drvcfg.o(.rodata.Uds_Cfg_Info)
</UL>
<P><STRONG><a name="[ab]"></a>SID_TP_Appl_Deal</STRONG> (Thumb, 116 bytes, Stack size 16 bytes, sid3e_testerprsent.o(.text.SID_TP_Appl_Deal))
<BR><BR>[Stack]<UL><LI>Max Depth = 16<LI>Call Chain = SID_TP_Appl_Deal
</UL>
<BR>[Called By]<UL><LI><a href="#[a1]">&gt;&gt;</a>&nbsp;&nbsp;&nbsp;UdsFunc_Receiver_Appl_Deal
</UL>

<P><STRONG><a name="[65]"></a>SID_TP_SUBID_ZSUBF_Callback</STRONG> (Thumb, 18 bytes, Stack size 0 bytes, sid3e_testerprsentcfg.o(.text.SID_TP_SUBID_ZSUBF_Callback))
<BR>[Address Reference Count : 1]<UL><LI> sid3e_testerprsentcfg.o(.rodata.Uds_SID_TP)
</UL>
<P><STRONG><a name="[1a]"></a>SID_WDBI_Analysis</STRONG> (Thumb, 78 bytes, Stack size 8 bytes, sid2e_writedatabyldentifier.o(.text.SID_WDBI_Analysis))
<BR><BR>[Stack]<UL><LI>Max Depth = 8<LI>Call Chain = SID_WDBI_Analysis
</UL>
<BR>[Address Reference Count : 1]<UL><LI> dcm_drvcfg.o(.rodata.Uds_Cfg_Info)
</UL>
<P><STRONG><a name="[aa]"></a>SID_WDBI_Appl_Deal</STRONG> (Thumb, 112 bytes, Stack size 24 bytes, sid2e_writedatabyldentifier.o(.text.SID_WDBI_Appl_Deal))
<BR><BR>[Stack]<UL><LI>Max Depth = 24<LI>Call Chain = SID_WDBI_Appl_Deal
</UL>
<BR>[Called By]<UL><LI><a href="#[a1]">&gt;&gt;</a>&nbsp;&nbsp;&nbsp;UdsFunc_Receiver_Appl_Deal
</UL>

<P><STRONG><a name="[66]"></a>SID_WDBI_DID_F198_Callback</STRONG> (Thumb, 18 bytes, Stack size 0 bytes, sid2e_writedatabyldentifiercfg.o(.text.SID_WDBI_DID_F198_Callback))
<BR>[Address Reference Count : 1]<UL><LI> sid2e_writedatabyldentifiercfg.o(.rodata.Uds_SID_WDBI)
</UL>
<P><STRONG><a name="[89]"></a>SyncDFlash</STRONG> (Thumb, 4 bytes, Stack size 0 bytes, ab_swap.o(.text.SyncDFlash))
<BR><BR>[Called By]<UL><LI><a href="#[30]">&gt;&gt;</a>&nbsp;&nbsp;&nbsp;SID_RC_SUBID_STR_Callback
</UL>

<P><STRONG><a name="[a]"></a>SysTick_Handler</STRONG> (Thumb, 54 bytes, Stack size 0 bytes, systick.o(.text.SysTick_Handler))
<BR>[Address Reference Count : 1]<UL><LI> startup.o(.fixed_vectors)
</UL>
<P><STRONG><a name="[8f]"></a>SystemCoreClockUpdate</STRONG> (Thumb, 138 bytes, Stack size 0 bytes, bsp_clocks.o(.text.SystemCoreClockUpdate))
<BR><BR>[Called By]<UL><LI><a href="#[8d]">&gt;&gt;</a>&nbsp;&nbsp;&nbsp;bsp_clock_init
<LI><a href="#[83]">&gt;&gt;</a>&nbsp;&nbsp;&nbsp;SystemInit
</UL>

<P><STRONG><a name="[83]"></a>SystemInit</STRONG> (Thumb, 524 bytes, Stack size 24 bytes, system.o(.text.SystemInit))
<BR><BR>[Stack]<UL><LI>Max Depth = 96<LI>Call Chain = SystemInit &rArr; R_BSP_WarmStart &rArr; R_IOPORT_Open &rArr; r_ioport_pins_config &rArr; bsp_vbatt_init &rArr; R_BSP_RegisterProtectDisable
</UL>
<BR>[Calls]<UL><LI><a href="#[8a]">&gt;&gt;</a>&nbsp;&nbsp;&nbsp;__aeabi_memclr4
<LI><a href="#[8e]">&gt;&gt;</a>&nbsp;&nbsp;&nbsp;__aeabi_memcpy4
<LI><a href="#[91]">&gt;&gt;</a>&nbsp;&nbsp;&nbsp;bsp_init
<LI><a href="#[90]">&gt;&gt;</a>&nbsp;&nbsp;&nbsp;bsp_irq_cfg
<LI><a href="#[7d]">&gt;&gt;</a>&nbsp;&nbsp;&nbsp;R_BSP_RegisterProtectEnable
<LI><a href="#[7c]">&gt;&gt;</a>&nbsp;&nbsp;&nbsp;R_BSP_RegisterProtectDisable
<LI><a href="#[7a]">&gt;&gt;</a>&nbsp;&nbsp;&nbsp;R_BSP_Init_RTC
<LI><a href="#[8f]">&gt;&gt;</a>&nbsp;&nbsp;&nbsp;SystemCoreClockUpdate
<LI><a href="#[8d]">&gt;&gt;</a>&nbsp;&nbsp;&nbsp;bsp_clock_init
<LI><a href="#[7f]">&gt;&gt;</a>&nbsp;&nbsp;&nbsp;R_BSP_WarmStart
</UL>
<BR>[Called By]<UL><LI><a href="#[0]">&gt;&gt;</a>&nbsp;&nbsp;&nbsp;Reset_Handler
</UL>

<P><STRONG><a name="[92]"></a>TpFunc_HalfDuplex_Task</STRONG> (Thumb, 36 bytes, Stack size 0 bytes, tp_can_drv.o(.text.TpFunc_HalfDuplex_Task))
<BR><BR>[Stack]<UL><LI>Max Depth = 44<LI>Call Chain = TpFunc_HalfDuplex_Task &rArr; TpFunc_Receiver_Task &rArr; TpFunc_Receiver_CF_PDU_Handle
</UL>
<BR>[Calls]<UL><LI><a href="#[94]">&gt;&gt;</a>&nbsp;&nbsp;&nbsp;TpFunc_Receiver_Task
<LI><a href="#[93]">&gt;&gt;</a>&nbsp;&nbsp;&nbsp;TpFunc_Sender_Task
</UL>
<BR>[Called By]<UL><LI><a href="#[9a]">&gt;&gt;</a>&nbsp;&nbsp;&nbsp;UDS
</UL>

<P><STRONG><a name="[9e]"></a>TpFunc_Init</STRONG> (Thumb, 114 bytes, Stack size 0 bytes, tp_can_drv.o(.text.TpFunc_Init))
<BR><BR>[Called By]<UL><LI><a href="#[9d]">&gt;&gt;</a>&nbsp;&nbsp;&nbsp;UDSInit
</UL>

<P><STRONG><a name="[98]"></a>TpFunc_Recv_Handle</STRONG> (Thumb, 244 bytes, Stack size 24 bytes, tp_can_drv.o(.text.TpFunc_Recv_Handle))
<BR><BR>[Stack]<UL><LI>Max Depth = 48<LI>Call Chain = TpFunc_Recv_Handle &rArr; HLI_CanFD_Write &rArr; R_CANFD_Write
</UL>
<BR>[Calls]<UL><LI><a href="#[78]">&gt;&gt;</a>&nbsp;&nbsp;&nbsp;HLI_CanFD_Write
<LI><a href="#[71]">&gt;&gt;</a>&nbsp;&nbsp;&nbsp;__aeabi_memcpy
</UL>
<BR>[Called By]<UL><LI><a href="#[b5]">&gt;&gt;</a>&nbsp;&nbsp;&nbsp;hal_entry
</UL>

<P><STRONG><a name="[99]"></a>TpFunc_Send_Handle</STRONG> (Thumb, 132 bytes, Stack size 32 bytes, tp_can_drv.o(.text.TpFunc_Send_Handle))
<BR><BR>[Stack]<UL><LI>Max Depth = 56<LI>Call Chain = TpFunc_Send_Handle &rArr; HLI_CanFD_Write &rArr; R_CANFD_Write
</UL>
<BR>[Calls]<UL><LI><a href="#[78]">&gt;&gt;</a>&nbsp;&nbsp;&nbsp;HLI_CanFD_Write
</UL>
<BR>[Called By]<UL><LI><a href="#[9a]">&gt;&gt;</a>&nbsp;&nbsp;&nbsp;UDS
</UL>

<P><STRONG><a name="[9a]"></a>UDS</STRONG> (Thumb, 22 bytes, Stack size 8 bytes, uds.o(.text.UDS))
<BR><BR>[Stack]<UL><LI>Max Depth = 72<LI>Call Chain = UDS &rArr; UdsFunc_Task &rArr; UdsFunc_Receiver_Appl_Deal &rArr; SID_RDBI_Appl_Deal
</UL>
<BR>[Calls]<UL><LI><a href="#[9b]">&gt;&gt;</a>&nbsp;&nbsp;&nbsp;UdsFunc_Delay1ms_Handle
<LI><a href="#[9c]">&gt;&gt;</a>&nbsp;&nbsp;&nbsp;UdsFunc_Task
<LI><a href="#[92]">&gt;&gt;</a>&nbsp;&nbsp;&nbsp;TpFunc_HalfDuplex_Task
<LI><a href="#[99]">&gt;&gt;</a>&nbsp;&nbsp;&nbsp;TpFunc_Send_Handle
</UL>
<BR>[Called By]<UL><LI><a href="#[b5]">&gt;&gt;</a>&nbsp;&nbsp;&nbsp;hal_entry
</UL>

<P><STRONG><a name="[9d]"></a>UDSInit</STRONG> (Thumb, 14 bytes, Stack size 8 bytes, uds.o(.text.UDSInit))
<BR><BR>[Stack]<UL><LI>Max Depth = 8<LI>Call Chain = UDSInit
</UL>
<BR>[Calls]<UL><LI><a href="#[9f]">&gt;&gt;</a>&nbsp;&nbsp;&nbsp;UdsFunc_Init
<LI><a href="#[9e]">&gt;&gt;</a>&nbsp;&nbsp;&nbsp;TpFunc_Init
</UL>
<BR>[Called By]<UL><LI><a href="#[b5]">&gt;&gt;</a>&nbsp;&nbsp;&nbsp;hal_entry
</UL>

<P><STRONG><a name="[9b]"></a>UdsFunc_Delay1ms_Handle</STRONG> (Thumb, 28 bytes, Stack size 0 bytes, dcm_drv.o(.text.UdsFunc_Delay1ms_Handle))
<BR><BR>[Called By]<UL><LI><a href="#[9a]">&gt;&gt;</a>&nbsp;&nbsp;&nbsp;UDS
</UL>

<P><STRONG><a name="[9f]"></a>UdsFunc_Init</STRONG> (Thumb, 140 bytes, Stack size 0 bytes, dcm_drv.o(.text.UdsFunc_Init))
<BR><BR>[Called By]<UL><LI><a href="#[9d]">&gt;&gt;</a>&nbsp;&nbsp;&nbsp;UDSInit
</UL>

<P><STRONG><a name="[a0]"></a>UdsFunc_PDU_Analysis</STRONG> (Thumb, 314 bytes, Stack size 16 bytes, dcm_drv.o(.text.UdsFunc_PDU_Analysis))
<BR><BR>[Stack]<UL><LI>Max Depth = 16<LI>Call Chain = UdsFunc_PDU_Analysis
</UL>
<BR>[Calls]<UL><LI><a href="#[85]">&gt;&gt;</a>&nbsp;&nbsp;&nbsp;ChangeSession_Init
</UL>
<BR>[Called By]<UL><LI><a href="#[9c]">&gt;&gt;</a>&nbsp;&nbsp;&nbsp;UdsFunc_Task
</UL>

<P><STRONG><a name="[a1]"></a>UdsFunc_Receiver_Appl_Deal</STRONG> (Thumb, 518 bytes, Stack size 8 bytes, dcm_drv.o(.text.UdsFunc_Receiver_Appl_Deal))
<BR><BR>[Stack]<UL><LI>Max Depth = 56<LI>Call Chain = UdsFunc_Receiver_Appl_Deal &rArr; SID_RDBI_Appl_Deal
</UL>
<BR>[Calls]<UL><LI><a href="#[af]">&gt;&gt;</a>&nbsp;&nbsp;&nbsp;SID_RC_Appl_Deal
<LI><a href="#[ae]">&gt;&gt;</a>&nbsp;&nbsp;&nbsp;SID_TD_Appl_Deal
<LI><a href="#[ad]">&gt;&gt;</a>&nbsp;&nbsp;&nbsp;SID_RDBI_Appl_Deal
<LI><a href="#[ac]">&gt;&gt;</a>&nbsp;&nbsp;&nbsp;SID_CDTCI_Appl_Deal
<LI><a href="#[ab]">&gt;&gt;</a>&nbsp;&nbsp;&nbsp;SID_TP_Appl_Deal
<LI><a href="#[aa]">&gt;&gt;</a>&nbsp;&nbsp;&nbsp;SID_WDBI_Appl_Deal
<LI><a href="#[a9]">&gt;&gt;</a>&nbsp;&nbsp;&nbsp;SID_SA_Appl_Deal
<LI><a href="#[a8]">&gt;&gt;</a>&nbsp;&nbsp;&nbsp;SID_ER_Appl_Deal
<LI><a href="#[a7]">&gt;&gt;</a>&nbsp;&nbsp;&nbsp;SID_RD_Appl_Deal
<LI><a href="#[a6]">&gt;&gt;</a>&nbsp;&nbsp;&nbsp;SID_CDTCS_Appl_Deal
<LI><a href="#[a5]">&gt;&gt;</a>&nbsp;&nbsp;&nbsp;SID_CC_Appl_Deal
<LI><a href="#[a4]">&gt;&gt;</a>&nbsp;&nbsp;&nbsp;SID_RTE_Appl_Deal
<LI><a href="#[a3]">&gt;&gt;</a>&nbsp;&nbsp;&nbsp;SID_RDTCI_Appl_Deal
<LI><a href="#[a2]">&gt;&gt;</a>&nbsp;&nbsp;&nbsp;SID_DSC_Appl_Deal
</UL>
<BR>[Called By]<UL><LI><a href="#[9c]">&gt;&gt;</a>&nbsp;&nbsp;&nbsp;UdsFunc_Task
</UL>

<P><STRONG><a name="[b0]"></a>UdsFunc_Receiver_Response</STRONG> (Thumb, 132 bytes, Stack size 0 bytes, dcm_drv.o(.text.UdsFunc_Receiver_Response))
<BR><BR>[Called By]<UL><LI><a href="#[9c]">&gt;&gt;</a>&nbsp;&nbsp;&nbsp;UdsFunc_Task
</UL>

<P><STRONG><a name="[9c]"></a>UdsFunc_Task</STRONG> (Thumb, 18 bytes, Stack size 8 bytes, dcm_drv.o(.text.UdsFunc_Task))
<BR><BR>[Stack]<UL><LI>Max Depth = 64<LI>Call Chain = UdsFunc_Task &rArr; UdsFunc_Receiver_Appl_Deal &rArr; SID_RDBI_Appl_Deal
</UL>
<BR>[Calls]<UL><LI><a href="#[b0]">&gt;&gt;</a>&nbsp;&nbsp;&nbsp;UdsFunc_Receiver_Response
<LI><a href="#[a1]">&gt;&gt;</a>&nbsp;&nbsp;&nbsp;UdsFunc_Receiver_Appl_Deal
<LI><a href="#[a0]">&gt;&gt;</a>&nbsp;&nbsp;&nbsp;UdsFunc_PDU_Analysis
</UL>
<BR>[Called By]<UL><LI><a href="#[9a]">&gt;&gt;</a>&nbsp;&nbsp;&nbsp;UDS
</UL>

<P><STRONG><a name="[75]"></a>__aeabi_assert</STRONG> (Thumb, 6 bytes, Stack size 0 bytes, bsp_common.o(.text.__aeabi_assert))
<BR><BR>[Called By]<UL><LI><a href="#[78]">&gt;&gt;</a>&nbsp;&nbsp;&nbsp;HLI_CanFD_Write
<LI><a href="#[73]">&gt;&gt;</a>&nbsp;&nbsp;&nbsp;CANFD1_Init
<LI><a href="#[76]">&gt;&gt;</a>&nbsp;&nbsp;&nbsp;Debug_UART9_Init
</UL>

<P><STRONG><a name="[72]"></a>aes_enc_dec</STRONG> (Thumb, 926 bytes, Stack size 80 bytes, aes_cbc_cmac.o(.text.aes_enc_dec))
<BR><BR>[Stack]<UL><LI>Max Depth = 80<LI>Call Chain = aes_enc_dec
</UL>
<BR>[Called By]<UL><LI><a href="#[70]">&gt;&gt;</a>&nbsp;&nbsp;&nbsp;AES_CMAC
</UL>

<P><STRONG><a name="[8d]"></a>bsp_clock_init</STRONG> (Thumb, 576 bytes, Stack size 32 bytes, bsp_clocks.o(.text.bsp_clock_init))
<BR><BR>[Stack]<UL><LI>Max Depth = 32<LI>Call Chain = bsp_clock_init
</UL>
<BR>[Calls]<UL><LI><a href="#[b1]">&gt;&gt;</a>&nbsp;&nbsp;&nbsp;R_BSP_SubClockStabilizeWaitAfterReset
<LI><a href="#[7b]">&gt;&gt;</a>&nbsp;&nbsp;&nbsp;R_BSP_SoftwareDelay
<LI><a href="#[8f]">&gt;&gt;</a>&nbsp;&nbsp;&nbsp;SystemCoreClockUpdate
</UL>
<BR>[Called By]<UL><LI><a href="#[83]">&gt;&gt;</a>&nbsp;&nbsp;&nbsp;SystemInit
</UL>

<P><STRONG><a name="[91]"></a>bsp_init</STRONG> (Thumb, 2 bytes, Stack size 0 bytes, bsp_common.o(.text.bsp_init_internal))
<BR><BR>[Called By]<UL><LI><a href="#[83]">&gt;&gt;</a>&nbsp;&nbsp;&nbsp;SystemInit
</UL>

<P><STRONG><a name="[c5]"></a>bsp_init_internal</STRONG> (Thumb, 2 bytes, Stack size 0 bytes, bsp_common.o(.text.bsp_init_internal), UNUSED)

<P><STRONG><a name="[90]"></a>bsp_irq_cfg</STRONG> (Thumb, 40 bytes, Stack size 8 bytes, bsp_irq.o(.text.bsp_irq_cfg))
<BR><BR>[Stack]<UL><LI>Max Depth = 8<LI>Call Chain = bsp_irq_cfg
</UL>
<BR>[Called By]<UL><LI><a href="#[83]">&gt;&gt;</a>&nbsp;&nbsp;&nbsp;SystemInit
</UL>

<P><STRONG><a name="[7e]"></a>bsp_prv_software_delay_loop</STRONG> (Thumb, 8 bytes, Stack size 0 bytes, bsp_delay.o(.text.bsp_prv_software_delay_loop))
<BR><BR>[Calls]<UL><LI><a href="#[7e]">&gt;&gt;</a>&nbsp;&nbsp;&nbsp;bsp_prv_software_delay_loop
</UL>
<BR>[Called By]<UL><LI><a href="#[7e]">&gt;&gt;</a>&nbsp;&nbsp;&nbsp;bsp_prv_software_delay_loop
<LI><a href="#[7b]">&gt;&gt;</a>&nbsp;&nbsp;&nbsp;R_BSP_SoftwareDelay
</UL>

<P><STRONG><a name="[67]"></a>canfd1_callback</STRONG> (Thumb, 150 bytes, Stack size 8 bytes, bsp_canfd1.o(.text.canfd1_callback))
<BR><BR>[Stack]<UL><LI>Max Depth = 8<LI>Call Chain = canfd1_callback
</UL>
<BR>[Calls]<UL><LI><a href="#[8e]">&gt;&gt;</a>&nbsp;&nbsp;&nbsp;__aeabi_memcpy4
</UL>
<BR>[Address Reference Count : 1]<UL><LI> hal_data.o(.rodata.g_canfd1_cfg)
</UL>
<P><STRONG><a name="[10]"></a>canfd_channel_tx_isr</STRONG> (Thumb, 260 bytes, Stack size 240 bytes, r_canfd.o(.text.canfd_channel_tx_isr))
<BR><BR>[Stack]<UL><LI>Max Depth = 240<LI>Call Chain = canfd_channel_tx_isr
</UL>
<BR>[Calls]<UL><LI><a href="#[8e]">&gt;&gt;</a>&nbsp;&nbsp;&nbsp;__aeabi_memcpy4
</UL>
<BR>[Address Reference Count : 1]<UL><LI> vector_data.o(.application_vectors)
</UL>
<P><STRONG><a name="[11]"></a>canfd_common_fifo_rx_isr</STRONG> (Thumb, 194 bytes, Stack size 248 bytes, r_canfd.o(.text.canfd_common_fifo_rx_isr))
<BR><BR>[Stack]<UL><LI>Max Depth = 256<LI>Call Chain = canfd_common_fifo_rx_isr &rArr; r_canfd_mb_read
</UL>
<BR>[Calls]<UL><LI><a href="#[8e]">&gt;&gt;</a>&nbsp;&nbsp;&nbsp;__aeabi_memcpy4
<LI><a href="#[b3]">&gt;&gt;</a>&nbsp;&nbsp;&nbsp;r_canfd_mb_read
</UL>
<BR>[Address Reference Count : 1]<UL><LI> vector_data.o(.application_vectors)
</UL>
<P><STRONG><a name="[f]"></a>canfd_error_isr</STRONG> (Thumb, 326 bytes, Stack size 248 bytes, r_canfd.o(.text.canfd_error_isr))
<BR><BR>[Stack]<UL><LI>Max Depth = 248<LI>Call Chain = canfd_error_isr
</UL>
<BR>[Calls]<UL><LI><a href="#[8a]">&gt;&gt;</a>&nbsp;&nbsp;&nbsp;__aeabi_memclr4
<LI><a href="#[8e]">&gt;&gt;</a>&nbsp;&nbsp;&nbsp;__aeabi_memcpy4
</UL>
<BR>[Address Reference Count : 1]<UL><LI> vector_data.o(.application_vectors)
</UL>
<P><STRONG><a name="[12]"></a>canfd_rx_fifo_isr</STRONG> (Thumb, 260 bytes, Stack size 248 bytes, r_canfd.o(.text.canfd_rx_fifo_isr))
<BR><BR>[Stack]<UL><LI>Max Depth = 256<LI>Call Chain = canfd_rx_fifo_isr &rArr; r_canfd_mb_read
</UL>
<BR>[Calls]<UL><LI><a href="#[8e]">&gt;&gt;</a>&nbsp;&nbsp;&nbsp;__aeabi_memcpy4
<LI><a href="#[b3]">&gt;&gt;</a>&nbsp;&nbsp;&nbsp;r_canfd_mb_read
</UL>
<BR>[Address Reference Count : 1]<UL><LI> vector_data.o(.application_vectors)
</UL>
<P><STRONG><a name="[68]"></a>debug_uart9_callback</STRONG> (Thumb, 44 bytes, Stack size 0 bytes, bsp_debug_uart.o(.text.debug_uart9_callback))
<BR><BR>[Calls]<UL><LI><a href="#[b4]">&gt;&gt;</a>&nbsp;&nbsp;&nbsp;R_SCI_B_UART_Write
</UL>
<BR>[Address Reference Count : 1]<UL><LI> hal_data.o(.rodata.g_uart9_cfg)
</UL>
<P><STRONG><a name="[13]"></a>fputc</STRONG> (Thumb, 50 bytes, Stack size 16 bytes, bsp_debug_uart.o(.text.fputc))
<BR><BR>[Stack]<UL><LI>Max Depth = 16<LI>Call Chain = fputc
</UL>
<BR>[Calls]<UL><LI><a href="#[b4]">&gt;&gt;</a>&nbsp;&nbsp;&nbsp;R_SCI_B_UART_Write
</UL>
<BR>[Called By]<UL><LI><a href="#[88]">&gt;&gt;</a>&nbsp;&nbsp;&nbsp;puts
</UL>
<BR>[Address Reference Count : 1]<UL><LI> printf8.o(i.__0printf$8)
</UL>
<P><STRONG><a name="[b5]"></a>hal_entry</STRONG> (Thumb, 196 bytes, Stack size 8 bytes, hal_entry.o(.text.hal_entry))
<BR><BR>[Stack]<UL><LI>Max Depth = 80<LI>Call Chain = hal_entry &rArr; UDS &rArr; UdsFunc_Task &rArr; UdsFunc_Receiver_Appl_Deal &rArr; SID_RDBI_Appl_Deal
</UL>
<BR>[Calls]<UL><LI><a href="#[98]">&gt;&gt;</a>&nbsp;&nbsp;&nbsp;TpFunc_Recv_Handle
<LI><a href="#[73]">&gt;&gt;</a>&nbsp;&nbsp;&nbsp;CANFD1_Init
<LI><a href="#[b6]">&gt;&gt;</a>&nbsp;&nbsp;&nbsp;hal_systick_init
<LI><a href="#[76]">&gt;&gt;</a>&nbsp;&nbsp;&nbsp;Debug_UART9_Init
<LI><a href="#[88]">&gt;&gt;</a>&nbsp;&nbsp;&nbsp;puts
<LI><a href="#[9a]">&gt;&gt;</a>&nbsp;&nbsp;&nbsp;UDS
<LI><a href="#[9d]">&gt;&gt;</a>&nbsp;&nbsp;&nbsp;UDSInit
<LI><a href="#[86]">&gt;&gt;</a>&nbsp;&nbsp;&nbsp;__2printf
</UL>
<BR>[Called By]<UL><LI><a href="#[84]">&gt;&gt;</a>&nbsp;&nbsp;&nbsp;main
</UL>

<P><STRONG><a name="[b6]"></a>hal_systick_init</STRONG> (Thumb, 70 bytes, Stack size 0 bytes, systick.o(.text.hal_systick_init))
<BR><BR>[Called By]<UL><LI><a href="#[b5]">&gt;&gt;</a>&nbsp;&nbsp;&nbsp;hal_entry
</UL>

<P><STRONG><a name="[84]"></a>main</STRONG> (Thumb, 10 bytes, Stack size 8 bytes, main.o(.text.main))
<BR><BR>[Stack]<UL><LI>Max Depth = 88<LI>Call Chain = main &rArr; hal_entry &rArr; UDS &rArr; UdsFunc_Task &rArr; UdsFunc_Receiver_Appl_Deal &rArr; SID_RDBI_Appl_Deal
</UL>
<BR>[Calls]<UL><LI><a href="#[b5]">&gt;&gt;</a>&nbsp;&nbsp;&nbsp;hal_entry
</UL>
<BR>[Called By]<UL><LI><a href="#[0]">&gt;&gt;</a>&nbsp;&nbsp;&nbsp;Reset_Handler
</UL>

<P><STRONG><a name="[e]"></a>sci_b_uart_eri_isr</STRONG> (Thumb, 134 bytes, Stack size 16 bytes, r_sci_b_uart.o(.text.sci_b_uart_eri_isr))
<BR><BR>[Stack]<UL><LI>Max Depth = 48<LI>Call Chain = sci_b_uart_eri_isr &rArr; r_sci_b_uart_call_callback
</UL>
<BR>[Calls]<UL><LI><a href="#[b7]">&gt;&gt;</a>&nbsp;&nbsp;&nbsp;r_sci_b_uart_call_callback
</UL>
<BR>[Address Reference Count : 1]<UL><LI> vector_data.o(.application_vectors)
</UL>
<P><STRONG><a name="[b]"></a>sci_b_uart_rxi_isr</STRONG> (Thumb, 136 bytes, Stack size 16 bytes, r_sci_b_uart.o(.text.sci_b_uart_rxi_isr))
<BR><BR>[Stack]<UL><LI>Max Depth = 48<LI>Call Chain = sci_b_uart_rxi_isr &rArr; r_sci_b_uart_call_callback
</UL>
<BR>[Calls]<UL><LI><a href="#[71]">&gt;&gt;</a>&nbsp;&nbsp;&nbsp;__aeabi_memcpy
<LI><a href="#[b7]">&gt;&gt;</a>&nbsp;&nbsp;&nbsp;r_sci_b_uart_call_callback
</UL>
<BR>[Address Reference Count : 1]<UL><LI> vector_data.o(.application_vectors)
</UL>
<P><STRONG><a name="[d]"></a>sci_b_uart_tei_isr</STRONG> (Thumb, 80 bytes, Stack size 8 bytes, r_sci_b_uart.o(.text.sci_b_uart_tei_isr))
<BR><BR>[Stack]<UL><LI>Max Depth = 40<LI>Call Chain = sci_b_uart_tei_isr &rArr; r_sci_b_uart_call_callback
</UL>
<BR>[Calls]<UL><LI><a href="#[b7]">&gt;&gt;</a>&nbsp;&nbsp;&nbsp;r_sci_b_uart_call_callback
</UL>
<BR>[Address Reference Count : 1]<UL><LI> vector_data.o(.application_vectors)
</UL>
<P><STRONG><a name="[c]"></a>sci_b_uart_txi_isr</STRONG> (Thumb, 138 bytes, Stack size 0 bytes, r_sci_b_uart.o(.text.sci_b_uart_txi_isr))
<BR><BR>[Stack]<UL><LI>Max Depth = 32<LI>Call Chain = sci_b_uart_txi_isr &rArr; r_sci_b_uart_call_callback
</UL>
<BR>[Calls]<UL><LI><a href="#[b7]">&gt;&gt;</a>&nbsp;&nbsp;&nbsp;r_sci_b_uart_call_callback
</UL>
<BR>[Address Reference Count : 1]<UL><LI> vector_data.o(.application_vectors)
</UL>
<P><STRONG><a name="[b8]"></a>__0printf$8</STRONG> (Thumb, 22 bytes, Stack size 24 bytes, printf8.o(i.__0printf$8), UNUSED)
<BR><BR>[Calls]<UL><LI><a href="#[b9]">&gt;&gt;</a>&nbsp;&nbsp;&nbsp;_printf_core
</UL>

<P><STRONG><a name="[c6]"></a>__1printf$8</STRONG> (Thumb, 0 bytes, Stack size 24 bytes, printf8.o(i.__0printf$8), UNUSED)

<P><STRONG><a name="[86]"></a>__2printf</STRONG> (Thumb, 0 bytes, Stack size 24 bytes, printf8.o(i.__0printf$8))
<BR><BR>[Stack]<UL><LI>Max Depth = 24<LI>Call Chain = __2printf
</UL>
<BR>[Called By]<UL><LI><a href="#[b5]">&gt;&gt;</a>&nbsp;&nbsp;&nbsp;hal_entry
<LI><a href="#[8b]">&gt;&gt;</a>&nbsp;&nbsp;&nbsp;SID_RD_Callback
<LI><a href="#[30]">&gt;&gt;</a>&nbsp;&nbsp;&nbsp;SID_RC_SUBID_STR_Callback
</UL>

<P><STRONG><a name="[88]"></a>puts</STRONG> (Thumb, 30 bytes, Stack size 8 bytes, puts.o(i.puts))
<BR><BR>[Stack]<UL><LI>Max Depth = 24<LI>Call Chain = puts &rArr; fputc
</UL>
<BR>[Calls]<UL><LI><a href="#[13]">&gt;&gt;</a>&nbsp;&nbsp;&nbsp;fputc
</UL>
<BR>[Called By]<UL><LI><a href="#[b5]">&gt;&gt;</a>&nbsp;&nbsp;&nbsp;hal_entry
<LI><a href="#[8b]">&gt;&gt;</a>&nbsp;&nbsp;&nbsp;SID_RD_Callback
<LI><a href="#[30]">&gt;&gt;</a>&nbsp;&nbsp;&nbsp;SID_RC_SUBID_STR_Callback
</UL>
<P>
<H3>
Local Symbols
</H3>
<P><STRONG><a name="[93]"></a>TpFunc_Sender_Task</STRONG> (Thumb, 598 bytes, Stack size 24 bytes, tp_can_drv.o(.text.TpFunc_Sender_Task))
<BR><BR>[Stack]<UL><LI>Max Depth = 24<LI>Call Chain = TpFunc_Sender_Task
</UL>
<BR>[Calls]<UL><LI><a href="#[69]">&gt;&gt;</a>&nbsp;&nbsp;&nbsp;__aeabi_memclr
</UL>
<BR>[Called By]<UL><LI><a href="#[92]">&gt;&gt;</a>&nbsp;&nbsp;&nbsp;TpFunc_HalfDuplex_Task
</UL>

<P><STRONG><a name="[94]"></a>TpFunc_Receiver_Task</STRONG> (Thumb, 288 bytes, Stack size 16 bytes, tp_can_drv.o(.text.TpFunc_Receiver_Task))
<BR><BR>[Stack]<UL><LI>Max Depth = 44<LI>Call Chain = TpFunc_Receiver_Task &rArr; TpFunc_Receiver_CF_PDU_Handle
</UL>
<BR>[Calls]<UL><LI><a href="#[97]">&gt;&gt;</a>&nbsp;&nbsp;&nbsp;TpFunc_Receiver_CF_PDU_Handle
<LI><a href="#[96]">&gt;&gt;</a>&nbsp;&nbsp;&nbsp;TpFunc_Receiver_FF_PDU_Handle
<LI><a href="#[95]">&gt;&gt;</a>&nbsp;&nbsp;&nbsp;TpFunc_Receiver_SF_PDU_Handle
</UL>
<BR>[Called By]<UL><LI><a href="#[92]">&gt;&gt;</a>&nbsp;&nbsp;&nbsp;TpFunc_HalfDuplex_Task
</UL>

<P><STRONG><a name="[95]"></a>TpFunc_Receiver_SF_PDU_Handle</STRONG> (Thumb, 170 bytes, Stack size 8 bytes, tp_can_drv.o(.text.TpFunc_Receiver_SF_PDU_Handle))
<BR><BR>[Stack]<UL><LI>Max Depth = 8<LI>Call Chain = TpFunc_Receiver_SF_PDU_Handle
</UL>
<BR>[Called By]<UL><LI><a href="#[94]">&gt;&gt;</a>&nbsp;&nbsp;&nbsp;TpFunc_Receiver_Task
</UL>

<P><STRONG><a name="[96]"></a>TpFunc_Receiver_FF_PDU_Handle</STRONG> (Thumb, 282 bytes, Stack size 16 bytes, tp_can_drv.o(.text.TpFunc_Receiver_FF_PDU_Handle))
<BR><BR>[Stack]<UL><LI>Max Depth = 16<LI>Call Chain = TpFunc_Receiver_FF_PDU_Handle
</UL>
<BR>[Called By]<UL><LI><a href="#[94]">&gt;&gt;</a>&nbsp;&nbsp;&nbsp;TpFunc_Receiver_Task
</UL>

<P><STRONG><a name="[97]"></a>TpFunc_Receiver_CF_PDU_Handle</STRONG> (Thumb, 196 bytes, Stack size 28 bytes, tp_can_drv.o(.text.TpFunc_Receiver_CF_PDU_Handle))
<BR><BR>[Stack]<UL><LI>Max Depth = 28<LI>Call Chain = TpFunc_Receiver_CF_PDU_Handle
</UL>
<BR>[Called By]<UL><LI><a href="#[94]">&gt;&gt;</a>&nbsp;&nbsp;&nbsp;TpFunc_Receiver_Task
</UL>

<P><STRONG><a name="[81]"></a>r_canfd_mode_transition</STRONG> (Thumb, 222 bytes, Stack size 8 bytes, r_canfd.o(.text.r_canfd_mode_transition))
<BR><BR>[Stack]<UL><LI>Max Depth = 8<LI>Call Chain = r_canfd_mode_transition
</UL>
<BR>[Called By]<UL><LI><a href="#[74]">&gt;&gt;</a>&nbsp;&nbsp;&nbsp;R_CANFD_Open
</UL>

<P><STRONG><a name="[b3]"></a>r_canfd_mb_read</STRONG> (Thumb, 168 bytes, Stack size 8 bytes, r_canfd.o(.text.r_canfd_mb_read))
<BR><BR>[Stack]<UL><LI>Max Depth = 8<LI>Call Chain = r_canfd_mb_read
</UL>
<BR>[Called By]<UL><LI><a href="#[11]">&gt;&gt;</a>&nbsp;&nbsp;&nbsp;canfd_common_fifo_rx_isr
<LI><a href="#[12]">&gt;&gt;</a>&nbsp;&nbsp;&nbsp;canfd_rx_fifo_isr
</UL>

<P><STRONG><a name="[82]"></a>r_ioport_pins_config</STRONG> (Thumb, 192 bytes, Stack size 16 bytes, r_ioport.o(.text.r_ioport_pins_config))
<BR><BR>[Stack]<UL><LI>Max Depth = 64<LI>Call Chain = r_ioport_pins_config &rArr; bsp_vbatt_init &rArr; R_BSP_RegisterProtectDisable
</UL>
<BR>[Calls]<UL><LI><a href="#[b2]">&gt;&gt;</a>&nbsp;&nbsp;&nbsp;bsp_vbatt_init
</UL>
<BR>[Called By]<UL><LI><a href="#[80]">&gt;&gt;</a>&nbsp;&nbsp;&nbsp;R_IOPORT_Open
</UL>

<P><STRONG><a name="[b2]"></a>bsp_vbatt_init</STRONG> (Thumb, 204 bytes, Stack size 40 bytes, r_ioport.o(.text.bsp_vbatt_init))
<BR><BR>[Stack]<UL><LI>Max Depth = 48<LI>Call Chain = bsp_vbatt_init &rArr; R_BSP_RegisterProtectDisable
</UL>
<BR>[Calls]<UL><LI><a href="#[7b]">&gt;&gt;</a>&nbsp;&nbsp;&nbsp;R_BSP_SoftwareDelay
<LI><a href="#[7d]">&gt;&gt;</a>&nbsp;&nbsp;&nbsp;R_BSP_RegisterProtectEnable
<LI><a href="#[7c]">&gt;&gt;</a>&nbsp;&nbsp;&nbsp;R_BSP_RegisterProtectDisable
</UL>
<BR>[Called By]<UL><LI><a href="#[82]">&gt;&gt;</a>&nbsp;&nbsp;&nbsp;r_ioport_pins_config
</UL>

<P><STRONG><a name="[b7]"></a>r_sci_b_uart_call_callback</STRONG> (Thumb, 64 bytes, Stack size 32 bytes, r_sci_b_uart.o(.text.r_sci_b_uart_call_callback))
<BR><BR>[Stack]<UL><LI>Max Depth = 32<LI>Call Chain = r_sci_b_uart_call_callback
</UL>
<BR>[Called By]<UL><LI><a href="#[e]">&gt;&gt;</a>&nbsp;&nbsp;&nbsp;sci_b_uart_eri_isr
<LI><a href="#[d]">&gt;&gt;</a>&nbsp;&nbsp;&nbsp;sci_b_uart_tei_isr
<LI><a href="#[b]">&gt;&gt;</a>&nbsp;&nbsp;&nbsp;sci_b_uart_rxi_isr
<LI><a href="#[c]">&gt;&gt;</a>&nbsp;&nbsp;&nbsp;sci_b_uart_txi_isr
</UL>

<P><STRONG><a name="[b9]"></a>_printf_core</STRONG> (Thumb, 996 bytes, Stack size 104 bytes, printf8.o(i._printf_core), UNUSED)
<BR><BR>[Calls]<UL><LI><a href="#[6c]">&gt;&gt;</a>&nbsp;&nbsp;&nbsp;__aeabi_uldivmod
<LI><a href="#[ba]">&gt;&gt;</a>&nbsp;&nbsp;&nbsp;_printf_pre_padding
<LI><a href="#[bb]">&gt;&gt;</a>&nbsp;&nbsp;&nbsp;_printf_post_padding
</UL>
<BR>[Called By]<UL><LI><a href="#[b8]">&gt;&gt;</a>&nbsp;&nbsp;&nbsp;__0printf$8
</UL>

<P><STRONG><a name="[bb]"></a>_printf_post_padding</STRONG> (Thumb, 36 bytes, Stack size 24 bytes, printf8.o(i._printf_post_padding), UNUSED)
<BR><BR>[Called By]<UL><LI><a href="#[b9]">&gt;&gt;</a>&nbsp;&nbsp;&nbsp;_printf_core
</UL>

<P><STRONG><a name="[ba]"></a>_printf_pre_padding</STRONG> (Thumb, 46 bytes, Stack size 24 bytes, printf8.o(i._printf_pre_padding), UNUSED)
<BR><BR>[Called By]<UL><LI><a href="#[b9]">&gt;&gt;</a>&nbsp;&nbsp;&nbsp;_printf_core
</UL>
<P>
<H3>
Undefined Global Symbols
</H3><HR></body></html>
