<html>
<body>
<pre>
<h1>µVision Build Log</h1>
<h2>Tool Versions:</h2>
IDE-Version: ¦ÌVision V5.41.0.0
Copyright (C) 2024 ARM Ltd and ARM Germany GmbH. All rights reserved.
License Information: xyuanliu5316 FH, DDD, LIC=NQQMA-1A6T1-RAGDM-X53X4-AINFP-T15ZJ
 
Tool Versions:
Toolchain:       MDK-ARM Plus  Version: 5.41.0.0
Toolchain Path:  D:\Keil_v5\ARM\ARMCLANG\Bin
C Compiler:      ArmClang.exe V6.22
Assembler:       Armasm.exe V6.22
Linker/Locator:  ArmLink.exe V6.22
Library Manager: ArmAr.exe V6.22
Hex Converter:   FromElf.exe V6.22
CPU DLL:         
Dialog DLL:      
Target DLL:      Segger\JL2CM3.dll V2.99.45.0
Dialog DLL:      TCM.DLL V1.56.4.0
 
<h2>Project:</h2>
D:\e2_studio\RA8D1_UDS\RA8D1_UDS.uvprojx
Project File Date:  10/26/2025

<h2>Output:</h2>
*** Using Compiler 'V6.22', folder: 'D:\Keil_v5\ARM\ARMCLANG\Bin'
Rebuild target 'Target 1'
Before Build - User command #1: cmd /c "start "Renesas" /w cmd /c ""D:\e2_studio\RA8D1_UDS\rasc_launcher.bat" "D:\e2_studio\RA8D1_UDS\rasc_version.txt" -nosplash --launcher.suppressErrors --generate --compiler ARMv6 --devicefamily ra "D:\e2_studio\RA8D1_UDS\configuration.xml" 2> "%TEMP%\rasc_stderr.out"""
compiling Detdtc.c...
compiling bsp_canfd1.c...
compiling Systick.c...
compiling bsp_debug_uart.c...
compiling bsp_canfd0.c...
compiling Detfun.c...
compiling Tp_Can_Drv.c...
compiling Dtc_mat.c...
compiling CANFD_A2B.c...
compiling Dcm_DrvCfg.c...
compiling SID2E_WriteDataByldentifierCfg.c...
compiling SID2E_WriteDataByldentifier.c...
compiling SID3E_TesterPrsent.c...
compiling Dcm_Drv.c...
compiling SID3E_TesterPrsentCfg.c...
compiling SID10_DiagnosticSessionControl.c...
compiling SID10_DiagnosticSessionControlCfg.c...
compiling SID11_ECUResetCfg.c...
compiling SID14_ClearDiagnosticInformation.c...
compiling SID11_ECUReset.c...
compiling SID14_ClearDiagnosticInformationCfg.c...
compiling SID19_ReadDTCInformation.c...
compiling SID19_ReadDTCInformationCfg.c...
compiling SID22_ReadDataByldentifier.c...
compiling SID27_SecurityAccess.c...
compiling SID28_CommunicationControl.c...
compiling SID27_SecurityAccessCfg.c...
compiling SID22_ReadDataByldentifierCfg.c...
compiling SID28_CommunicationControlCfg.c...
compiling SID31_RoutineControl.c...
compiling SID31_RoutineControlCfg.c...
compiling SID34_RequestDownload.c...
compiling SID34_RequestDownloadCfg.c...
compiling SID36_TransferData.c...
compiling SID36_TransferDataCfg.c...
compiling SID37_RequestTransferExit.c...
compiling SID37_RequestTransferExitCfg.c...
compiling SID85_ControlDTCSetting.c...
compiling SID85_ControlDTCSettingCfg.c...
compiling AB_Swap.c...
compiling UDS.c...
compiling aes_cbc_cmac.c...
compiling startup.c...
compiling hal_entry.c...
compiling system.c...
compiling bsp_clocks.c...
compiling bsp_common.c...
compiling bsp_delay.c...
compiling bsp_group_irq.c...
compiling bsp_guard.c...
compiling bsp_io.c...
compiling bsp_irq.c...
compiling bsp_sbrk.c...
compiling bsp_macl.c...
compiling bsp_rom_registers.c...
compiling bsp_register_protection.c...
compiling bsp_security.c...
compiling r_ioport.c...
compiling r_canfd.c...
compiling common_data.c...
compiling r_sci_b_uart.c...
compiling hal_data.c...
compiling pin_data.c...
compiling main.c...
compiling vector_data.c...
linking...
Program Size: Code=19428 RO-data=3308 RW-data=104 ZI-data=43380  
FromELF: creating hex file...
After Build - User command #1: cmd /c "start "Renesas" /w cmd /c ""D:\e2_studio\RA8D1_UDS\rasc_launcher.bat" "D:\e2_studio\RA8D1_UDS\rasc_version.txt" -nosplash --launcher.suppressErrors --gensmartbundle --compiler ARMv6 --devicefamily ra "D:\e2_studio\RA8D1_UDS\configuration.xml" "D:\e2_studio\RA8D1_UDS\Objects\RA8D1_UDS.axf" 2> "%TEMP%\rasc_stderr.out"""
".\Objects\RA8D1_UDS.axf" - 0 Error(s), 0 Warning(s).

<h2>Software Packages used:</h2>

Package Vendor: Renesas
                
                Renesas::Project Content@1.0.0
                Project content managed by the Renesas Smart Configurator
   * Component: Build Configuration Version: 
   * Component: ra Version: 
   * Component: Generated Data Version: 
   * Component: Linker Script Version: 

Package Vendor: Renesas
                https://www2.renesas.eu/Keil_MDK_Packs/Renesas.RA_DFP.5.9.0.pack
                Renesas::RA_DFP@5.9.0
                Renesas RA series device family pack
   * Component: RA Configuration Version: 1.0.0

<h2>Collection of Component include folders:</h2>
  ./RTE/_Target_1
  ./ra/arm/CMSIS_5/CMSIS/Core/Include
  ./ra/fsp/inc
  ./ra/fsp/inc/api
  ./ra/fsp/inc/instances
  ./ra_cfg/fsp_cfg
  ./ra_cfg/fsp_cfg/bsp
  ./ra_gen
  D:/e2_studio/RA8D1_UDS

<h2>Collection of Component Files used:</h2>

   * Component: Renesas::Flex Software:Build Configuration
      Include file:  ra_cfg/fsp_cfg/bsp/bsp_pin_cfg.h
      Include file:  ra_cfg/fsp_cfg/bsp/bsp_cfg.h
      Include file:  ra_cfg/fsp_cfg/bsp/board_cfg.h
      Include file:  ra_cfg/fsp_cfg/bsp/bsp_mcu_family_cfg.h
      Include file:  ra_cfg/fsp_cfg/r_ioport_cfg.h
      Include file:  ra_cfg/fsp_cfg/r_sci_b_uart_cfg.h
      Include file:  ra_cfg/fsp_cfg/bsp/bsp_mcu_device_cfg.h
      Include file:  ra_cfg/fsp_cfg/bsp/bsp_mcu_device_pn_cfg.h
      Include file:  ra_cfg/fsp_cfg/r_canfd_cfg.h

   * Component: Renesas::Flex Software:Components:ra
      Include file:  ra/arm/CMSIS_5/CMSIS/Core/Include/core_armv8mml.h
      Include file:  ra/arm/CMSIS_5/CMSIS/Core/Include/core_cm0plus.h
      Include file:  ra/arm/CMSIS_5/CMSIS/Core/Include/core_cm23.h
      Include file:  ra/arm/CMSIS_5/CMSIS/Core/Include/core_cm0.h
      Include file:  ra/arm/CMSIS_5/CMSIS/Core/Include/core_cm35p.h
      Include file:  ra/arm/CMSIS_5/CMSIS/Core/Include/core_cm3.h
      Include file:  ra/arm/CMSIS_5/CMSIS/Core/Include/cmsis_compiler.h
      Include file:  ra/arm/CMSIS_5/CMSIS/Core/Include/core_cm4.h
      Include file:  ra/arm/CMSIS_5/CMSIS/Core/Include/cmsis_armclang_ltm.h
      Include file:  ra/arm/CMSIS_5/CMSIS/Core/Include/cachel1_armv7.h
      Include file:  ra/arm/CMSIS_5/CMSIS/Core/Include/cmsis_armcc.h
      Include file:  ra/arm/CMSIS_5/CMSIS/Core/Include/cmsis_gcc.h
      Include file:  ra/arm/CMSIS_5/CMSIS/Core/Include/core_armv8mbl.h
      Include file:  ra/arm/CMSIS_5/CMSIS/Core/Include/core_cm1.h
      Include file:  ra/arm/CMSIS_5/CMSIS/Core/Include/core_cm33.h
      Include file:  ra/arm/CMSIS_5/CMSIS/Core/Include/core_armv81mml.h
      Include file:  ra/arm/CMSIS_5/CMSIS/Core/Include/cmsis_iccarm.h
      Include file:  ra/arm/CMSIS_5/CMSIS/Core/Include/cmsis_armclang.h
      Include file:  ra/arm/CMSIS_5/CMSIS/Core/Include/cmsis_version.h
      Include file:  ra/fsp/inc/api/r_ioport_api.h
      Include file:  ra/arm/CMSIS_5/CMSIS/Core/Include/core_cm55.h
      Include file:  ra/fsp/src/bsp/cmsis/Device/RENESAS/Include/system.h
      Include file:  ra/arm/CMSIS_5/CMSIS/Core/Include/core_starmc1.h
      Include file:  ra/fsp/src/bsp/cmsis/Device/RENESAS/Include/renesas.h
      Source file:   ra/fsp/src/bsp/cmsis/Device/RENESAS/Source/startup.c
      Source file:   ra/fsp/src/bsp/mcu/all/bsp_common.c
      Include file:  ra/fsp/inc/api/fsp_common_api.h
      Include file:  ra/arm/CMSIS_5/CMSIS/Core/Include/core_cm7.h
      Include file:  ra/arm/CMSIS_5/CMSIS/Core/Include/mpu_armv7.h
      Include file:  ra/arm/CMSIS_5/CMSIS/Core/Include/tz_context.h
      Include file:  ra/arm/CMSIS_5/CMSIS/Core/Include/core_sc000.h
      Include file:  ra/fsp/inc/api/r_can_api.h
      Include file:  ra/fsp/inc/fsp_features.h
      Include file:  ra/arm/CMSIS_5/CMSIS/Core/Include/core_sc300.h
      Include file:  ra/fsp/inc/fsp_version.h
      Include file:  ra/fsp/inc/instances/r_canfd.h
      Include file:  ra/fsp/inc/api/r_transfer_api.h
      Include file:  ra/arm/CMSIS_5/CMSIS/Core/Include/mpu_armv8.h
      Include file:  ra/fsp/inc/instances/r_ioport.h
      Include file:  ra/fsp/inc/api/bsp_api.h
      Include file:  ra/fsp/inc/api/r_uart_api.h
      Include file:  ra/fsp/inc/instances/r_sci_b_uart.h
      Include file:  ra/arm/CMSIS_5/CMSIS/Core/Include/core_cm85.h
      Include file:  ra/fsp/src/bsp/cmsis/Device/RENESAS/Include/R7FA8D1BH.h
      Source file:   ra/fsp/src/bsp/cmsis/Device/RENESAS/Source/system.c
      Source file:   ra/fsp/src/bsp/mcu/all/bsp_clocks.c
      Include file:  ra/arm/CMSIS_5/CMSIS/Core/Include/pac_armv81.h
      Include file:  ra/fsp/src/bsp/mcu/all/bsp_clocks.h
      Include file:  ra/arm/CMSIS_5/CMSIS/Core/Include/pmu_armv8.h
      Include file:  ra/fsp/src/bsp/mcu/all/bsp_common.h
      Include file:  ra/fsp/src/bsp/mcu/all/bsp_irq.h
      Include file:  ra/fsp/src/bsp/mcu/all/bsp_macl.h
      Include file:  ra/fsp/src/bsp/mcu/all/bsp_module_stop.h
      Source file:   ra/fsp/src/bsp/mcu/all/bsp_security.c
      Source file:   ra/fsp/src/bsp/mcu/all/bsp_guard.c
      Include file:  ra/fsp/src/bsp/mcu/all/bsp_compiler_support.h
      Source file:   ra/fsp/src/bsp/mcu/all/bsp_delay.c
      Source file:   ra/fsp/src/bsp/mcu/all/bsp_io.c
      Source file:   ra/fsp/src/bsp/mcu/all/bsp_sbrk.c
      Source file:   ra/fsp/src/bsp/mcu/all/bsp_rom_registers.c
      Include file:  ra/fsp/src/bsp/mcu/all/bsp_register_protection.h
      Include file:  ra/fsp/src/bsp/mcu/all/bsp_guard.h
      Include file:  ra/fsp/src/bsp/mcu/all/bsp_security.h
      Include file:  ra/fsp/src/bsp/mcu/all/bsp_tfu.h
      Include file:  ra/fsp/src/bsp/mcu/ra8d1/bsp_feature.h
      Include file:  ra/fsp/src/bsp/mcu/ra8d1/bsp_feature_gen.h
      Source file:   ra/fsp/src/bsp/mcu/all/bsp_group_irq.c
      Source file:   ra/fsp/src/bsp/mcu/all/bsp_macl.c
      Include file:  ra/fsp/src/bsp/mcu/ra8d1/bsp_elc.h
      Include file:  ra/fsp/src/bsp/mcu/ra8d1/bsp_override.h
      Source file:   ra/fsp/src/r_canfd/r_canfd.c
      Include file:  ra/fsp/src/bsp/mcu/all/bsp_io.h
      Source file:   ra/fsp/src/r_ioport/r_ioport.c
      Source file:   ra/fsp/src/bsp/mcu/all/bsp_irq.c
      Source file:   ra/fsp/src/r_sci_b_uart/r_sci_b_uart.c
      Source file:   ra/fsp/src/bsp/mcu/all/bsp_register_protection.c
      Include file:  ra/fsp/src/bsp/mcu/all/bsp_delay.h
      Include file:  ra/fsp/src/bsp/mcu/ra8d1/bsp_mcu_info.h
      Include file:  ra/fsp/src/bsp/mcu/all/bsp_mcu_api.h
      Include file:  ra/fsp/src/bsp/mcu/all/bsp_exceptions.h
      Include file:  ra/fsp/src/bsp/mcu/all/bsp_group_irq.h

   * Component: Renesas::Flex Software:Generated Data
      Source file:   ra_gen/pin_data.c
      Source file:   ra_gen/hal_data.c
      Source file:   ra_gen/vector_data.c
      Include file:  ra_gen/common_data.h
      Include file:  ra_gen/vector_data.h
      Include file:  ra_gen/bsp_clock_cfg.h
      Source file:   ra_gen/common_data.c
      Source file:   ra_gen/main.c
      Include file:  ra_gen/hal_data.h

   * Component: Renesas::Flex Software:Linker Script

   * Component: Renesas::Flex Software:RA Configuration@1.0.0
Build Time Elapsed:  00:00:21
</pre>
</body>
</html>
