Component: Arm Compiler for Embedded 6.22 Tool: armlink [5ee90200]

==============================================================================

Section Cross References

    bsp_debug_uart.o(.text.Debug_UART9_Init) refers to hal_data.o(.bss.g_uart9_ctrl) for g_uart9_ctrl
    bsp_debug_uart.o(.text.Debug_UART9_Init) refers to hal_data.o(.rodata.g_uart9_cfg) for g_uart9_cfg
    bsp_debug_uart.o(.text.Debug_UART9_Init) refers to r_sci_b_uart.o(.text.R_SCI_B_UART_Open) for R_SCI_B_UART_Open
    bsp_debug_uart.o(.text.Debug_UART9_Init) refers to bsp_common.o(.text.__aeabi_assert) for __aeabi_assert
    bsp_debug_uart.o(.ARM.exidx.text.Debug_UART9_Init) refers to bsp_debug_uart.o(.text.Debug_UART9_Init) for [Anonymous Symbol]
    bsp_debug_uart.o(.text.debug_uart9_callback) refers to hal_data.o(.bss.g_uart9_ctrl) for g_uart9_ctrl
    bsp_debug_uart.o(.text.debug_uart9_callback) refers to r_sci_b_uart.o(.text.R_SCI_B_UART_Write) for R_SCI_B_UART_Write
    bsp_debug_uart.o(.text.debug_uart9_callback) refers to bsp_debug_uart.o(.bss.uart_send_complete_flag) for uart_send_complete_flag
    bsp_debug_uart.o(.ARM.exidx.text.debug_uart9_callback) refers to bsp_debug_uart.o(.text.debug_uart9_callback) for [Anonymous Symbol]
    bsp_debug_uart.o(.text.fputc) refers to hal_data.o(.bss.g_uart9_ctrl) for g_uart9_ctrl
    bsp_debug_uart.o(.text.fputc) refers to r_sci_b_uart.o(.text.R_SCI_B_UART_Write) for R_SCI_B_UART_Write
    bsp_debug_uart.o(.text.fputc) refers to bsp_debug_uart.o(.bss.uart_send_complete_flag) for uart_send_complete_flag
    bsp_debug_uart.o(.ARM.exidx.text.fputc) refers to bsp_debug_uart.o(.text.fputc) for [Anonymous Symbol]
    systick.o(.text.hal_systick_init) refers to system.o(.bss.SystemCoreClock) for SystemCoreClock
    systick.o(.ARM.exidx.text.hal_systick_init) refers to systick.o(.text.hal_systick_init) for [Anonymous Symbol]
    systick.o(.text.HAL_GetTick) refers to systick.o(.bss.g_tick_count) for g_tick_count
    systick.o(.ARM.exidx.text.HAL_GetTick) refers to systick.o(.text.HAL_GetTick) for [Anonymous Symbol]
    systick.o(.text.HAL_Delay) refers to systick.o(.bss.g_tick_count) for g_tick_count
    systick.o(.ARM.exidx.text.HAL_Delay) refers to systick.o(.text.HAL_Delay) for [Anonymous Symbol]
    systick.o(.text.Calendar_TimeVariable_Set) refers to systick.o(.bss.datetime) for datetime
    systick.o(.ARM.exidx.text.Calendar_TimeVariable_Set) refers to systick.o(.text.Calendar_TimeVariable_Set) for [Anonymous Symbol]
    systick.o(.ARM.exidx.text.BigMonth) refers to systick.o(.text.BigMonth) for [Anonymous Symbol]
    systick.o(.ARM.exidx.text.LeapYear) refers to systick.o(.text.LeapYear) for [Anonymous Symbol]
    systick.o(.text.TimeVariable_Processing) refers to systick.o(.bss.datetime) for datetime
    systick.o(.ARM.exidx.text.TimeVariable_Processing) refers to systick.o(.text.TimeVariable_Processing) for [Anonymous Symbol]
    systick.o(.text.SysTick_Handler) refers to systick.o(.bss.g_tick_count) for g_tick_count
    systick.o(.text.SysTick_Handler) refers to systick.o(.bss.g_20ms) for g_20ms
    systick.o(.text.SysTick_Handler) refers to systick.o(.bss.g_1ms_Falg) for g_1ms_Falg
    systick.o(.ARM.exidx.text.SysTick_Handler) refers to systick.o(.text.SysTick_Handler) for [Anonymous Symbol]
    bsp_canfd0.o(.text.CANFD0_Init) refers to hal_data.o(.bss.g_canfd0_ctrl) for g_canfd0_ctrl
    bsp_canfd0.o(.text.CANFD0_Init) refers to hal_data.o(.rodata.g_canfd0_cfg) for g_canfd0_cfg
    bsp_canfd0.o(.text.CANFD0_Init) refers to r_canfd.o(.text.R_CANFD_Open) for R_CANFD_Open
    bsp_canfd0.o(.text.CANFD0_Init) refers to bsp_canfd0.o(.rodata.str1.1) for .L.str
    bsp_canfd0.o(.text.CANFD0_Init) refers to bsp_common.o(.text.__aeabi_assert) for __aeabi_assert
    bsp_canfd0.o(.ARM.exidx.text.CANFD0_Init) refers to bsp_canfd0.o(.text.CANFD0_Init) for [Anonymous Symbol]
    bsp_canfd0.o(.text.canfd0_callback) refers to bsp_canfd0.o(.bss.canfd0_rx_complete_flag) for canfd0_rx_complete_flag
    bsp_canfd0.o(.text.canfd0_callback) refers to bsp_canfd0.o(.bss.canfd0_rx_frame) for canfd0_rx_frame
    bsp_canfd0.o(.text.canfd0_callback) refers to memcpya.o(.text) for __aeabi_memcpy4
    bsp_canfd0.o(.text.canfd0_callback) refers to bsp_canfd0.o(.bss.canfd0_err_status_flag) for canfd0_err_status_flag
    bsp_canfd0.o(.text.canfd0_callback) refers to bsp_canfd0.o(.bss.canfd0_err_status) for canfd0_err_status
    bsp_canfd0.o(.text.canfd0_callback) refers to bsp_canfd0.o(.bss.canfd0_tx_complete_flag) for canfd0_tx_complete_flag
    bsp_canfd0.o(.ARM.exidx.text.canfd0_callback) refers to bsp_canfd0.o(.text.canfd0_callback) for [Anonymous Symbol]
    bsp_canfd0.o(.text.CAN0_Operation) refers to bsp_canfd0.o(.bss.canfd0_tx_frame) for canfd0_tx_frame
    bsp_canfd0.o(.text.CAN0_Operation) refers to bsp_canfd0.o(.rodata.str1.1) for .Lstr
    bsp_canfd0.o(.text.CAN0_Operation) refers to puts.o(i.puts) for puts
[...]
    SID_TP_Analysis                          0x020025bb   Thumb Code    48  sid3e_testerprsent.o(.text.SID_TP_Analysis)
    SID_TP_Appl_Deal                         0x020025ed   Thumb Code   116  sid3e_testerprsent.o(.text.SID_TP_Appl_Deal)
    SID_TP_SUBID_ZSUBF_Callback              0x02002661   Thumb Code    18  sid3e_testerprsentcfg.o(.text.SID_TP_SUBID_ZSUBF_Callback)
    SID_WDBI_Analysis                        0x02002675   Thumb Code    78  sid2e_writedatabyldentifier.o(.text.SID_WDBI_Analysis)
    SID_WDBI_Appl_Deal                       0x020026c5   Thumb Code   112  sid2e_writedatabyldentifier.o(.text.SID_WDBI_Appl_Deal)
    SID_WDBI_DID_F198_Callback               0x02002735   Thumb Code    18  sid2e_writedatabyldentifiercfg.o(.text.SID_WDBI_DID_F198_Callback)
    SyncDFlash                               0x02002747   Thumb Code     4  ab_swap.o(.text.SyncDFlash)
    SysTick_Handler                          0x0200274b   Thumb Code    54  systick.o(.text.SysTick_Handler)
    SystemCoreClockUpdate                    0x02002781   Thumb Code   138  bsp_clocks.o(.text.SystemCoreClockUpdate)
    SystemInit                               0x02002811   Thumb Code   524  system.o(.text.SystemInit)
    TpFunc_HalfDuplex_Task                   0x02002a1d   Thumb Code    36  tp_can_drv.o(.text.TpFunc_HalfDuplex_Task)
    TpFunc_Init                              0x02002a41   Thumb Code   114  tp_can_drv.o(.text.TpFunc_Init)
    TpFunc_Recv_Handle                       0x02002e61   Thumb Code   244  tp_can_drv.o(.text.TpFunc_Recv_Handle)
    TpFunc_Send_Handle                       0x02002f55   Thumb Code   132  tp_can_drv.o(.text.TpFunc_Send_Handle)
    UDS                                      0x0200322f   Thumb Code    22  uds.o(.text.UDS)
    UDSInit                                  0x02003245   Thumb Code    14  uds.o(.text.UDSInit)
    UdsFunc_Delay1ms_Handle                  0x02003253   Thumb Code    28  dcm_drv.o(.text.UdsFunc_Delay1ms_Handle)
    UdsFunc_Init                             0x0200326f   Thumb Code   140  dcm_drv.o(.text.UdsFunc_Init)
    UdsFunc_PDU_Analysis                     0x020032fd   Thumb Code   314  dcm_drv.o(.text.UdsFunc_PDU_Analysis)
    UdsFunc_Receiver_Appl_Deal               0x02003439   Thumb Code   518  dcm_drv.o(.text.UdsFunc_Receiver_Appl_Deal)
    UdsFunc_Receiver_Response                0x0200363f   Thumb Code   132  dcm_drv.o(.text.UdsFunc_Receiver_Response)
    UdsFunc_Task                             0x020036c3   Thumb Code    18  dcm_drv.o(.text.UdsFunc_Task)
    __aeabi_assert                           0x020036d5   Thumb Code     6  bsp_common.o(.text.__aeabi_assert)
    aes_enc_dec                              0x020036dd   Thumb Code   926  aes_cbc_cmac.o(.text.aes_enc_dec)
    bsp_clock_init                           0x02003a81   Thumb Code   576  bsp_clocks.o(.text.bsp_clock_init)
    bsp_init                                 0x02003ce1   Thumb Code     2  bsp_common.o(.text.bsp_init_internal)
    bsp_init_internal                        0x02003ce1   Thumb Code     2  bsp_common.o(.text.bsp_init_internal)
    bsp_irq_cfg                              0x02003ce5   Thumb Code    40  bsp_irq.o(.text.bsp_irq_cfg)
    bsp_prv_software_delay_loop              0x02003d11   Thumb Code     8  bsp_delay.o(.text.bsp_prv_software_delay_loop)
    canfd1_callback                          0x02003df1   Thumb Code   150  bsp_canfd1.o(.text.canfd1_callback)
    canfd_channel_tx_isr                     0x02003e89   Thumb Code   260  r_canfd.o(.text.canfd_channel_tx_isr)
    canfd_common_fifo_rx_isr                 0x02003f8d   Thumb Code   194  r_canfd.o(.text.canfd_common_fifo_rx_isr)
    canfd_error_isr                          0x02004051   Thumb Code   326  r_canfd.o(.text.canfd_error_isr)
    canfd_rx_fifo_isr                        0x02004199   Thumb Code   260  r_canfd.o(.text.canfd_rx_fifo_isr)
    debug_uart9_callback                     0x0200429d   Thumb Code    44  bsp_debug_uart.o(.text.debug_uart9_callback)
    fputc                                    0x020042c9   Thumb Code    50  bsp_debug_uart.o(.text.fputc)
    hal_entry                                0x020042fd   Thumb Code   196  hal_entry.o(.text.hal_entry)
    hal_systick_init                         0x0200442d   Thumb Code    70  systick.o(.text.hal_systick_init)
    main                                     0x02004473   Thumb Code    10  main.o(.text.main)
    sci_b_uart_eri_isr                       0x02004715   Thumb Code   134  r_sci_b_uart.o(.text.sci_b_uart_eri_isr)
    sci_b_uart_rxi_isr                       0x0200479b   Thumb Code   136  r_sci_b_uart.o(.text.sci_b_uart_rxi_isr)
    sci_b_uart_tei_isr                       0x02004823   Thumb Code    80  r_sci_b_uart.o(.text.sci_b_uart_tei_isr)
    sci_b_uart_txi_isr                       0x02004873   Thumb Code   138  r_sci_b_uart.o(.text.sci_b_uart_txi_isr)
    __0printf$8                              0x020048fd   Thumb Code    22  printf8.o(i.__0printf$8)
    __1printf$8                              0x020048fd   Thumb Code     0  printf8.o(i.__0printf$8)
    __2printf                                0x020048fd   Thumb Code     0  printf8.o(i.__0printf$8)
    puts                                     0x02004d81   Thumb Code    30  puts.o(i.puts)
    OBD_DTC_LEN                              0x02004da4   Data           1  dtc_mat.o(.rodata.OBD_DTC_LEN)
    OBD_DtcConfigTbl                         0x02004da8   Data         252  dtc_mat.o(.rodata.OBD_DtcConfigTbl)
    Rcon                                     0x02004ea4   Data          10  aes_cbc_cmac.o(.rodata.Rcon)
    Uds_Cfg_Info                             0x02004eb0   Data         224  dcm_drvcfg.o(.rodata.Uds_Cfg_Info)
    Uds_SID_CC                               0x02004f90   Data          64  sid28_communicationcontrolcfg.o(.rodata.Uds_SID_CC)
    Uds_SID_CDTCI                            0x02004fd0   Data           8  sid14_cleardiagnosticinformationcfg.o(.rodata.Uds_SID_CDTCI)
    Uds_SID_CDTCS                            0x02004fd8   Data          32  sid85_controldtcsettingcfg.o(.rodata.Uds_SID_CDTCS)
    Uds_SID_DSC                              0x02004ff8   Data          40  sid10_diagnosticsessioncontrolcfg.o(.rodata.Uds_SID_DSC)
    Uds_SID_ER                               0x02005020   Data          24  sid11_ecuresetcfg.o(.rodata.Uds_SID_ER)
    Uds_SID_RC                               0x02005038   Data          40  sid31_routinecontrolcfg.o(.rodata.Uds_SID_RC)
    Uds_SID_RDBI                             0x02005060   Data         344  sid22_readdatabyldentifiercfg.o(.rodata.Uds_SID_RDBI)
    Uds_SID_RDTCI                            0x020051b8   Data          40  sid19_readdtcinformationcfg.o(.rodata.Uds_SID_RDTCI)
    Uds_SID_SA                               0x020051e0   Data          48  sid27_securityaccesscfg.o(.rodata.Uds_SID_SA)
    Uds_SID_TP                               0x02005210   Data           8  sid3e_testerprsentcfg.o(.rodata.Uds_SID_TP)
    Uds_SID_WDBI                             0x02005218   Data          12  sid2e_writedatabyldentifiercfg.o(.rodata.Uds_SID_WDBI)
    g_bsp_pin_cfg                            0x0200522c   Data          12  pin_data.o(.rodata.g_bsp_pin_cfg)
    g_bsp_pin_cfg_data                       0x02005238   Data          48  pin_data.o(.rodata.g_bsp_pin_cfg_data)
    g_canfd1_cfg                             0x02005268   Data          36  hal_data.o(.rodata.g_canfd1_cfg)
    g_interrupt_event_link_select            0x0200528c   Data         384  vector_data.o(.rodata.g_interrupt_event_link_select)
    g_uart9_cfg                              0x0200540c   Data          68  hal_data.o(.rodata.g_uart9_cfg)
    g_uart9_cfg_extend                       0x02005450   Data          40  hal_data.o(.rodata.g_uart9_cfg_extend)
    gp_start_of_nonsecure_callable_flash     0x02005478   Data           4  bsp_security.o(.rodata.gp_start_of_nonsecure_callable_flash)
    gp_start_of_nonsecure_callable_ram       0x0200547c   Data           4  bsp_security.o(.rodata.gp_start_of_nonsecure_callable_ram)
    gp_start_of_nonsecure_data_flash         0x02005480   Data           4  bsp_security.o(.rodata.gp_start_of_nonsecure_data_flash)
    gp_start_of_nonsecure_dtcm               0x02005484   Data           4  bsp_security.o(.rodata.gp_start_of_nonsecure_dtcm)
    gp_start_of_nonsecure_flash              0x02005488   Data           4  bsp_security.o(.rodata.gp_start_of_nonsecure_flash)
    gp_start_of_nonsecure_itcm               0x0200548c   Data           4  bsp_security.o(.rodata.gp_start_of_nonsecure_itcm)
    gp_start_of_nonsecure_ram                0x02005490   Data           4  bsp_security.o(.rodata.gp_start_of_nonsecure_ram)
    gp_start_of_secure_data_flash            0x02005494   Data           4  bsp_security.o(.rodata.gp_start_of_secure_data_flash)
    gp_start_of_secure_dtcm                  0x02005498   Data           4  bsp_security.o(.rodata.gp_start_of_secure_dtcm)
    gp_start_of_secure_flash                 0x0200549c   Data           4  bsp_security.o(.rodata.gp_start_of_secure_flash)
    gp_start_of_secure_itcm                  0x020054a0   Data           4  bsp_security.o(.rodata.gp_start_of_secure_itcm)
    gp_start_of_secure_ram                   0x020054a4   Data           4  bsp_security.o(.rodata.gp_start_of_secure_ram)
    p_canfd1_afl                             0x020054a8   Data         256  bsp_canfd1.o(.rodata.p_canfd1_afl)
    rsbox                                    0x020055a8   Data         256  aes_cbc_cmac.o(.rodata.rsbox)
    sbox                                     0x020056a8   Data         256  aes_cbc_cmac.o(.rodata.sbox)
    Load$$DATA$$Base                         0x02005868   Number         0  anon$$obj.o ABSOLUTE
    Load$$DTCM_DATA$$Base                    0x020058e0   Number         0  anon$$obj.o ABSOLUTE
    Load$$DTCM_PAD$$Limit                    0x020058e0   Number         0  anon$$obj.o ABSOLUTE
    Load$$ITCM_DATA$$Base                    0x020058e0   Number         0  anon$$obj.o ABSOLUTE
    Load$$ITCM_PAD$$Limit                    0x020058e0   Number         0  anon$$obj.o ABSOLUTE
    Image$$__FLASH_NSC_START$$Base           0x02010000   Number         0  anon$$obj.o ABSOLUTE
    Image$$__tz_FLASH_N$$Base                0x02010000   Number         0  anon$$obj.o ABSOLUTE
    Image$$DTCM_BSS$$Base                    0x20000000   Number         0  anon$$obj.o ABSOLUTE
    Image$$DTCM_BSS_PAD$$ZI$$Limit           0x20000000   Number         0  anon$$obj.o ABSOLUTE
    Image$$DTCM_DATA$$Base                   0x20000000   Number         0  anon$$obj.o ABSOLUTE
    Image$$__tz_DTCM_N$$Base                 0x20000000   Number         0  anon$$obj.o ABSOLUTE
    Image$$__tz_DTCM_S$$Base                 0x20000000   Number         0  anon$$obj.o ABSOLUTE
    Image$$DATA$$Base                        0x22000000   Number         0  anon$$obj.o ABSOLUTE
    Image$$__tz_RAM_S$$Base                  0x22000000   Number         0  anon$$obj.o ABSOLUTE
    __stdout                                 0x22000000   Data           4  stdout.o(.data)
    g_canfd1_bit_timing_cfg                  0x22000004   Data          16  hal_data.o(.data.g_canfd1_bit_timing_cfg)
    g_canfd1_data_timing_cfg                 0x22000014   Data          16  hal_data.o(.data.g_canfd1_data_timing_cfg)
    g_canfd1_extended_cfg                    0x22000028   Data          32  hal_data.o(.data.g_canfd1_extended_cfg)
    g_canfd1_global_cfg                      0x22000048   Data          28  hal_data.o(.data.g_canfd1_global_cfg)
    g_uart9_baud_setting                     0x22000064   Data           4  hal_data.o(.data.g_uart9_baud_setting)
    DETFUN_BattVolHi_d                       0x22000068   Data           4  detfun.o(.bss.DETFUN_BattVolHi_d)
    Image$$BSS$$ZI$$Base                     0x22000068   Number         0  anon$$obj.o ABSOLUTE
    DTC_BattVolHi                            0x2200006c   Data          26  dtc_mat.o(.bss.DTC_BattVolHi)
    N_USData_Confirm                         0x22000086   Data           6  tp_can_drv.o(.bss.N_USData_Confirm)
    N_USData_FF_Indication                   0x2200008c   Data          12  tp_can_drv.o(.bss.N_USData_FF_Indication)
    N_USData_Indication                      0x22000098   Data          20  tp_can_drv.o(.bss.N_USData_Indication)
    N_USData_Request                         0x220000ac   Data          16  tp_can_drv.o(.bss.N_USData_Request)
    Pdu_Uds_Response                         0x220000bc   Data          20  tp_can_drv.o(.bss.Pdu_Uds_Response)
    SID_RDBI_DID_Buf                         0x220000d0   Data          86  sid22_readdatabyldentifier.o(.bss.SID_RDBI_DID_Buf)
    SystemCoreClock                          0x22000128   Data           4  system.o(.bss.SystemCoreClock)
    Tp_CAN_DL                                0x2200012c   Data           4  tp_can_drv.o(.bss.Tp_CAN_DL)
    Tp_Frame_AddrType                        0x22000130   Data           1  tp_can_drv.o(.bss.Tp_Frame_AddrType)
    Tp_RX_DL                                 0x22000134   Data           4  tp_can_drv.o(.bss.Tp_RX_DL)
    Tp_Receiver                              0x22000138   Data          76  tp_can_drv.o(.bss.Tp_Receiver)
    Tp_Rx_Buf                                0x22000184   Data          64  tp_can_drv.o(.bss.Tp_Rx_Buf)
    Tp_Rx_Buf_From_Drv                       0x220001c4   Data        4095  tp_can_drv.o(.bss.Tp_Rx_Buf_From_Drv)
    Tp_Rx_CAN_ID                             0x220011c4   Data           4  tp_can_drv.o(.bss.Tp_Rx_CAN_ID)
    Tp_Rx_NewData_Valid                      0x220011c8   Data           1  tp_can_drv.o(.bss.Tp_Rx_NewData_Valid)
    Tp_Sender                                0x220011cc   Data          80  tp_can_drv.o(.bss.Tp_Sender)
    Tp_Tx_Buf_To_Drv                         0x2200121c   Data        4095  tp_can_drv.o(.bss.Tp_Tx_Buf_To_Drv)
    Uds_Dcm_Info                             0x2200221c   Data           6  dcm_drv.o(.bss.Uds_Dcm_Info)
    Uds_Indication                           0x22002224   Data          20  dcm_drv.o(.bss.Uds_Indication)
    Uds_Response                             0x22002238   Data          28  dcm_drv.o(.bss.Uds_Response)
    Uds_SID_CC_Info                          0x22002254   Data           8  sid28_communicationcontrol.o(.bss.Uds_SID_CC_Info)
    Uds_SID_CDTCS_Info                       0x2200225c   Data           1  sid85_controldtcsetting.o(.bss.Uds_SID_CDTCS_Info)
    Uds_SID_DSC_Info                         0x2200225d   Data           1  sid10_diagnosticsessioncontrol.o(.bss.Uds_SID_DSC_Info)
    Uds_SID_ER_Info                          0x2200225e   Data           1  sid11_ecureset.o(.bss.Uds_SID_ER_Info)
    Uds_SID_RC_Info                          0x22002260   Data          12  sid31_routinecontrolcfg.o(.bss.Uds_SID_RC_Info)
    Uds_SID_SA_Info                          0x2200226c   Data           8  sid27_securityaccess.o(.bss.Uds_SID_SA_Info)
    Uds_SID_TP_Info                          0x22002274   Data           1  sid3e_testerprsent.o(.bss.Uds_SID_TP_Info)
    Uds_Seed                                 0x22002278   Data          16  sid27_securityaccesscfg.o(.bss.Uds_Seed)
    b_DownLoad_FlashDrv_Flag                 0x22002288   Data           1  dcm_drvcfg.o(.bss.b_DownLoad_FlashDrv_Flag)
    canfd1_err_status                        0x2200228c   Data           4  bsp_canfd1.o(.bss.canfd1_err_status)
    canfd1_err_status_flag                   0x22002290   Data           1  bsp_canfd1.o(.bss.canfd1_err_status_flag)
    canfd1_rx_complete_flag                  0x22002291   Data           1  bsp_canfd1.o(.bss.canfd1_rx_complete_flag)
    canfd1_rx_frame                          0x22002294   Data          84  bsp_canfd1.o(.bss.canfd1_rx_frame)
    canfd1_tx_complete_flag                  0x220022e8   Data           1  bsp_canfd1.o(.bss.canfd1_tx_complete_flag)
    canfd1_tx_frame                          0x220022ec   Data          84  bsp_canfd1.o(.bss.canfd1_tx_frame)
    g_1ms_Falg                               0x22002340   Data           1  systick.o(.bss.g_1ms_Falg)
    g_20ms                                   0x22002344   Data           4  systick.o(.bss.g_20ms)
    g_bsp_group_irq_sources                  0x22002348   Data          64  bsp_group_irq.o(.bss.g_bsp_group_irq_sources)
    g_canfd1_ctrl                            0x22002388   Data          32  hal_data.o(.bss.g_canfd1_ctrl)
    g_ioport_ctrl                            0x220023a8   Data           8  common_data.o(.bss.g_ioport_ctrl)
    g_protect_counters                       0x220023b0   Data           8  bsp_register_protection.o(.bss.g_protect_counters)
    g_protect_pfswe_counter                  0x220023b8   Data           4  bsp_io.o(.bss.g_protect_pfswe_counter)
    g_tick_count                             0x220023bc   Data           4  systick.o(.bss.g_tick_count)
    g_uart9_ctrl                             0x220023c0   Data          48  hal_data.o(.bss.g_uart9_ctrl)
    gp_renesas_isr_context                   0x220023f8   Data         384  bsp_irq.o(.bss.gp_renesas_isr_context)
    st_Uds_SID_RD_Info                       0x22002578   Data           4  sid34_requestdownloadcfg.o(.bss.st_Uds_SID_RD_Info)
    st_Uds_SID_TD_Info                       0x2200257c   Data           8  sid36_transferdatacfg.o(.bss.st_Uds_SID_TD_Info)
    u32_ReqDownloadMemAddr                   0x22002584   Data           4  sid34_requestdownloadcfg.o(.bss.u32_ReqDownloadMemAddr)
    u32_ReqDownloadMemSize                   0x22002588   Data           4  sid34_requestdownloadcfg.o(.bss.u32_ReqDownloadMemSize)
    u8_Tp_Task_Dir_FSM                       0x2200258c   Data           1  tp_can_drv.o(.bss.u8_Tp_Task_Dir_FSM)
    uart_send_complete_flag                  0x2200258d   Data           1  bsp_debug_uart.o(.bss.uart_send_complete_flag)
    ui8_LastBlockSequenceCounter             0x2200258e   Data           1  sid36_transferdatacfg.o(.bss.ui8_LastBlockSequenceCounter)
    ui8_NewBlockSequenceCounter              0x2200258f   Data           1  sid36_transferdatacfg.o(.bss.ui8_NewBlockSequenceCounter)
    Image$$__RAM_NSC_START$$Base             0x220e0000   Number         0  anon$$obj.o ABSOLUTE
    Image$$__tz_RAM_N$$Base                  0x220e0000   Number         0  anon$$obj.o ABSOLUTE
    Image$$__tz_DATA_FLASH_N$$Base           0x27000000   Number         0  anon$$obj.o ABSOLUTE
    Image$$__tz_DATA_FLASH_S$$Base           0x27000000   Number         0  anon$$obj.o ABSOLUTE



==============================================================================

Memory Map of the image

  Image Entry point : 0x02000ff9

  Load Region LOAD_REGION_FLASH (Base: 0x02000000, Size: 0x000058e0, Max: 0x001f8000, ABSOLUTE)

    Execution Region __tz_ITCM_S (Exec base: 0x00000000, Load base: 0x020058e0, Size: 0x00000000, Max: 0x00000000, ABSOLUTE)

    Exec Addr    Load Addr    Size         Type   Attr      Idx    E Section Name        Object

    0x00000000        -       0x00000000   Zero   RW            9    __tz_ITCM_S.bss     anon$$obj.o


    Execution Region ITCM_DATA (Exec base: 0x00000000, Load base: 0x020058e0, Size: 0x00000000, Max: 0x00010000, ABSOLUTE)

    **** No section assigned to this execution region ****


    Execution Region ITCM_PAD (Exec base: 0x00000000, Load base: 0x020058e0, Size: 0x00000000, Max: 0x00000000, ABSOLUTE)

    Exec Addr    Load Addr    Size         Type   Attr      Idx    E Section Name        Object

    0x00000000        -       0x00000000   Zero   RW           10    ITCM_PAD.bss        anon$$obj.o


    Execution Region __tz_ITCM_N (Exec base: 0x00000000, Load base: 0x020058e0, Size: 0x00000000, Max: 0x00000000, ABSOLUTE)

    Exec Addr    Load Addr    Size         Type   Attr      Idx    E Section Name        Object

    0x00000000        -       0x00000000   Zero   RW           11    __tz_ITCM_N.bss     anon$$obj.o


    Execution Region __tz_FLASH_S (Exec base: 0x02000000, Load base: 0x02000000, Size: 0x00000000, Max: 0x00000000, ABSOLUTE)

    Exec Addr    Load Addr    Size         Type   Attr      Idx    E Section Name        Object

    0x02000000        -       0x00000000   Zero   RW            1    __tz_FLASH_S.bss    anon$$obj.o


    Execution Region VECTORS (Exec base: 0x02000000, Load base: 0x02000000, Size: 0x000001c0, Max: 0xffffffff, ABSOLUTE, FIXED)

    Exec Addr    Load Addr    Size         Type   Attr      Idx    E Section Name        Object

    0x02000000   0x02000000   0x00000040   Data   RO         1304    .fixed_vectors      startup.o
    0x02000040   0x02000040   0x00000180   Data   RO         1653    .application_vectors  vector_data.o


    Execution Region MCUBOOT_SCE9_KEY (Exec base: 0x020001c0, Load base: 0x020001c0, Size: 0x00000000, Max: 0xffffffff, ABSOLUTE, FIXED)

    **** No section assigned to this execution region ****


    Execution Region INIT_ARRAY (Exec base: 0x020001c0, Load base: 0x020001c0, Size: 0x00000000, Max: 0xffffffff, ABSOLUTE, FIXED)

    **** No section assigned to this execution region ****


    Execution Region USB_DESC_FS (Exec base: 0x020001c0, Load base: 0x020001c0, Size: 0x00000000, Max: 0xffffffff, ABSOLUTE, FIXED)

    **** No section assigned to this execution region ****


    Execution Region RO_CODE_DATA (Exec base: 0x020001c0, Load base: 0x020001c0, Size: 0x000056a8, Max: 0xffffffff, ABSOLUTE, FIXED)

    Exec Addr    Load Addr    Size         Type   Attr      Idx    E Section Name        Object

    0x020001c0   0x020001c0   0x00000024   Code   RO         1667    .text               mc_w.l(memcpya.o)
    0x020001e4   0x020001e4   0x00000024   Code   RO         1669    .text               mc_w.l(memseta.o)
    0x02000208   0x02000208   0x00000062   Code   RO         1948    .text               mc_w.l(uldiv.o)
    0x0200026a   0x0200026a   0x0000001e   Code   RO         1961    .text               mc_w.l(llshl.o)
    0x02000288   0x02000288   0x00000020   Code   RO         1963    .text               mc_w.l(llushr.o)
    0x020002a8   0x020002a8   0x00000020   Code   RO         1273    .text.AES_CBC_CMAC_EncryptData  aes_cbc_cmac.o
    0x020002c8   0x020002c8   0x00000034   Code   RO         1271    .text.AES_CBC_CMAC_GetRandom  aes_cbc_cmac.o
    0x020002fc   0x020002fc   0x00000004   PAD
    0x02000300   0x02000300   0x00000210   Code   RO         1261    .text.AES_CMAC      aes_cbc_cmac.o
    0x02000510   0x02000510   0x00000030   Code   RO          133    .text.CANFD1_Init   bsp_canfd1.o
    0x02000540   0x02000540   0x0000002a   Code   RO         1225    .text.CalculateAndCheckFirmwareChecksum  ab_swap.o
    0x0200056a   0x0200056a   0x0000001a   Code   RO          816    .text.ChangeSession_Init  sid10_diagnosticsessioncontrol.o
    0x02000584   0x02000584   0x00000004   Code   RO          721    .text.DETFUN_BattVolHi  detfun.o
    0x02000588   0x02000588   0x00000054   Code   RO           58    .text.Debug_UART9_Init  bsp_debug_uart.o
    0x020005dc   0x020005dc   0x00000004   Code   RO         1301    .text.Default_Handler  startup.o
    0x020005e0   0x020005e0   0x00000082   Code   RO          145    .text.HLI_CanFD_Write  bsp_canfd1.o
    0x02000662   0x02000662   0x00000002   PAD
    0x02000664   0x02000664   0x00000046   Code   RO         1392    .text.NMI_Handler   bsp_group_irq.o
    0x020006aa   0x020006aa   0x00000002   PAD
    0x020006ac   0x020006ac   0x0000007e   Code   RO         1350    .text.R_BSP_Init_RTC  bsp_clocks.o
    0x0200072a   0x0200072a   0x0000004c   Code   RO         1423    .text.R_BSP_RegisterProtectDisable  bsp_register_protection.o
    0x02000776   0x02000776   0x0000004e   Code   RO         1421    .text.R_BSP_RegisterProtectEnable  bsp_register_protection.o
    0x020007c4   0x020007c4   0x0000004e   Code   RO         1378    .text.R_BSP_SoftwareDelay  bsp_delay.o
    0x02000812   0x02000812   0x00000002   Code   RO         1346    .text.R_BSP_SubClockStabilizeWaitAfterReset  bsp_clocks.o
    0x02000814   0x02000814   0x0000001a   Code   RO         1288    .text.R_BSP_WarmStart  hal_entry.o
    0x0200082e   0x0200082e   0x00000002   PAD
    0x02000830   0x02000830   0x000002fa   Code   RO         1484    .text.R_CANFD_Open  r_canfd.o
    0x02000b2a   0x02000b2a   0x00000002   PAD
    0x02000b2c   0x02000b2c   0x00000100   Code   RO         1486    .text.R_CANFD_Write  r_canfd.o
    0x02000c2c   0x02000c2c   0x00000016   Code   RO         1520    .text.R_IOPORT_Open  r_ioport.o
    0x02000c42   0x02000c42   0x00000002   PAD
    0x02000c44   0x02000c44   0x0000036c   Code   RO         1559    .text.R_SCI_B_UART_Open  r_sci_b_uart.o
    0x02000fb0   0x02000fb0   0x00000048   Code   RO         1563    .text.R_SCI_B_UART_Write  r_sci_b_uart.o
    0x02000ff8   0x02000ff8   0x0000000a   Code   RO         1299  * .text.Reset_Handler  startup.o
    0x02001002   0x02001002   0x00000002   PAD
    0x02001004   0x02001004   0x00000038   Code   RO         1061    .text.SID_CC_Analysis  sid28_communicationcontrol.o
    0x0200103c   0x0200103c   0x00000078   Code   RO         1063    .text.SID_CC_Appl_Deal  sid28_communicationcontrol.o
    0x020010b4   0x020010b4   0x0000002c   Code   RO         1078    .text.SID_CC_SUBID_DRXETX_Callback  sid28_communicationcontrolcfg.o
    0x020010e0   0x020010e0   0x00000028   Code   RO         1080    .text.SID_CC_SUBID_DRXTX_Callback  sid28_communicationcontrolcfg.o
    0x02001108   0x02001108   0x0000002c   Code   RO         1076    .text.SID_CC_SUBID_ERXDTX_Callback  sid28_communicationcontrolcfg.o
    0x02001134   0x02001134   0x0000002c   Code   RO         1074    .text.SID_CC_SUBID_ERXTX_Callback  sid28_communicationcontrolcfg.o
    0x02001160   0x02001160   0x0000004a   Code   RO          874    .text.SID_CDTCI_Analysis  sid14_cleardiagnosticinformation.o
    0x020011aa   0x020011aa   0x00000002   PAD
    0x020011ac   0x020011ac   0x00000050   Code   RO          876    .text.SID_CDTCI_Appl_Deal  sid14_cleardiagnosticinformation.o
    0x020011fc   0x020011fc   0x00000004   Code   RO          886    .text.SID_CDTCI_GODTC_AG_Callback  sid14_cleardiagnosticinformationcfg.o
    0x02001200   0x02001200   0x00000038   Code   RO         1199    .text.SID_CDTCS_Analysis  sid85_controldtcsetting.o
    0x02001238   0x02001238   0x00000076   Code   RO         1201    .text.SID_CDTCS_Appl_Deal  sid85_controldtcsetting.o
    0x020012ae   0x020012ae   0x0000001e   Code   RO         1214    .text.SID_CDTCS_SUBID_OFF_Callback  sid85_controldtcsettingcfg.o
    0x020012cc   0x020012cc   0x0000001e   Code   RO         1212    .text.SID_CDTCS_SUBID_ON_Callback  sid85_controldtcsettingcfg.o
    0x020012ea   0x020012ea   0x00000002   PAD
    0x020012ec   0x020012ec   0x00000038   Code   RO          818    .text.SID_DSC_Analysis  sid10_diagnosticsessioncontrol.o
    0x02001324   0x02001324   0x00000076   Code   RO          820    .text.SID_DSC_Appl_Deal  sid10_diagnosticsessioncontrol.o
    0x0200139a   0x0200139a   0x00000006   PAD
    0x020013a0   0x020013a0   0x00000050   Code   RO          831    .text.SID_DSC_SUBID_DS_Callback  sid10_diagnosticsessioncontrolcfg.o
    0x020013f0   0x020013f0   0x00000050   Code   RO          835    .text.SID_DSC_SUBID_EXTDS_Callback  sid10_diagnosticsessioncontrolcfg.o
    0x02001440   0x02001440   0x00000068   Code   RO          833    .text.SID_DSC_SUBID_PRGS_Callback  sid10_diagnosticsessioncontrolcfg.o
    0x020014a8   0x020014a8   0x00000016   Code   RO         1003    .text.SID_ECU_DID_4000_Callback  sid22_readdatabyldentifiercfg.o
    0x020014be   0x020014be   0x00000002   PAD
    0x020014c0   0x020014c0   0x00000030   Code   RO         1005    .text.SID_ECU_DID_4100_Callback  sid22_readdatabyldentifiercfg.o
    0x020014f0   0x020014f0   0x0000001a   Code   RO         1007    .text.SID_ECU_DID_5600_Callback  sid22_readdatabyldentifiercfg.o
    0x0200150a   0x0200150a   0x00000016   Code   RO         1009    .text.SID_ECU_DID_5601_Callback  sid22_readdatabyldentifiercfg.o
    0x02001520   0x02001520   0x00000020   Code   RO         1011    .text.SID_ECU_DID_5602_Callback  sid22_readdatabyldentifiercfg.o
    0x02001540   0x02001540   0x0000001a   Code   RO         1013    .text.SID_ECU_DID_5604_Callback  sid22_readdatabyldentifiercfg.o
    0x0200155a   0x0200155a   0x0000001a   Code   RO         1015    .text.SID_ECU_DID_560B_Callback  sid22_readdatabyldentifiercfg.o
    0x02001574   0x02001574   0x0000001a   Code   RO         1017    .text.SID_ECU_DID_560C_Callback  sid22_readdatabyldentifiercfg.o
    0x0200158e   0x0200158e   0x0000001a   Code   RO         1019    .text.SID_ECU_DID_560D_Callback  sid22_readdatabyldentifiercfg.o
    0x020015a8   0x020015a8   0x0000001a   Code   RO         1021    .text.SID_ECU_DID_560E_Callback  sid22_readdatabyldentifiercfg.o
    0x020015c2   0x020015c2   0x0000001a   Code   RO         1023    .text.SID_ECU_DID_560F_Callback  sid22_readdatabyldentifiercfg.o
    0x020015dc   0x020015dc   0x00000038   Code   RO          846    .text.SID_ER_Analysis  sid11_ecureset.o
    0x02001614   0x02001614   0x00000076   Code   RO          848    .text.SID_ER_Appl_Deal  sid11_ecureset.o
    0x0200168a   0x0200168a   0x0000001c   Code   RO          859    .text.SID_ER_SUBID_HR_Callback  sid11_ecuresetcfg.o
    0x020016a6   0x020016a6   0x00000010   Code   RO          861    .text.SID_ER_SUBID_KeyR_Callback  sid11_ecuresetcfg.o
    0x020016b6   0x020016b6   0x0000001c   Code   RO          863    .text.SID_ER_SUBID_SR_Callback  sid11_ecuresetcfg.o
    0x020016d2   0x020016d2   0x00000002   PAD
    0x020016d4   0x020016d4   0x00000038   Code   RO         1091    .text.SID_RC_Analysis  sid31_routinecontrol.o
    0x0200170c   0x0200170c   0x00000078   Code   RO         1093    .text.SID_RC_Appl_Deal  sid31_routinecontrol.o
    0x02001784   0x02001784   0x00000004   Code   RO         1107    .text.SID_RC_SUBID_RRR_Callback  sid31_routinecontrolcfg.o
    0x02001788   0x02001788   0x00000004   Code   RO         1105    .text.SID_RC_SUBID_STPR_Callback  sid31_routinecontrolcfg.o
    0x0200178c   0x0200178c   0x000001ec   Code   RO         1103    .text.SID_RC_SUBID_STR_Callback  sid31_routinecontrolcfg.o
    0x02001978   0x02001978   0x0000008e   Code   RO          926    .text.SID_RDBI_Analysis  sid22_readdatabyldentifier.o
    0x02001a06   0x02001a06   0x00000002   PAD
    0x02001a08   0x02001a08   0x00000094   Code   RO          928    .text.SID_RDBI_Appl_Deal  sid22_readdatabyldentifier.o
    0x02001a9c   0x02001a9c   0x00000004   PAD
    0x02001aa0   0x02001aa0   0x00000030   Code   RO          997    .text.SID_RDBI_DID_D008_Callback  sid22_readdatabyldentifiercfg.o
    0x02001ad0   0x02001ad0   0x0000002c   Code   RO          969    .text.SID_RDBI_DID_F011_Callback  sid22_readdatabyldentifiercfg.o
    0x02001afc   0x02001afc   0x00000028   Code   RO          955    .text.SID_RDBI_DID_F013_Callback  sid22_readdatabyldentifiercfg.o
    0x02001b24   0x02001b24   0x00000028   Code   RO          943    .text.SID_RDBI_DID_F031_Callback  sid22_readdatabyldentifiercfg.o
    0x02001b4c   0x02001b4c   0x00000026   Code   RO          939    .text.SID_RDBI_DID_F032_Callback  sid22_readdatabyldentifiercfg.o
    0x02001b72   0x02001b72   0x00000006   PAD
    0x02001b78   0x02001b78   0x00000058   Code   RO          953    .text.SID_RDBI_DID_F089_Callback  sid22_readdatabyldentifiercfg.o
    0x02001bd0   0x02001bd0   0x00000026   Code   RO          957    .text.SID_RDBI_DID_F090_Callback  sid22_readdatabyldentifiercfg.o
    0x02001bf6   0x02001bf6   0x00000020   Code   RO          981    .text.SID_RDBI_DID_F091_Callback  sid22_readdatabyldentifiercfg.o
    0x02001c16   0x02001c16   0x00000016   Code   RO          971    .text.SID_RDBI_DID_F0F0_Callback  sid22_readdatabyldentifiercfg.o
    0x02001c2c   0x02001c2c   0x00000004   PAD
    0x02001c30   0x02001c30   0x00000030   Code   RO          975    .text.SID_RDBI_DID_F0F1_Callback  sid22_readdatabyldentifiercfg.o
    0x02001c60   0x02001c60   0x0000001a   Code   RO          973    .text.SID_RDBI_DID_F0F2_Callback  sid22_readdatabyldentifiercfg.o
    0x02001c7a   0x02001c7a   0x00000006   PAD
    0x02001c80   0x02001c80   0x00000030   Code   RO          977    .text.SID_RDBI_DID_F0F3_Callback  sid22_readdatabyldentifiercfg.o
    0x02001cb0   0x02001cb0   0x0000002a   Code   RO          991    .text.SID_RDBI_DID_F0FE_Callback  sid22_readdatabyldentifiercfg.o
    0x02001cda   0x02001cda   0x00000016   Code   RO          983    .text.SID_RDBI_DID_F150_Callback  sid22_readdatabyldentifiercfg.o
    0x02001cf0   0x02001cf0   0x00000016   Code   RO          985    .text.SID_RDBI_DID_F151_Callback  sid22_readdatabyldentifiercfg.o
    0x02001d06   0x02001d06   0x00000016   Code   RO          987    .text.SID_RDBI_DID_F152_Callback  sid22_readdatabyldentifiercfg.o
    0x02001d1c   0x02001d1c   0x00000016   Code   RO          989    .text.SID_RDBI_DID_F15b_Callback  sid22_readdatabyldentifiercfg.o
    0x02001d32   0x02001d32   0x00000016   Code   RO          993    .text.SID_RDBI_DID_F160_Callback  sid22_readdatabyldentifiercfg.o
    0x02001d48   0x02001d48   0x00000016   Code   RO          995    .text.SID_RDBI_DID_F161_Callback  sid22_readdatabyldentifiercfg.o
    0x02001d5e   0x02001d5e   0x00000016   Code   RO          999    .text.SID_RDBI_DID_F162_Callback  sid22_readdatabyldentifiercfg.o
    0x02001d74   0x02001d74   0x00000016   Code   RO         1001    .text.SID_RDBI_DID_F163_Callback  sid22_readdatabyldentifiercfg.o
    0x02001d8a   0x02001d8a   0x00000026   Code   RO          945    .text.SID_RDBI_DID_F180_Callback  sid22_readdatabyldentifiercfg.o
    0x02001db0   0x02001db0   0x0000001e   Code   RO          941    .text.SID_RDBI_DID_F183_Callback  sid22_readdatabyldentifiercfg.o
    0x02001dce   0x02001dce   0x00000026   Code   RO          947    .text.SID_RDBI_DID_F184_Callback  sid22_readdatabyldentifiercfg.o
    0x02001df4   0x02001df4   0x00000016   Code   RO          979    .text.SID_RDBI_DID_F186_Callback  sid22_readdatabyldentifiercfg.o
    0x02001e0a   0x02001e0a   0x00000028   Code   RO          949    .text.SID_RDBI_DID_F187_Callback  sid22_readdatabyldentifiercfg.o
    0x02001e32   0x02001e32   0x00000026   Code   RO          951    .text.SID_RDBI_DID_F189_Callback  sid22_readdatabyldentifiercfg.o
    0x02001e58   0x02001e58   0x00000020   Code   RO          959    .text.SID_RDBI_DID_F18A_Callback  sid22_readdatabyldentifiercfg.o
    0x02001e78   0x02001e78   0x00000030   Code   RO          961    .text.SID_RDBI_DID_F18B_Callback  sid22_readdatabyldentifiercfg.o
    0x02001ea8   0x02001ea8   0x00000048   Code   RO          963    .text.SID_RDBI_DID_F18C_Callback  sid22_readdatabyldentifiercfg.o
    0x02001ef0   0x02001ef0   0x00000026   Code   RO          965    .text.SID_RDBI_DID_F190_Callback  sid22_readdatabyldentifiercfg.o
    0x02001f16   0x02001f16   0x00000022   Code   RO          967    .text.SID_RDBI_DID_F197_Callback  sid22_readdatabyldentifiercfg.o
    0x02001f38   0x02001f38   0x00000038   Code   RO          895    .text.SID_RDTCI_Analysis  sid19_readdtcinformation.o
    0x02001f70   0x02001f70   0x00000078   Code   RO          897    .text.SID_RDTCI_Appl_Deal  sid19_readdtcinformation.o
    0x02001fe8   0x02001fe8   0x0000006c   Code   RO          909    .text.SID_RDTCI_reportDTCByStatusMask_Callback  sid19_readdtcinformationcfg.o
    0x02002054   0x02002054   0x0000008a   Code   RO          913    .text.SID_RDTCI_reportDTCExtDataRecordByDTCNumber_Callback  sid19_readdtcinformationcfg.o
    0x020020de   0x020020de   0x00000002   PAD
    0x020020e0   0x020020e0   0x0000009a   Code   RO          911    .text.SID_RDTCI_reportDTCSnapshotRecordByDTCNumber_Callback  sid19_readdtcinformationcfg.o
    0x0200217a   0x0200217a   0x00000002   PAD
    0x0200217c   0x0200217c   0x0000004c   Code   RO          907    .text.SID_RDTCI_reportNumberOfDTCByStatusMask_Callback  sid19_readdtcinformationcfg.o
    0x020021c8   0x020021c8   0x0000005e   Code   RO          915    .text.SID_RDTCI_reportSupportedDTC_Callback  sid19_readdtcinformationcfg.o
    0x02002226   0x02002226   0x0000000e   Code   RO         1123    .text.SID_RD_Analysis  sid34_requestdownload.o
    0x02002234   0x02002234   0x00000004   Code   RO         1125    .text.SID_RD_Appl_Deal  sid34_requestdownload.o
    0x02002238   0x02002238   0x0000018c   Code   RO         1135    .text.SID_RD_Callback  sid34_requestdownloadcfg.o
    0x020023c4   0x020023c4   0x0000000e   Code   RO         1178    .text.SID_RTE_Analysis  sid37_requesttransferexit.o
    0x020023d2   0x020023d2   0x00000004   Code   RO         1180    .text.SID_RTE_Appl_Deal  sid37_requesttransferexit.o
    0x020023d6   0x020023d6   0x0000002e   Code   RO         1190    .text.SID_RTE_Callback  sid37_requesttransferexitcfg.o
    0x02002404   0x02002404   0x00000038   Code   RO         1034    .text.SID_SA_Analysis  sid27_securityaccess.o
    0x0200243c   0x0200243c   0x00000078   Code   RO         1036    .text.SID_SA_Appl_Deal  sid27_securityaccess.o
    0x020024b4   0x020024b4   0x00000074   Code   RO         1047    .text.SID_SA_SUBID_RSD_Callback  sid27_securityaccesscfg.o
    0x02002528   0x02002528   0x0000007c   Code   RO         1049    .text.SID_SA_SUBID_SK_Callback  sid27_securityaccesscfg.o
    0x020025a4   0x020025a4   0x0000000e   Code   RO         1148    .text.SID_TD_Analysis  sid36_transferdata.o
    0x020025b2   0x020025b2   0x00000004   Code   RO         1150    .text.SID_TD_Appl_Deal  sid36_transferdata.o
    0x020025b6   0x020025b6   0x00000004   Code   RO         1164    .text.SID_TD_Callback  sid36_transferdatacfg.o
    0x020025ba   0x020025ba   0x00000030   Code   RO          793    .text.SID_TP_Analysis  sid3e_testerprsent.o
    0x020025ea   0x020025ea   0x00000002   PAD
    0x020025ec   0x020025ec   0x00000074   Code   RO          795    .text.SID_TP_Appl_Deal  sid3e_testerprsent.o
    0x02002660   0x02002660   0x00000012   Code   RO          806    .text.SID_TP_SUBID_ZSUBF_Callback  sid3e_testerprsentcfg.o
    0x02002672   0x02002672   0x00000002   PAD
    0x02002674   0x02002674   0x0000004e   Code   RO          771    .text.SID_WDBI_Analysis  sid2e_writedatabyldentifier.o
    0x020026c2   0x020026c2   0x00000002   PAD
    0x020026c4   0x020026c4   0x00000070   Code   RO          773    .text.SID_WDBI_Appl_Deal  sid2e_writedatabyldentifier.o
    0x02002734   0x02002734   0x00000012   Code   RO          783    .text.SID_WDBI_DID_F198_Callback  sid2e_writedatabyldentifiercfg.o
    0x02002746   0x02002746   0x00000004   Code   RO         1227    .text.SyncDFlash    ab_swap.o
    0x0200274a   0x0200274a   0x00000036   Code   RO           87    .text.SysTick_Handler  systick.o
    0x02002780   0x02002780   0x0000008a   Code   RO         1330    .text.SystemCoreClockUpdate  bsp_clocks.o
    0x0200280a   0x0200280a   0x00000006   PAD
    0x02002810   0x02002810   0x0000020c   Code   RO         1313    .text.SystemInit    system.o
    0x02002a1c   0x02002a1c   0x00000024   Code   RO          664    .text.TpFunc_HalfDuplex_Task  tp_can_drv.o
    0x02002a40   0x02002a40   0x00000072   Code   RO          658    .text.TpFunc_Init   tp_can_drv.o
    0x02002ab2   0x02002ab2   0x00000002   PAD
    0x02002ab4   0x02002ab4   0x000000c4   Code   RO          676    .text.TpFunc_Receiver_CF_PDU_Handle  tp_can_drv.o
    0x02002b78   0x02002b78   0x0000011a   Code   RO          674    .text.TpFunc_Receiver_FF_PDU_Handle  tp_can_drv.o
    0x02002c92   0x02002c92   0x00000002   PAD
    0x02002c94   0x02002c94   0x000000aa   Code   RO          672    .text.TpFunc_Receiver_SF_PDU_Handle  tp_can_drv.o
    0x02002d3e   0x02002d3e   0x00000002   PAD
    0x02002d40   0x02002d40   0x00000120   Code   RO          666    .text.TpFunc_Receiver_Task  tp_can_drv.o
    0x02002e60   0x02002e60   0x000000f4   Code   RO          660    .text.TpFunc_Recv_Handle  tp_can_drv.o
    0x02002f54   0x02002f54   0x00000084   Code   RO          662    .text.TpFunc_Send_Handle  tp_can_drv.o
    0x02002fd8   0x02002fd8   0x00000256   Code   RO          668    .text.TpFunc_Sender_Task  tp_can_drv.o
    0x0200322e   0x0200322e   0x00000016   Code   RO         1243    .text.UDS           uds.o
    0x02003244   0x02003244   0x0000000e   Code   RO         1241    .text.UDSInit       uds.o
    0x02003252   0x02003252   0x0000001c   Code   RO          749    .text.UdsFunc_Delay1ms_Handle  dcm_drv.o
    0x0200326e   0x0200326e   0x0000008c   Code   RO          739    .text.UdsFunc_Init  dcm_drv.o
    0x020032fa   0x020032fa   0x00000002   PAD
    0x020032fc   0x020032fc   0x0000013a   Code   RO          741    .text.UdsFunc_PDU_Analysis  dcm_drv.o
    0x02003436   0x02003436   0x00000002   PAD
    0x02003438   0x02003438   0x00000206   Code   RO          743    .text.UdsFunc_Receiver_Appl_Deal  dcm_drv.o
    0x0200363e   0x0200363e   0x00000084   Code   RO          745    .text.UdsFunc_Receiver_Response  dcm_drv.o
    0x020036c2   0x020036c2   0x00000012   Code   RO          747    .text.UdsFunc_Task  dcm_drv.o
    0x020036d4   0x020036d4   0x00000006   Code   RO         1365    .text.__aeabi_assert  bsp_common.o
    0x020036da   0x020036da   0x00000002   PAD
    0x020036dc   0x020036dc   0x0000039e   Code   RO         1257    .text.aes_enc_dec   aes_cbc_cmac.o
    0x02003a7a   0x02003a7a   0x00000006   PAD
    0x02003a80   0x02003a80   0x00000260   Code   RO         1340    .text.bsp_clock_init  bsp_clocks.o
    0x02003ce0   0x02003ce0   0x00000002   Code   RO         1361    .text.bsp_init_internal  bsp_common.o
    0x02003ce2   0x02003ce2   0x00000002   PAD
    0x02003ce4   0x02003ce4   0x00000028   Code   RO         1410    .text.bsp_irq_cfg   bsp_irq.o
    0x02003d0c   0x02003d0c   0x00000004   PAD
    0x02003d10   0x02003d10   0x00000008   Code   RO         1380    .text.bsp_prv_software_delay_loop  bsp_delay.o
    0x02003d18   0x02003d18   0x000000d8   Code   RO         1548    .text.bsp_vbatt_init  r_ioport.o
    0x02003df0   0x02003df0   0x00000096   Code   RO          135    .text.canfd1_callback  bsp_canfd1.o
    0x02003e86   0x02003e86   0x00000002   PAD
    0x02003e88   0x02003e88   0x00000104   Code   RO         1506    .text.canfd_channel_tx_isr  r_canfd.o
    0x02003f8c   0x02003f8c   0x000000c2   Code   RO         1508    .text.canfd_common_fifo_rx_isr  r_canfd.o
    0x0200404e   0x0200404e   0x00000002   PAD
    0x02004050   0x02004050   0x00000146   Code   RO         1502    .text.canfd_error_isr  r_canfd.o
    0x02004196   0x02004196   0x00000002   PAD
    0x02004198   0x02004198   0x00000104   Code   RO         1504    .text.canfd_rx_fifo_isr  r_canfd.o
    0x0200429c   0x0200429c   0x0000002c   Code   RO           60    .text.debug_uart9_callback  bsp_debug_uart.o
    0x020042c8   0x020042c8   0x00000032   Code   RO           62    .text.fputc         bsp_debug_uart.o
    0x020042fa   0x020042fa   0x00000002   PAD
    0x020042fc   0x020042fc   0x00000130   Code   RO         1286    .text.hal_entry     hal_entry.o
    0x0200442c   0x0200442c   0x00000046   Code   RO           73    .text.hal_systick_init  systick.o
    0x02004472   0x02004472   0x0000000a   Code   RO         1637    .text.main          main.o
    0x0200447c   0x0200447c   0x000000b8   Code   RO         1500    .text.r_canfd_mb_read  r_canfd.o
    0x02004534   0x02004534   0x000000de   Code   RO         1498    .text.r_canfd_mode_transition  r_canfd.o
    0x02004612   0x02004612   0x00000002   PAD
    0x02004614   0x02004614   0x000000c0   Code   RO         1546    .text.r_ioport_pins_config  r_ioport.o
    0x020046d4   0x020046d4   0x00000040   Code   RO         1581    .text.r_sci_b_uart_call_callback  r_sci_b_uart.o
    0x02004714   0x02004714   0x00000086   Code   RO         1587    .text.sci_b_uart_eri_isr  r_sci_b_uart.o
    0x0200479a   0x0200479a   0x00000088   Code   RO         1583    .text.sci_b_uart_rxi_isr  r_sci_b_uart.o
    0x02004822   0x02004822   0x00000050   Code   RO         1585    .text.sci_b_uart_tei_isr  r_sci_b_uart.o
    0x02004872   0x02004872   0x0000008a   Code   RO         1579    .text.sci_b_uart_txi_isr  r_sci_b_uart.o
    0x020048fc   0x020048fc   0x00000020   Code   RO         1882    i.__0printf$8       mc_w.l(printf8.o)
    0x0200491c   0x0200491c   0x00000410   Code   RO         1889    i._printf_core      mc_w.l(printf8.o)
    0x02004d2c   0x02004d2c   0x00000024   Code   RO         1890    i._printf_post_padding  mc_w.l(printf8.o)
    0x02004d50   0x02004d50   0x0000002e   Code   RO         1891    i._printf_pre_padding  mc_w.l(printf8.o)
    0x02004d7e   0x02004d7e   0x00000002   PAD
    0x02004d80   0x02004d80   0x00000024   Code   RO         1661    i.puts              mc_w.l(puts.o)
    0x02004da4   0x02004da4   0x00000001   Data   RO          733    .rodata.OBD_DTC_LEN  dtc_mat.o
    0x02004da5   0x02004da5   0x00000003   PAD
    0x02004da8   0x02004da8   0x000000fc   Data   RO          732    .rodata.OBD_DtcConfigTbl  dtc_mat.o
    0x02004ea4   0x02004ea4   0x0000000a   Data   RO         1277    .rodata.Rcon        aes_cbc_cmac.o
    0x02004eae   0x02004eae   0x00000002   PAD
    0x02004eb0   0x02004eb0   0x000000e0   Data   RO          762    .rodata.Uds_Cfg_Info  dcm_drvcfg.o
    0x02004f90   0x02004f90   0x00000040   Data   RO         1082    .rodata.Uds_SID_CC  sid28_communicationcontrolcfg.o
    0x02004fd0   0x02004fd0   0x00000008   Data   RO          888    .rodata.Uds_SID_CDTCI  sid14_cleardiagnosticinformationcfg.o
    0x02004fd8   0x02004fd8   0x00000020   Data   RO         1216    .rodata.Uds_SID_CDTCS  sid85_controldtcsettingcfg.o
    0x02004ff8   0x02004ff8   0x00000028   Data   RO          837    .rodata.Uds_SID_DSC  sid10_diagnosticsessioncontrolcfg.o
    0x02005020   0x02005020   0x00000018   Data   RO          865    .rodata.Uds_SID_ER  sid11_ecuresetcfg.o
    0x02005038   0x02005038   0x00000028   Data   RO         1112    .rodata.Uds_SID_RC  sid31_routinecontrolcfg.o
    0x02005060   0x02005060   0x00000158   Data   RO         1025    .rodata.Uds_SID_RDBI  sid22_readdatabyldentifiercfg.o
    0x020051b8   0x020051b8   0x00000028   Data   RO          917    .rodata.Uds_SID_RDTCI  sid19_readdtcinformationcfg.o
    0x020051e0   0x020051e0   0x00000030   Data   RO         1051    .rodata.Uds_SID_SA  sid27_securityaccesscfg.o
    0x02005210   0x02005210   0x00000008   Data   RO          808    .rodata.Uds_SID_TP  sid3e_testerprsentcfg.o
    0x02005218   0x02005218   0x0000000c   Data   RO          785    .rodata.Uds_SID_WDBI  sid2e_writedatabyldentifiercfg.o
    0x02005224   0x02005224   0x00000008   Data   RO         1426    .rodata.cst8        bsp_register_protection.o
    0x0200522c   0x0200522c   0x0000000c   Data   RO         1647    .rodata.g_bsp_pin_cfg  pin_data.o
    0x02005238   0x02005238   0x00000030   Data   RO         1646    .rodata.g_bsp_pin_cfg_data  pin_data.o
    0x02005268   0x02005268   0x00000024   Data   RO         1623    .rodata.g_canfd1_cfg  hal_data.o
    0x0200528c   0x0200528c   0x00000180   Data   RO         1654    .rodata.g_interrupt_event_link_select  vector_data.o
    0x0200540c   0x0200540c   0x00000044   Data   RO         1628    .rodata.g_uart9_cfg  hal_data.o
    0x02005450   0x02005450   0x00000028   Data   RO         1627    .rodata.g_uart9_cfg_extend  hal_data.o
    0x02005478   0x02005478   0x00000004   Data   RO         1472    .rodata.gp_start_of_nonsecure_callable_flash  bsp_security.o
    0x0200547c   0x0200547c   0x00000004   Data   RO         1475    .rodata.gp_start_of_nonsecure_callable_ram  bsp_security.o
    0x02005480   0x02005480   0x00000004   Data   RO         1477    .rodata.gp_start_of_nonsecure_data_flash  bsp_security.o
    0x02005484   0x02005484   0x00000004   Data   RO         1469    .rodata.gp_start_of_nonsecure_dtcm  bsp_security.o
    0x02005488   0x02005488   0x00000004   Data   RO         1471    .rodata.gp_start_of_nonsecure_flash  bsp_security.o
    0x0200548c   0x0200548c   0x00000004   Data   RO         1467    .rodata.gp_start_of_nonsecure_itcm  bsp_security.o
    0x02005490   0x02005490   0x00000004   Data   RO         1474    .rodata.gp_start_of_nonsecure_ram  bsp_security.o
    0x02005494   0x02005494   0x00000004   Data   RO         1478    .rodata.gp_start_of_secure_data_flash  bsp_security.o
    0x02005498   0x02005498   0x00000004   Data   RO         1470    .rodata.gp_start_of_secure_dtcm  bsp_security.o
    0x0200549c   0x0200549c   0x00000004   Data   RO         1473    .rodata.gp_start_of_secure_flash  bsp_security.o
    0x020054a0   0x020054a0   0x00000004   Data   RO         1468    .rodata.gp_start_of_secure_itcm  bsp_security.o
    0x020054a4   0x020054a4   0x00000004   Data   RO         1476    .rodata.gp_start_of_secure_ram  bsp_security.o
    0x020054a8   0x020054a8   0x00000100   Data   RO          148    .rodata.p_canfd1_afl  bsp_canfd1.o
    0x020055a8   0x020055a8   0x00000100   Data   RO         1276    .rodata.rsbox       aes_cbc_cmac.o
    0x020056a8   0x020056a8   0x00000100   Data   RO         1275    .rodata.sbox        aes_cbc_cmac.o
    0x020057a8   0x020057a8   0x00000026   Data   RO          147    .rodata.str1.1      bsp_canfd1.o
    0x020057ce   0x020057ce   0x00000013   Data   RO         1114    .rodata.str1.1      sid31_routinecontrolcfg.o
    0x020057e1   0x020057e1   0x00000036   Data   RO         1140    .rodata.str1.1      sid34_requestdownloadcfg.o
    0x02005817   0x02005817   0x00000001   PAD
    0x02005818   0x02005818   0x00000004   Data   RO         1367    .version            bsp_common.o
    0x0200581c   0x0200581c   0x00000006   Data   RO         1368    .version            bsp_common.o
    0x02005822   0x02005822   0x00000044   Data   RO         1369    .version            bsp_common.o


    Execution Region __tz_DTCM_S (Exec base: 0x20000000, Load base: 0x020058e0, Size: 0x00000000, Max: 0x00000000, ABSOLUTE)

    Exec Addr    Load Addr    Size         Type   Attr      Idx    E Section Name        Object

    0x20000000        -       0x00000000   Zero   RW           12    __tz_DTCM_S.bss     anon$$obj.o


    Execution Region DTCM_DATA (Exec base: 0x20000000, Load base: 0x020058e0, Size: 0x00000000, Max: 0x00010000, ABSOLUTE)

    **** No section assigned to this execution region ****


    Execution Region DTCM_PAD (Exec base: 0x20000000, Load base: 0x020058e0, Size: 0x00000000, Max: 0x00000000, ABSOLUTE)

    Exec Addr    Load Addr    Size         Type   Attr      Idx    E Section Name        Object

    0x20000000        -       0x00000000   Zero   RW           13    DTCM_PAD.bss        anon$$obj.o


    Execution Region DTCM_BSS (Exec base: 0x20000000, Load base: 0x020058e0, Size: 0x00000000, Max: 0x00010000, ABSOLUTE, UNINIT)

    **** No section assigned to this execution region ****


    Execution Region DTCM_BSS_PAD (Exec base: 0x20000000, Load base: 0x020058e0, Size: 0x00000000, Max: 0x00000000, ABSOLUTE)

    Exec Addr    Load Addr    Size         Type   Attr      Idx    E Section Name        Object

    0x20000000        -       0x00000000   Zero   RW           14    DTCM_BSS_PAD.bss    anon$$obj.o


    Execution Region __tz_DTCM_N (Exec base: 0x20000000, Load base: 0x020058e0, Size: 0x00000000, Max: 0x00000000, ABSOLUTE)

    Exec Addr    Load Addr    Size         Type   Attr      Idx    E Section Name        Object

    0x20000000        -       0x00000000   Zero   RW           15    __tz_DTCM_N.bss     anon$$obj.o


    Execution Region __tz_RAM_S (Exec base: 0x22000000, Load base: 0x02005868, Size: 0x00000000, Max: 0x00000000, ABSOLUTE)

    Exec Addr    Load Addr    Size         Type   Attr      Idx    E Section Name        Object

    0x22000000        -       0x00000000   Zero   RW            2    __tz_RAM_S.bss      anon$$obj.o


    Execution Region DTC_VECTOR_TABLE (Exec base: 0x22000000, Load base: 0x02005868, Size: 0x00000000, Max: 0x000e0000, ABSOLUTE, UNINIT)

    **** No section assigned to this execution region ****


    Execution Region DATA (Exec base: 0x22000000, Load base: 0x02005868, Size: 0x00000068, Max: 0xffffffff, ABSOLUTE)

    Exec Addr    Load Addr    Size         Type   Attr      Idx    E Section Name        Object

    0x22000000   0x02005868   0x00000004   Data   RW         1936    .data               mc_w.l(stdout.o)
    0x22000004   0x0200586c   0x00000010   Data   RW         1619    .data.g_canfd1_bit_timing_cfg  hal_data.o
    0x22000014   0x0200587c   0x00000010   Data   RW         1620    .data.g_canfd1_data_timing_cfg  hal_data.o
    0x22000024   0x0200588c   0x00000004   PAD
    0x22000028   0x02005890   0x00000020   Data   RW         1622    .data.g_canfd1_extended_cfg  hal_data.o
    0x22000048   0x020058b0   0x0000001c   Data   RW         1621    .data.g_canfd1_global_cfg  hal_data.o
    0x22000064   0x020058cc   0x00000004   Data   RW         1626    .data.g_uart9_baud_setting  hal_data.o


    Execution Region BSS (Exec base: 0x22000068, Load base: 0x020058d0, Size: 0x00002528, Max: 0xffffffff, ABSOLUTE)

    Exec Addr    Load Addr    Size         Type   Attr      Idx    E Section Name        Object

    0x22000068        -       0x00000004   Zero   RW          723    .bss.DETFUN_BattVolHi_d  detfun.o
    0x2200006c        -       0x0000001a   Zero   RW          731    .bss.DTC_BattVolHi  dtc_mat.o
    0x22000086        -       0x00000006   Zero   RW          686    .bss.N_USData_Confirm  tp_can_drv.o
    0x2200008c        -       0x0000000c   Zero   RW          694    .bss.N_USData_FF_Indication  tp_can_drv.o
    0x22000098        -       0x00000014   Zero   RW          679    .bss.N_USData_Indication  tp_can_drv.o
    0x220000ac        -       0x00000010   Zero   RW          681    .bss.N_USData_Request  tp_can_drv.o
    0x220000bc        -       0x00000014   Zero   RW          689    .bss.Pdu_Uds_Response  tp_can_drv.o
    0x220000d0        -       0x00000056   Zero   RW          930    .bss.SID_RDBI_DID_Buf  sid22_readdatabyldentifier.o
    0x22000126   0x020058d0   0x00000002   PAD
    0x22000128        -       0x00000004   Zero   RW         1317    .bss.SystemCoreClock  system.o
    0x2200012c        -       0x00000004   Zero   RW          690    .bss.Tp_CAN_DL      tp_can_drv.o
    0x22000130        -       0x00000001   Zero   RW          691    .bss.Tp_Frame_AddrType  tp_can_drv.o
    0x22000131   0x020058d0   0x00000003   PAD
    0x22000134        -       0x00000004   Zero   RW          692    .bss.Tp_RX_DL       tp_can_drv.o
    0x22000138        -       0x0000004c   Zero   RW          684    .bss.Tp_Receiver    tp_can_drv.o
    0x22000184        -       0x00000040   Zero   RW          688    .bss.Tp_Rx_Buf      tp_can_drv.o
    0x220001c4        -       0x00000fff   Zero   RW          678    .bss.Tp_Rx_Buf_From_Drv  tp_can_drv.o
    0x220011c3   0x020058d0   0x00000001   PAD
    0x220011c4        -       0x00000004   Zero   RW          687    .bss.Tp_Rx_CAN_ID   tp_can_drv.o
    0x220011c8        -       0x00000001   Zero   RW          682    .bss.Tp_Rx_NewData_Valid  tp_can_drv.o
    0x220011c9   0x020058d0   0x00000003   PAD
    0x220011cc        -       0x00000050   Zero   RW          685    .bss.Tp_Sender      tp_can_drv.o
    0x2200121c        -       0x00000fff   Zero   RW          680    .bss.Tp_Tx_Buf_To_Drv  tp_can_drv.o
    0x2200221b   0x020058d0   0x00000001   PAD
    0x2200221c        -       0x00000006   Zero   RW          753    .bss.Uds_Dcm_Info   dcm_drv.o
    0x22002222   0x020058d0   0x00000002   PAD
    0x22002224        -       0x00000014   Zero   RW          751    .bss.Uds_Indication  dcm_drv.o
    0x22002238        -       0x0000001c   Zero   RW          752    .bss.Uds_Response   dcm_drv.o
    0x22002254        -       0x00000008   Zero   RW         1065    .bss.Uds_SID_CC_Info  sid28_communicationcontrol.o
    0x2200225c        -       0x00000001   Zero   RW         1203    .bss.Uds_SID_CDTCS_Info  sid85_controldtcsetting.o
    0x2200225d        -       0x00000001   Zero   RW          822    .bss.Uds_SID_DSC_Info  sid10_diagnosticsessioncontrol.o
    0x2200225e        -       0x00000001   Zero   RW          850    .bss.Uds_SID_ER_Info  sid11_ecureset.o
    0x2200225f   0x020058d0   0x00000001   PAD
    0x22002260        -       0x0000000c   Zero   RW         1113    .bss.Uds_SID_RC_Info  sid31_routinecontrolcfg.o
    0x2200226c        -       0x00000008   Zero   RW         1038    .bss.Uds_SID_SA_Info  sid27_securityaccess.o
    0x22002274        -       0x00000001   Zero   RW          797    .bss.Uds_SID_TP_Info  sid3e_testerprsent.o
    0x22002275   0x020058d0   0x00000003   PAD
    0x22002278        -       0x00000010   Zero   RW         1052    .bss.Uds_Seed       sid27_securityaccesscfg.o
    0x22002288        -       0x00000001   Zero   RW          764    .bss.b_DownLoad_FlashDrv_Flag  dcm_drvcfg.o
    0x22002289   0x020058d0   0x00000003   PAD
    0x2200228c        -       0x00000004   Zero   RW          152    .bss.canfd1_err_status  bsp_canfd1.o
    0x22002290        -       0x00000001   Zero   RW          151    .bss.canfd1_err_status_flag  bsp_canfd1.o
    0x22002291        -       0x00000001   Zero   RW          150    .bss.canfd1_rx_complete_flag  bsp_canfd1.o
    0x22002292   0x020058d0   0x00000002   PAD
    0x22002294        -       0x00000054   Zero   RW          153    .bss.canfd1_rx_frame  bsp_canfd1.o
    0x220022e8        -       0x00000001   Zero   RW          149    .bss.canfd1_tx_complete_flag  bsp_canfd1.o
    0x220022e9   0x020058d0   0x00000003   PAD
    0x220022ec        -       0x00000054   Zero   RW          154    .bss.canfd1_tx_frame  bsp_canfd1.o
    0x22002340        -       0x00000001   Zero   RW           91    .bss.g_1ms_Falg     systick.o
    0x22002341   0x020058d0   0x00000003   PAD
    0x22002344        -       0x00000004   Zero   RW           90    .bss.g_20ms         systick.o
    0x22002348        -       0x00000040   Zero   RW         1394    .bss.g_bsp_group_irq_sources  bsp_group_irq.o
    0x22002388        -       0x00000020   Zero   RW         1624    .bss.g_canfd1_ctrl  hal_data.o
    0x220023a8        -       0x00000008   Zero   RW         1602    .bss.g_ioport_ctrl  common_data.o
    0x220023b0        -       0x00000008   Zero   RW         1425    .bss.g_protect_counters  bsp_register_protection.o
    0x220023b8        -       0x00000004   Zero   RW         1404    .bss.g_protect_pfswe_counter  bsp_io.o
    0x220023bc        -       0x00000004   Zero   RW           89    .bss.g_tick_count   systick.o
    0x220023c0        -       0x00000030   Zero   RW         1629    .bss.g_uart9_ctrl   hal_data.o
    0x220023f0        -       0x00000008   Zero   RW         1511    .bss.gp_ctrl        r_canfd.o
    0x220023f8        -       0x00000180   Zero   RW         1413    .bss.gp_renesas_isr_context  bsp_irq.o
    0x22002578        -       0x00000004   Zero   RW         1137    .bss.st_Uds_SID_RD_Info  sid34_requestdownloadcfg.o
    0x2200257c        -       0x00000008   Zero   RW         1167    .bss.st_Uds_SID_TD_Info  sid36_transferdatacfg.o
    0x22002584        -       0x00000004   Zero   RW         1138    .bss.u32_ReqDownloadMemAddr  sid34_requestdownloadcfg.o
    0x22002588        -       0x00000004   Zero   RW         1139    .bss.u32_ReqDownloadMemSize  sid34_requestdownloadcfg.o
    0x2200258c        -       0x00000001   Zero   RW          683    .bss.u8_Tp_Task_Dir_FSM  tp_can_drv.o
    0x2200258d        -       0x00000001   Zero   RW           64    .bss.uart_send_complete_flag  bsp_debug_uart.o
    0x2200258e        -       0x00000001   Zero   RW         1169    .bss.ui8_LastBlockSequenceCounter  sid36_transferdatacfg.o
    0x2200258f        -       0x00000001   Zero   RW         1168    .bss.ui8_NewBlockSequenceCounter  sid36_transferdatacfg.o


    Execution Region NOINIT (Exec base: 0x22002590, Load base: 0x020058d0, Size: 0x0000002c, Max: 0xffffffff, ABSOLUTE, UNINIT)

    Exec Addr    Load Addr    Size         Type   Attr      Idx    E Section Name        Object

    0x22002590        -       0x0000002c   Zero   RW         1352    .bss.noinit         bsp_clocks.o


    Execution Region NOCACHE (Exec base: 0x220025c0, Load base: 0x020058e0, Size: 0x00000000, Max: 0xffffffff, ABSOLUTE, UNINIT)

    **** No section assigned to this execution region ****


    Execution Region NOCACHE_PAD (Exec base: 0x220025c0, Load base: 0x020058e0, Size: 0x00000000, Max: 0x00000000, ABSOLUTE)

    Exec Addr    Load Addr    Size         Type   Attr      Idx    E Section Name        Object

    0x220025c0        -       0x00000000   Zero   RW            3    NOCACHE_PAD.bss     anon$$obj.o


    Execution Region ARM_LIB_HEAP (Exec base: 0x220025c0, Load base: 0x020058e0, Size: 0x00004000, Max: 0xffffffff, ABSOLUTE, UNINIT)

    Exec Addr    Load Addr    Size         Type   Attr      Idx    E Section Name        Object

    0x220025c0        -       0x00004000   Zero   RW         1305    .bss.heap           startup.o


    Execution Region ARM_LIB_STACK (Exec base: 0x220065c0, Load base: 0x020058e0, Size: 0x00000000, Max: 0x00000000, ABSOLUTE, UNINIT)

    Exec Addr    Load Addr    Size         Type   Attr      Idx    E Section Name        Object

    0x220065c0        -       0x00000000   Zero   RW            4    ARM_LIB_STACK.bss   anon$$obj.o


    Execution Region STACK (Exec base: 0x220065c0, Load base: 0x020058e0, Size: 0x00004000, Max: 0xffffffff, ABSOLUTE, UNINIT)

    Exec Addr    Load Addr    Size         Type   Attr      Idx    E Section Name        Object

    0x220065c0        -       0x00004000   Zero   RW         1303    .bss.stack          startup.o


    Execution Region RAM_END (Exec base: 0x2200a5c0, Load base: 0x020058e0, Size: 0x00000004, Max: 0x00000004, ABSOLUTE)

    Exec Addr    Load Addr    Size         Type   Attr      Idx    E Section Name        Object

    0x2200a5c0        -       0x00000004   Zero   RW            5    RAM_END.bss         anon$$obj.o


    Execution Region __RAM_NSC_START (Exec base: 0x220e0000, Load base: 0x020058e0, Size: 0x00000000, Max: 0x00000000, ABSOLUTE)

    Exec Addr    Load Addr    Size         Type   Attr      Idx    E Section Name        Object

    0x220e0000        -       0x00000000   Zero   RW            6    __RAM_NSC_START.bss  anon$$obj.o


    Execution Region __tz_RAM_N (Exec base: 0x220e0000, Load base: 0x020058e0, Size: 0x00000000, Max: 0x00000000, ABSOLUTE)

    Exec Addr    Load Addr    Size         Type   Attr      Idx    E Section Name        Object

    0x220e0000        -       0x00000000   Zero   RW            7    __tz_RAM_N.bss      anon$$obj.o


    Execution Region RAM_LIMIT (Exec base: 0x220e0000, Load base: 0x020058e0, Size: 0x00000004, Max: 0x00000004, ABSOLUTE)

    Exec Addr    Load Addr    Size         Type   Attr      Idx    E Section Name        Object

    0x220e0000        -       0x00000004   Zero   RW            8    RAM_LIMIT.bss       anon$$obj.o


    Execution Region OSPI_DEVICE_0_NO_LOAD (Exec base: 0x80000000, Load base: 0x020058e0, Size: 0x00000000, Max: 0xffffffff, ABSOLUTE, UNINIT)

    **** No section assigned to this execution region ****


    Execution Region OSPI_DEVICE_1_NO_LOAD (Exec base: 0x90000000, Load base: 0x020058e0, Size: 0x00000000, Max: 0xffffffff, ABSOLUTE, UNINIT)

    **** No section assigned to this execution region ****



  Load Region LOAD_REGION_NSC_FLASH (Base: 0x02010000, Size: 0x00000000, Max: 0xffffffff, ABSOLUTE)

    Execution Region __FLASH_NSC_START (Exec base: 0x02010000, Load base: 0x02010000, Size: 0x00000000, Max: 0x00000000, ABSOLUTE)

    Exec Addr    Load Addr    Size         Type   Attr      Idx    E Section Name        Object

    0x02010000        -       0x00000000   Zero   RW           16    __FLASH_NSC_START.bss  anon$$obj.o


    Execution Region EXEC_NSCR (Exec base: 0x02010000, Load base: 0x02010000, Size: 0x00000000, Max: 0xffffffff, ABSOLUTE, FIXED)

    **** No section assigned to this execution region ****


    Execution Region __tz_FLASH_N (Exec base: 0x02010000, Load base: 0x02010000, Size: 0x00000000, Max: 0x00000000, ABSOLUTE)

    Exec Addr    Load Addr    Size         Type   Attr      Idx    E Section Name        Object

    0x02010000        -       0x00000000   Zero   RW           17    __tz_FLASH_N.bss    anon$$obj.o



  Load Region LOAD_REGION_ID_CODE (Base: 0x00000000, Size: 0x00000000, Max: 0x00000004, ABSOLUTE)

    Execution Region __tz_ID_CODE_S (Exec base: 0x00000000, Load base: 0x00000000, Size: 0x00000000, Max: 0x00000000, ABSOLUTE)

    Exec Addr    Load Addr    Size         Type   Attr      Idx    E Section Name        Object

    0x00000000        -       0x00000000   Zero   RW           18    __tz_ID_CODE_S.bss  anon$$obj.o


    Execution Region __tz_ID_CODE_N (Exec base: 0x00000000, Load base: 0x00000000, Size: 0x00000000, Max: 0x00000000, ABSOLUTE)

    Exec Addr    Load Addr    Size         Type   Attr      Idx    E Section Name        Object

    0x00000000        -       0x00000000   Zero   RW           19    __tz_ID_CODE_N.bss  anon$$obj.o



  Load Region LOAD_REGION_OPTION_SETTING (Base: 0x0300a100, Size: 0x00000080, Max: 0x00000100, ABSOLUTE)

    Execution Region __tz_OPTION_SETTING_S (Exec base: 0x0300a100, Load base: 0x0300a100, Size: 0x00000000, Max: 0x00000000, ABSOLUTE)

    Exec Addr    Load Addr    Size         Type   Attr      Idx    E Section Name        Object

    0x0300a100        -       0x00000000   Zero   RW           20    __tz_OPTION_SETTING_S.bss  anon$$obj.o


    Execution Region OFS0 (Exec base: 0x0300a100, Load base: 0x0300a100, Size: 0x00000004, Max: 0xffffffff, ABSOLUTE, FIXED)

    Exec Addr    Load Addr    Size         Type   Attr      Idx    E Section Name        Object

    0x0300a100   0x0300a100   0x00000004   Data   RO         1435    .option_setting_ofs0  bsp_rom_registers.o


    Execution Region UNUSED_0 (Exec base: 0x0300a104, Load base: 0x0300a104, Size: 0x00000000, Max: 0x00000000, ABSOLUTE, FIXED)

    Exec Addr    Load Addr    Size         Type   Attr      Idx    E Section Name        Object

    0x0300a104        -       0x00000000   Zero   RW           21    UNUSED_0.bss        anon$$obj.o


    Execution Region OFS2 (Exec base: 0x0300a104, Load base: 0x0300a104, Size: 0x00000004, Max: 0xffffffff, ABSOLUTE, FIXED)

    Exec Addr    Load Addr    Size         Type   Attr      Idx    E Section Name        Object

    0x0300a104   0x0300a104   0x00000004   Data   RO         1436    .option_setting_ofs2  bsp_rom_registers.o


    Execution Region UNUSED_1 (Exec base: 0x0300a108, Load base: 0x0300a108, Size: 0x00000008, Max: 0x00000008, ABSOLUTE, FIXED)

    Exec Addr    Load Addr    Size         Type   Attr      Idx    E Section Name        Object

    0x0300a108        -       0x00000008   Zero   RW           22    UNUSED_1.bss        anon$$obj.o


    Execution Region DUALSEL (Exec base: 0x0300a110, Load base: 0x0300a110, Size: 0x00000004, Max: 0xffffffff, ABSOLUTE, FIXED)

    Exec Addr    Load Addr    Size         Type   Attr      Idx    E Section Name        Object

    0x0300a110   0x0300a110   0x00000004   Data   RO         1437    .option_setting_dualsel  bsp_rom_registers.o


    Execution Region UNUSED_2 (Exec base: 0x0300a114, Load base: 0x0300a114, Size: 0x00000020, Max: 0x00000020, ABSOLUTE, FIXED)

    Exec Addr    Load Addr    Size         Type   Attr      Idx    E Section Name        Object

    0x0300a114        -       0x00000020   Zero   RW           23    UNUSED_2.bss        anon$$obj.o


    Execution Region SAS (Exec base: 0x0300a134, Load base: 0x0300a134, Size: 0x00000004, Max: 0xffffffff, ABSOLUTE, FIXED)

    Exec Addr    Load Addr    Size         Type   Attr      Idx    E Section Name        Object

    0x0300a134   0x0300a134   0x00000004   Data   RO         1438    .option_setting_sas  bsp_rom_registers.o


    Execution Region UNUSED_3 (Exec base: 0x0300a138, Load base: 0x0300a138, Size: 0x00000048, Max: 0x00000048, ABSOLUTE, FIXED)

    Exec Addr    Load Addr    Size         Type   Attr      Idx    E Section Name        Object

    0x0300a138        -       0x00000048   Zero   RW           24    UNUSED_3.bss        anon$$obj.o


    Execution Region __tz_OPTION_SETTING_N (Exec base: 0x0300a180, Load base: 0x0300a180, Size: 0x00000000, Max: 0x00000000, ABSOLUTE)

    Exec Addr    Load Addr    Size         Type   Attr      Idx    E Section Name        Object

    0x0300a180        -       0x00000000   Zero   RW           25    __tz_OPTION_SETTING_N.bss  anon$$obj.o



  Load Region LOAD_REGION_OPTION_SETTING_S (Base: 0x0300a200, Size: 0x00000100, Max: 0x00000100, ABSOLUTE)

    Execution Region __tz_OPTION_SETTING_S_S (Exec base: 0x0300a200, Load base: 0x0300a200, Size: 0x00000000, Max: 0x00000000, ABSOLUTE)

    Exec Addr    Load Addr    Size         Type   Attr      Idx    E Section Name        Object

    0x0300a200        -       0x00000000   Zero   RW           26    __tz_OPTION_SETTING_S_S.bss  anon$$obj.o


    Execution Region OFS1_SEC (Exec base: 0x0300a200, Load base: 0x0300a200, Size: 0x00000004, Max: 0xffffffff, ABSOLUTE, FIXED)

    Exec Addr    Load Addr    Size         Type   Attr      Idx    E Section Name        Object

    0x0300a200   0x0300a200   0x00000004   Data   RO         1439    .option_setting_ofs1_sec  bsp_rom_registers.o


    Execution Region UNUSED_7 (Exec base: 0x0300a204, Load base: 0x0300a204, Size: 0x00000000, Max: 0x00000000, ABSOLUTE, FIXED)

    Exec Addr    Load Addr    Size         Type   Attr      Idx    E Section Name        Object

    0x0300a204        -       0x00000000   Zero   RW           27    UNUSED_7.bss        anon$$obj.o


    Execution Region OFS3_SEC (Exec base: 0x0300a204, Load base: 0x0300a204, Size: 0x00000000, Max: 0xffffffff, ABSOLUTE, FIXED)

    **** No section assigned to this execution region ****


    Execution Region UNUSED_8 (Exec base: 0x0300a204, Load base: 0x0300a204, Size: 0x0000000c, Max: 0x0000000c, ABSOLUTE, FIXED)

    Exec Addr    Load Addr    Size         Type   Attr      Idx    E Section Name        Object

    0x0300a204        -       0x0000000c   Zero   RW           28    UNUSED_8.bss        anon$$obj.o


    Execution Region BANKSEL_SEC (Exec base: 0x0300a210, Load base: 0x0300a210, Size: 0x00000004, Max: 0xffffffff, ABSOLUTE, FIXED)

    Exec Addr    Load Addr    Size         Type   Attr      Idx    E Section Name        Object

    0x0300a210   0x0300a210   0x00000004   Data   RO         1440    .option_setting_banksel_sec  bsp_rom_registers.o


    Execution Region UNUSED_9 (Exec base: 0x0300a214, Load base: 0x0300a214, Size: 0x0000002c, Max: 0x0000002c, ABSOLUTE, FIXED)

    Exec Addr    Load Addr    Size         Type   Attr      Idx    E Section Name        Object

    0x0300a214        -       0x0000002c   Zero   RW           29    UNUSED_9.bss        anon$$obj.o


    Execution Region BPS_SEC (Exec base: 0x0300a240, Load base: 0x0300a240, Size: 0x00000010, Max: 0xffffffff, ABSOLUTE, FIXED)

    Exec Addr    Load Addr    Size         Type   Attr      Idx    E Section Name        Object

    0x0300a240   0x0300a240   0x00000004   Data   RO         1441    .option_setting_bps_sec0  bsp_rom_registers.o
    0x0300a244   0x0300a244   0x00000004   Data   RO         1442    .option_setting_bps_sec1  bsp_rom_registers.o
    0x0300a248   0x0300a248   0x00000004   Data   RO         1443    .option_setting_bps_sec2  bsp_rom_registers.o
    0x0300a24c   0x0300a24c   0x00000004   Data   RO         1444    .option_setting_bps_sec3  bsp_rom_registers.o


    Execution Region UNUSED_10 (Exec base: 0x0300a250, Load base: 0x0300a250, Size: 0x00000010, Max: 0x00000010, ABSOLUTE, FIXED)

    Exec Addr    Load Addr    Size         Type   Attr      Idx    E Section Name        Object

    0x0300a250        -       0x00000010   Zero   RW           30    UNUSED_10.bss       anon$$obj.o


    Execution Region PBPS_SEC (Exec base: 0x0300a260, Load base: 0x0300a260, Size: 0x00000010, Max: 0xffffffff, ABSOLUTE, FIXED)

    Exec Addr    Load Addr    Size         Type   Attr      Idx    E Section Name        Object

    0x0300a260   0x0300a260   0x00000004   Data   RO         1445    .option_setting_pbps_sec0  bsp_rom_registers.o
    0x0300a264   0x0300a264   0x00000004   Data   RO         1446    .option_setting_pbps_sec1  bsp_rom_registers.o
    0x0300a268   0x0300a268   0x00000004   Data   RO         1447    .option_setting_pbps_sec2  bsp_rom_registers.o
    0x0300a26c   0x0300a26c   0x00000004   Data   RO         1448    .option_setting_pbps_sec3  bsp_rom_registers.o


    Execution Region UNUSED_11 (Exec base: 0x0300a270, Load base: 0x0300a270, Size: 0x00000010, Max: 0x00000010, ABSOLUTE, FIXED)

    Exec Addr    Load Addr    Size         Type   Attr      Idx    E Section Name        Object

    0x0300a270        -       0x00000010   Zero   RW           31    UNUSED_11.bss       anon$$obj.o


    Execution Region OFS1_SEL (Exec base: 0x0300a280, Load base: 0x0300a280, Size: 0x00000004, Max: 0xffffffff, ABSOLUTE, FIXED)

    Exec Addr    Load Addr    Size         Type   Attr      Idx    E Section Name        Object

    0x0300a280   0x0300a280   0x00000004   Data   RO         1449    .option_setting_ofs1_sel  bsp_rom_registers.o


    Execution Region UNUSED_12 (Exec base: 0x0300a284, Load base: 0x0300a284, Size: 0x00000000, Max: 0x00000000, ABSOLUTE, FIXED)

    Exec Addr    Load Addr    Size         Type   Attr      Idx    E Section Name        Object

    0x0300a284        -       0x00000000   Zero   RW           32    UNUSED_12.bss       anon$$obj.o


    Execution Region OFS3_SEL (Exec base: 0x0300a284, Load base: 0x0300a284, Size: 0x00000000, Max: 0xffffffff, ABSOLUTE, FIXED)

    **** No section assigned to this execution region ****


    Execution Region UNUSED_13 (Exec base: 0x0300a284, Load base: 0x0300a284, Size: 0x0000000c, Max: 0x0000000c, ABSOLUTE, FIXED)

    Exec Addr    Load Addr    Size         Type   Attr      Idx    E Section Name        Object

    0x0300a284        -       0x0000000c   Zero   RW           33    UNUSED_13.bss       anon$$obj.o


    Execution Region BANKSEL_SEL (Exec base: 0x0300a290, Load base: 0x0300a290, Size: 0x00000004, Max: 0xffffffff, ABSOLUTE, FIXED)

    Exec Addr    Load Addr    Size         Type   Attr      Idx    E Section Name        Object

    0x0300a290   0x0300a290   0x00000004   Data   RO         1450    .option_setting_banksel_sel  bsp_rom_registers.o


    Execution Region UNUSED_14 (Exec base: 0x0300a294, Load base: 0x0300a294, Size: 0x0000002c, Max: 0x0000002c, ABSOLUTE, FIXED)

    Exec Addr    Load Addr    Size         Type   Attr      Idx    E Section Name        Object

    0x0300a294        -       0x0000002c   Zero   RW           34    UNUSED_14.bss       anon$$obj.o


    Execution Region BPS_SEL (Exec base: 0x0300a2c0, Load base: 0x0300a2c0, Size: 0x00000010, Max: 0xffffffff, ABSOLUTE, FIXED)

    Exec Addr    Load Addr    Size         Type   Attr      Idx    E Section Name        Object

    0x0300a2c0   0x0300a2c0   0x00000004   Data   RO         1451    .option_setting_bps_sel0  bsp_rom_registers.o
    0x0300a2c4   0x0300a2c4   0x00000004   Data   RO         1452    .option_setting_bps_sel1  bsp_rom_registers.o
    0x0300a2c8   0x0300a2c8   0x00000004   Data   RO         1453    .option_setting_bps_sel2  bsp_rom_registers.o
    0x0300a2cc   0x0300a2cc   0x00000004   Data   RO         1454    .option_setting_bps_sel3  bsp_rom_registers.o


    Execution Region UNUSED_15 (Exec base: 0x0300a2d0, Load base: 0x0300a2d0, Size: 0x00000030, Max: 0x00000030, ABSOLUTE, FIXED)

    Exec Addr    Load Addr    Size         Type   Attr      Idx    E Section Name        Object

    0x0300a2d0        -       0x00000030   Zero   RW           35    UNUSED_15.bss       anon$$obj.o


    Execution Region __tz_OPTION_SETTING_S_N (Exec base: 0x0300a300, Load base: 0x0300a300, Size: 0x00000000, Max: 0x00000000, ABSOLUTE)

    Exec Addr    Load Addr    Size         Type   Attr      Idx    E Section Name        Object

    0x0300a300        -       0x00000000   Zero   RW           36    __tz_OPTION_SETTING_S_N.bss  anon$$obj.o



  Load Region LOAD_REGION_OPTION_SETTING_DATA_FLASH_S (Base: 0x27030080, Size: 0x00000300, Max: 0x00000800, ABSOLUTE)

    Execution Region __tz_OPTION_SETTING_DATA_FLASH_S_S (Exec base: 0x27030080, Load base: 0x27030080, Size: 0x00000000, Max: 0x00000000, ABSOLUTE)

    Exec Addr    Load Addr    Size         Type   Attr      Idx    E Section Name        Object

    0x27030080        -       0x00000000   Zero   RW           37    __tz_OPTION_SETTING_DATA_FLASH_S_S.bss  anon$$obj.o


    Execution Region FSBLCTRL0 (Exec base: 0x27030080, Load base: 0x27030080, Size: 0x00000004, Max: 0xffffffff, ABSOLUTE, FIXED)

    Exec Addr    Load Addr    Size         Type   Attr      Idx    E Section Name        Object

    0x27030080   0x27030080   0x00000004   Data   RO         1455    .option_setting_data_flash_fsblctrl0  bsp_rom_registers.o


    Execution Region UNUSED_16 (Exec base: 0x27030084, Load base: 0x27030084, Size: 0x00000000, Max: 0x00000000, ABSOLUTE, FIXED)

    Exec Addr    Load Addr    Size         Type   Attr      Idx    E Section Name        Object

    0x27030084        -       0x00000000   Zero   RW           38    UNUSED_16.bss       anon$$obj.o


    Execution Region FSBLCTRL1 (Exec base: 0x27030084, Load base: 0x27030084, Size: 0x00000004, Max: 0xffffffff, ABSOLUTE, FIXED)

    Exec Addr    Load Addr    Size         Type   Attr      Idx    E Section Name        Object

    0x27030084   0x27030084   0x00000004   Data   RO         1456    .option_setting_data_flash_fsblctrl1  bsp_rom_registers.o


    Execution Region UNUSED_17 (Exec base: 0x27030088, Load base: 0x27030088, Size: 0x00000000, Max: 0x00000000, ABSOLUTE, FIXED)

    Exec Addr    Load Addr    Size         Type   Attr      Idx    E Section Name        Object

    0x27030088        -       0x00000000   Zero   RW           39    UNUSED_17.bss       anon$$obj.o


    Execution Region FSBLCTRL2 (Exec base: 0x27030088, Load base: 0x27030088, Size: 0x00000004, Max: 0xffffffff, ABSOLUTE, FIXED)

    Exec Addr    Load Addr    Size         Type   Attr      Idx    E Section Name        Object

    0x27030088   0x27030088   0x00000004   Data   RO         1457    .option_setting_data_flash_fsblctrl2  bsp_rom_registers.o


    Execution Region UNUSED_18 (Exec base: 0x2703008c, Load base: 0x2703008c, Size: 0x00000000, Max: 0x00000000, ABSOLUTE, FIXED)

    Exec Addr    Load Addr    Size         Type   Attr      Idx    E Section Name        Object

    0x2703008c        -       0x00000000   Zero   RW           40    UNUSED_18.bss       anon$$obj.o


    Execution Region SACC0 (Exec base: 0x2703008c, Load base: 0x2703008c, Size: 0x00000004, Max: 0xffffffff, ABSOLUTE, FIXED)

    Exec Addr    Load Addr    Size         Type   Attr      Idx    E Section Name        Object

    0x2703008c   0x2703008c   0x00000004   Data   RO         1458    .option_setting_data_flash_sacc0  bsp_rom_registers.o


    Execution Region UNUSED_19 (Exec base: 0x27030090, Load base: 0x27030090, Size: 0x00000000, Max: 0x00000000, ABSOLUTE, FIXED)

    Exec Addr    Load Addr    Size         Type   Attr      Idx    E Section Name        Object

    0x27030090        -       0x00000000   Zero   RW           41    UNUSED_19.bss       anon$$obj.o


    Execution Region SACC1 (Exec base: 0x27030090, Load base: 0x27030090, Size: 0x00000004, Max: 0xffffffff, ABSOLUTE, FIXED)

    Exec Addr    Load Addr    Size         Type   Attr      Idx    E Section Name        Object

    0x27030090   0x27030090   0x00000004   Data   RO         1459    .option_setting_data_flash_sacc1  bsp_rom_registers.o


    Execution Region UNUSED_20 (Exec base: 0x27030094, Load base: 0x27030094, Size: 0x00000000, Max: 0x00000000, ABSOLUTE, FIXED)

    Exec Addr    Load Addr    Size         Type   Attr      Idx    E Section Name        Object

    0x27030094        -       0x00000000   Zero   RW           42    UNUSED_20.bss       anon$$obj.o


    Execution Region SAMR (Exec base: 0x27030094, Load base: 0x27030094, Size: 0x00000004, Max: 0xffffffff, ABSOLUTE, FIXED)

    Exec Addr    Load Addr    Size         Type   Attr      Idx    E Section Name        Object

    0x27030094   0x27030094   0x00000004   Data   RO         1460    .option_setting_data_flash_samr  bsp_rom_registers.o


    Execution Region UNUSED_21 (Exec base: 0x27030098, Load base: 0x27030098, Size: 0x000002c8, Max: 0x000002c8, ABSOLUTE, FIXED)

    Exec Addr    Load Addr    Size         Type   Attr      Idx    E Section Name        Object

    0x27030098        -       0x000002c8   Zero   RW           43    UNUSED_21.bss       anon$$obj.o


    Execution Region HOEMRTPK (Exec base: 0x27030360, Load base: 0x27030360, Size: 0x00000000, Max: 0xffffffff, ABSOLUTE, FIXED)

    **** No section assigned to this execution region ****


    Execution Region UNUSED_22 (Exec base: 0x27030360, Load base: 0x27030360, Size: 0x00000020, Max: 0x00000020, ABSOLUTE, FIXED)

    Exec Addr    Load Addr    Size         Type   Attr      Idx    E Section Name        Object

    0x27030360        -       0x00000020   Zero   RW           44    UNUSED_22.bss       anon$$obj.o


    Execution Region __tz_OPTION_SETTING_DATA_FLASH_S_N (Exec base: 0x27030380, Load base: 0x27030380, Size: 0x00000000, Max: 0x00000000, ABSOLUTE)

    Exec Addr    Load Addr    Size         Type   Attr      Idx    E Section Name        Object

    0x27030380        -       0x00000000   Zero   RW           45    __tz_OPTION_SETTING_DATA_FLASH_S_N.bss  anon$$obj.o



  Load Region LOAD_REGION_DATA_FLASH (Base: 0x27000000, Size: 0x00000000, Max: 0x00003000, ABSOLUTE)

    Execution Region __tz_DATA_FLASH_S (Exec base: 0x27000000, Load base: 0x27000000, Size: 0x00000000, Max: 0x00000000, ABSOLUTE)

    Exec Addr    Load Addr    Size         Type   Attr      Idx    E Section Name        Object

    0x27000000        -       0x00000000   Zero   RW           46    __tz_DATA_FLASH_S.bss  anon$$obj.o


    Execution Region DATA_FLASH (Exec base: 0x27000000, Load base: 0x27000000, Size: 0x00000000, Max: 0xffffffff, ABSOLUTE)

    **** No section assigned to this execution region ****


    Execution Region __tz_DATA_FLASH_N (Exec base: 0x27000000, Load base: 0x27000000, Size: 0x00000000, Max: 0x00000000, ABSOLUTE)

    Exec Addr    Load Addr    Size         Type   Attr      Idx    E Section Name        Object

    0x27000000        -       0x00000000   Zero   RW           47    __tz_DATA_FLASH_N.bss  anon$$obj.o



  Load Region LOAD_REGION_QSPI_FLASH (Base: 0x60000000, Size: 0x00000000, Max: 0x00000000, ABSOLUTE)

    Execution Region __tz_QSPI_FLASH_S (Exec base: 0x60000000, Load base: 0x60000000, Size: 0x00000000, Max: 0x00000000, ABSOLUTE)

    Exec Addr    Load Addr    Size         Type   Attr      Idx    E Section Name        Object

    0x60000000        -       0x00000000   Zero   RW           48    __tz_QSPI_FLASH_S.bss  anon$$obj.o


    Execution Region QSPI_FLASH (Exec base: 0x60000000, Load base: 0x60000000, Size: 0x00000000, Max: 0xffffffff, ABSOLUTE, FIXED)

    **** No section assigned to this execution region ****


    Execution Region __tz_QSPI_FLASH_N (Exec base: 0x60000000, Load base: 0x60000000, Size: 0x00000000, Max: 0x00000000, ABSOLUTE)

    Exec Addr    Load Addr    Size         Type   Attr      Idx    E Section Name        Object

    0x60000000        -       0x00000000   Zero   RW           49    __tz_QSPI_FLASH_N.bss  anon$$obj.o



  Load Region LOAD_REGION_OSPI_DEVICE_0 (Base: 0x80000000, Size: 0x00000000, Max: 0x10000000, ABSOLUTE)

    Execution Region __tz_OSPI_DEVICE_0_S (Exec base: 0x80000000, Load base: 0x80000000, Size: 0x00000000, Max: 0x00000000, ABSOLUTE)

    Exec Addr    Load Addr    Size         Type   Attr      Idx    E Section Name        Object

    0x80000000        -       0x00000000   Zero   RW           50    __tz_OSPI_DEVICE_0_S.bss  anon$$obj.o


    Execution Region OSPI_DEVICE_0 (Exec base: 0x80000000, Load base: 0x80000000, Size: 0x00000000, Max: 0xffffffff, ABSOLUTE, FIXED)

    **** No section assigned to this execution region ****


    Execution Region __tz_OSPI_DEVICE_0_N (Exec base: 0x80000000, Load base: 0x80000000, Size: 0x00000000, Max: 0x00000000, ABSOLUTE)

    Exec Addr    Load Addr    Size         Type   Attr      Idx    E Section Name        Object

    0x80000000        -       0x00000000   Zero   RW           51    __tz_OSPI_DEVICE_0_N.bss  anon$$obj.o



  Load Region LOAD_REGION_OSPI_DEVICE_1 (Base: 0x90000000, Size: 0x00000000, Max: 0x10000000, ABSOLUTE)

    Execution Region __tz_OSPI_DEVICE_1_S (Exec base: 0x90000000, Load base: 0x90000000, Size: 0x00000000, Max: 0x00000000, ABSOLUTE)

    Exec Addr    Load Addr    Size         Type   Attr      Idx    E Section Name        Object

    0x90000000        -       0x00000000   Zero   RW           52    __tz_OSPI_DEVICE_1_S.bss  anon$$obj.o


    Execution Region OSPI_DEVICE_1 (Exec base: 0x90000000, Load base: 0x90000000, Size: 0x00000000, Max: 0xffffffff, ABSOLUTE, FIXED)

    **** No section assigned to this execution region ****


    Execution Region __tz_OSPI_DEVICE_1_N (Exec base: 0x90000000, Load base: 0x90000000, Size: 0x00000000, Max: 0x00000000, ABSOLUTE)

    Exec Addr    Load Addr    Size         Type   Attr      Idx    E Section Name        Object

    0x90000000        -       0x00000000   Zero   RW           53    __tz_OSPI_DEVICE_1_N.bss  anon$$obj.o



  Load Region LOAD_REGION_SDRAM (Base: 0x68000000, Size: 0x00000000, Max: 0x08000000, ABSOLUTE)

    Execution Region __tz_SDRAM_S (Exec base: 0x68000000, Load base: 0x68000000, Size: 0x00000000, Max: 0x00000000, ABSOLUTE)

    Exec Addr    Load Addr    Size         Type   Attr      Idx    E Section Name        Object

    0x68000000        -       0x00000000   Zero   RW           54    __tz_SDRAM_S.bss    anon$$obj.o


    Execution Region SDRAM (Exec base: 0x68000000, Load base: 0x68000000, Size: 0x00000000, Max: 0xffffffff, ABSOLUTE, FIXED)

    **** No section assigned to this execution region ****


    Execution Region NOCACHE_SDRAM (Exec base: 0x68000000, Load base: 0x68000000, Size: 0x00000000, Max: 0xffffffff, ABSOLUTE, UNINIT)

    **** No section assigned to this execution region ****


    Execution Region NOCACHE_SDRAM_PAD (Exec base: 0x68000000, Load base: 0x68000000, Size: 0x00000000, Max: 0x00000000, ABSOLUTE)

    Exec Addr    Load Addr    Size         Type   Attr      Idx    E Section Name        Object

    0x68000000        -       0x00000000   Zero   RW           55    NOCACHE_SDRAM_PAD.bss  anon$$obj.o


    Execution Region __tz_SDRAM_N (Exec base: 0x68000000, Load base: 0x68000000, Size: 0x00000000, Max: 0x00000000, ABSOLUTE)

    Exec Addr    Load Addr    Size         Type   Attr      Idx    E Section Name        Object

    0x68000000        -       0x00000000   Zero   RW           56    __tz_SDRAM_N.bss    anon$$obj.o


==============================================================================

Image component sizes


      Code (inc. data)   RO Data    RW Data    ZI Data      Debug   Object Name

        46          0          0          0          0       1656   ab_swap.o
      1538         48        522          0          0      10233   aes_cbc_cmac.o
       328          0        294          0        175      17434   bsp_canfd1.o
       874         32          0          0         44      47514   bsp_clocks.o
         8          0         78          0          0       9809   bsp_common.o
       178         48          0          0          1      11901   bsp_debug_uart.o
        86          0          0          0          0       1654   bsp_delay.o
        70          0          0          0         64      13326   bsp_group_irq.o
         0          0          0          0          4        466   bsp_io.o
        40          0          0          0        384      14328   bsp_irq.o
       154          0          8          0          8      34087   bsp_register_protection.o
         0          0        104          0          0       1370   bsp_rom_registers.o
         0          0         48          0          0        997   bsp_security.o
         0          0          0          0          8      17575   common_data.o
      1150         30          0          0         54       3165   dcm_drv.o
         0          0        224          0          1       1030   dcm_drvcfg.o
         4          0          0          0          4        687   detfun.o
         0          0        253          0         26       2484   dtc_mat.o
         0          0        144         96         80      46641   hal_data.o
       330        108          0          0          0      17100   hal_entry.o
        10          0          0          0          0        396   main.o
         0          0         60          0          0       7971   pin_data.o
      2464         16          0          0          8      53681   r_canfd.o
       430         12          0          0          0      68754   r_ioport.o
      1500          0          0          0          0      83998   r_sci_b_uart.o
       200          0          0          0          1       1836   sid10_diagnosticsessioncontrol.o
       264         48         40          0          0       1905   sid10_diagnosticsessioncontrolcfg.o
       174          0          0          0          1       1653   sid11_ecureset.o
        72          0         24          0          0       1357   sid11_ecuresetcfg.o
       154          0          0          0          0       1517   sid14_cleardiagnosticinformation.o
         4          0          8          0          0       1024   sid14_cleardiagnosticinformationcfg.o
       176          0          0          0          0       1547   sid19_readdtcinformation.o
       570          0         40          0          0       6091   sid19_readdtcinformationcfg.o
       290          0          0          0         86       2097   sid22_readdatabyldentifier.o
      1466        112        344          0          0      13014   sid22_readdatabyldentifiercfg.o
       176          0          0          0          8       1785   sid27_securityaccess.o
       240          0         48          0         16       1933   sid27_securityaccesscfg.o
       176          0          0          0          8       1760   sid28_communicationcontrol.o
       172          0         64          0          0       2186   sid28_communicationcontrolcfg.o
       190          0          0          0          0       1538   sid2e_writedatabyldentifier.o
        18          0         12          0          0       1142   sid2e_writedatabyldentifiercfg.o
       176          0          0          0          0       1541   sid31_routinecontrol.o
       500         48         59          0         12       3071   sid31_routinecontrolcfg.o
        18          0          0          0          0       1129   sid34_requestdownload.o
       396        116         54          0         12       1627   sid34_requestdownloadcfg.o
        18          0          0          0          0       1143   sid36_transferdata.o
         4          0          0          0         10       2005   sid36_transferdatacfg.o
        18          0          0          0          0       1167   sid37_requesttransferexit.o
        46          0          0          0          0        927   sid37_requesttransferexitcfg.o
       164          0          0          0          1       1620   sid3e_testerprsent.o
        18          0          8          0          0       1031   sid3e_testerprsentcfg.o
       174          0          0          0          1       1698   sid85_controldtcsetting.o
        60          0         32          0          0       1275   sid85_controldtcsettingcfg.o
        14          0         64          0      32768        915   startup.o
       524          0          0          0          4      41262   system.o
       124          0          0          0          9       5229   systick.o
      2060          0          0          0       8499       6719   tp_can_drv.o
        36          0          0          0          0        850   uds.o
         0          0        768          0          0      10790   vector_data.o

    ----------------------------------------------------------------------
     18004        622       3308        100      43380     594641   Object Totals
         0          0          0          0       1056          0   (incl. Generated)
       102          4          8          4         27          0   (incl. Padding)

    ----------------------------------------------------------------------

      Code (inc. data)   RO Data    RW Data    ZI Data      Debug   Library Member Name

        30          0          0          0          0         68   llshl.o
        32          0          0          0          0         68   llushr.o
        36          0          0          0          0         68   memcpya.o
        36          0          0          0          0        108   memseta.o
      1154         54          0          0          0        352   printf8.o
        36          6          0          0          0         80   puts.o
         0          0          0          4          0          0   stdout.o
        98          0          0          0          0         92   uldiv.o

    ----------------------------------------------------------------------
      1424         60          0          4          0        836   Library Totals
         2          0          0          0          0          0   (incl. Padding)

    ----------------------------------------------------------------------

      Code (inc. data)   RO Data    RW Data    ZI Data      Debug   Library Name

      1422         60          0          4          0        836   mc_w.l

    ----------------------------------------------------------------------
      1424         60          0          4          0        836   Library Totals

    ----------------------------------------------------------------------

==============================================================================


      Code (inc. data)   RO Data    RW Data    ZI Data      Debug   

     19428        682       3308        104      43380     594081   Grand Totals
     19428        682       3308        104      43380     594081   ELF Image Totals
     19428        682       3308        104          0          0   ROM Totals

==============================================================================

    Total RO  Size (Code + RO Data)                22736 (  22.20kB)
    Total RW  Size (RW Data + ZI Data)             43484 (  42.46kB)
    Total ROM Size (Code + RO Data + RW Data)      22840 (  22.30kB)

==============================================================================

